******************************************************************************
                  TI ARM Linker PC v15.12.1                    
******************************************************************************
>> Linked Mon Jul 06 10:26:40 2020

OUTPUT FILE NAME:   <wlan_station.out>
ENTRY POINT SYMBOL: "_c_int00"  address: 2000fa29


MEMORY CONFIGURATION

         name            origin    length      used     unused   attr    fill
----------------------  --------  ---------  --------  --------  ----  --------
  SRAM_CODE             20004000   00014000  0000fe1a  000041e6  RW X
  SRAM_DATA             20018000   00018000  0000ba69  0000c597  RW X


SEGMENT ALLOCATION MAP

run origin  load origin   length   init length attrs members
----------  ----------- ---------- ----------- ----- -------
20004000    20004000    0000fe24   0000fe24    r-x
  20004000    20004000    0000030c   0000030c    r-- .resetVecs
  20004310    20004310    0000d38a   0000d38a    r-x .text
  2001169c    2001169c    00002468   00002468    r-- .const
  20013b08    20013b08    0000031c   0000031c    r-- .cinit
20018000    20018000    00009a6c   00000000    rw-
  20018000    20018000    00009641   00000000    rw- .bss
  20021644    20021644    00000428   00000000    rw- .data
2002e000    2002e000    00002000   00000000    rw-
  2002e000    2002e000    00002000   00000000    rw- .stack


SECTION ALLOCATION MAP

 output                                  attributes/
section   page    origin      length       input sections
--------  ----  ----------  ----------   ----------------
.init_array 
*          0    20004000    00000000     UNINITIALIZED

.resetVecs 
*          0    20004000    0000030c     
                  20004000    0000030c     app_pem4.oem4 (.resetVecs)

.text      0    20004310    0000d38a     
                  20004310    000010fc     rtsv7M4_T_le_eabi.lib : _printfi.obj (.text)
                  2000540c    00000ecc     main.obj (.text)
                  200062d8    00000590     simplelink.a : driver.obj (.text:_SlDrvMsgRead)
                  20006868    00000544     ti_rtos.a : osi_tirtos.obj (.text)
                  20006dac    00000004     ti.targets.arm.rtsarm.aem4 : LoggerBuf.oem4 (.text:LoggerBuf_instanceStartup)
                  20006db0    00000430     sysbios.aem4 : BIOS.obj (.text:ti_sysbios_family_arm_m3_Hwi_excDumpRegs__I)
                  200071e0    00000394     gpio_if.obj (.text)
                  20007574    0000033c     ti.targets.arm.rtsarm.aem4 : System.oem4 (.text:xdc_runtime_System_doPrint__I)
                  200078b0    00000324     rtsv7M4_T_le_eabi.lib : trgdrv.obj (.text)
                  20007bd4    00000004     app_pem4.oem4 (.text:ti_sysbios_BIOS_RtsGateProxy_enter__E)
                  20007bd8    00000314     sysbios.aem4 : BIOS.obj (.text:ti_sysbios_knl_Semaphore_pend__E)
                  20007eec    00000280     uart_if.obj (.text)
                  2000816c    00000260     simplelink.a : wlan.obj (.text:sl_WlanConnect)
                  200083cc    00000004     app_pem4.oem4 (.text:ti_sysbios_BIOS_RtsGateProxy_leave__E)
                  200083d0    00000254     sysbios.aem4 : BIOS.obj (.text:ti_sysbios_heaps_HeapMem_free__E)
                  20008624    00000004     app_pem4.oem4 (.text:ti_sysbios_family_arm_m3_Hwi_delete)
                  20008628    00000240     sysbios.aem4 : BIOS.obj (.text:ti_sysbios_heaps_HeapMem_alloc__E)
                  20008868    0000022c                  : BIOS.obj (.text:ti_sysbios_knl_Task_Instance_finalize__E)
                  20008a94    00000004     app_pem4.oem4 (.text:ti_sysbios_family_arm_m3_TaskSupport_Module__startupDone__S)
                  20008a98    00000200     sysbios.aem4 : BIOS.obj (.text:ti_sysbios_knl_Task_sleep__E)
                  20008c98    000001fc     simplelink.a : driver.obj (.text:_SlDrvRxHdrRead)
                  20008e94    00000004     app_pem4.oem4 (.text:ti_sysbios_heaps_HeapMem_Module_GateProxy_enter__E)
                  20008e98    000001fc     sysbios.aem4 : BIOS.obj (.text:ti_sysbios_family_arm_m3_Hwi_excHandlerMax__I)
                  20009094    000001f4     rtsv7M4_T_le_eabi.lib : ull_div_t2.obj (.text)
                  20009288    000001d0     simplelink.a : driver.obj (.text:_SlDrvReleasePoolObj)
                  20009458    000001c8     sysbios.aem4 : BIOS.obj (.text:ti_sysbios_knl_Task_Instance_init__E)
                  20009620    000001b6     rtsv7M4_T_le_eabi.lib : fd_add_t2.obj (.text)
                  200097d6    00000002                           : i_div0.obj (.text)
                  200097d8    0000019c     simplelink.a : driver.obj (.text:_SlDrvMsgWrite)
                  20009974    00000004     app_pem4.oem4 (.text:ti_sysbios_heaps_HeapMem_Module_GateProxy_leave__E)
                  20009978    0000019c     sysbios.aem4 : BIOS.obj (.text:ti_sysbios_knl_Task_Module_startup__E)
                  20009b14    00000198     simplelink.a : netapp.obj (.text:sl_NetAppPingStart)
                  20009cac    00000190                  : driver.obj (.text:_SlDrvDriverCBInit)
                  20009e3c    00000190                  : driver.obj (.text:_SlDrvWaitForPoolObj)
                  20009fcc    00000178     driverlib.a : prcm.obj (.text:PRCMCC3200MCUInit)
                  2000a144    00000004     app_pem4.oem4 (.text:ti_sysbios_knl_Clock_TimerProxy_getMaxTicks__E)
                  2000a148    00000174     sysbios.aem4 : BIOS.obj (.text:ti_sysbios_family_arm_m3_Hwi_excBusFault__I)
                  2000a2bc    00000170     simplelink.a : driver.obj (.text:_SlFindAndSetActiveObj)
                  2000a42c    00000004     app_pem4.oem4 (.text:ti_sysbios_knl_Mailbox_delete)
                  2000a430    00000164     sysbios.aem4 : BIOS.obj (.text:ti_sysbios_family_arm_m3_Hwi_excUsageFault__I)
                  2000a594    00000004     app_pem4.oem4 (.text:ti_sysbios_knl_Queue_destruct)
                  2000a598    00000158     sysbios.aem4 : BIOS.obj (.text:ti_sysbios_knl_Mailbox_Instance_init__E)
                  2000a6f0    00000150     simplelink.a : cc_pal.obj (.text:spi_Open)
                  2000a840    00000148     sysbios.aem4 : BIOS.obj (.text:ti_sysbios_family_arm_m3_Hwi_dispatchC__I)
                  2000a988    00000148                  : BIOS.obj (.text:ti_sysbios_family_arm_m3_Hwi_excMemFault__I)
                  2000aad0    00000140                  : BIOS.obj (.text:ti_sysbios_knl_Semaphore_post__E)
                  2000ac10    0000013c                  : BIOS.obj (.text:ti_sysbios_heaps_HeapMem_Instance_init__E)
                  2000ad4c    00000136     rtsv7M4_T_le_eabi.lib : fd_div_t2.obj (.text)
                  2000ae82    00000006     driverlib.a : utils.obj (.text:UtilsDelay)
                  2000ae88    00000134     sysbios.aem4 : BIOS.obj (.text:ti_sysbios_knl_Clock_workFunc__E)
                  2000afbc    00000130     ti.targets.arm.rtsarm.aem4 : LoggerBuf.oem4 (.text:xdc_runtime_LoggerBuf_write8__E)
                  2000b0ec    0000012c     simplelink.a : netapp.obj (.text:sl_NetAppDnsGetHostByName)
                  2000b218    00000120                  : driver.obj (.text:_SlDrvMsgReadCmdCtx)
                  2000b338    00000120     ti.targets.arm.rtsarm.aem4 : Error.oem4 (.text:xdc_runtime_Error_policyDefault__E)
                  2000b458    0000011c     sysbios.aem4 : BIOS.obj (.text:ti_sysbios_knl_Swi_run__I)
                  2000b574    00000118     simplelink.a : driver.obj (.text:_SlDrvDriverCBDeinit)
                  2000b68c    00000104                  : netapp.obj (.text:_SlDrvNetAppEventHandler)
                  2000b790    00000104     ti.targets.arm.rtsarm.aem4 : Core-mem.oem4 (.text:xdc_runtime_Core_createObject__I)
                  2000b894    000000fc     rtsv7M4_T_le_eabi.lib : fd_mul_t2.obj (.text)
                  2000b990    000000fc     ti.targets.arm.rtsarm.aem4 : Startup.oem4 (.text:xdc_runtime_Startup_startMods__I)
                  2000ba8c    000000f8     app_pem4.oem4 (.text:xdc_runtime_System_printfExtend__I)
                  2000bb84    000000f0     driverlib.a : udma.obj (.text:uDMAChannelTransferSet)
                  2000bc74    000000e8     simplelink.a : driver.obj (.text:_SlAsyncEventGenericHandler)
                  2000bd5c    000000e4                  : device.obj (.text:sl_Stop)
                  2000be40    000000e0                  : device.obj (.text:sl_Start)
                  2000bf20    000000dc                  : driver.obj (.text:_SlDrvClassifyRxMsg)
                  2000bffc    000000dc                  : cc_pal.obj (.text:spi_Read)
                  2000c0d8    000000d4                  : driver.obj (.text:_SlDrvMsgReadSpawnCtx)
                  2000c1ac    000000d4     ti.targets.arm.rtsarm.aem4 : LoggerBuf.oem4 (.text:xdc_runtime_LoggerBuf_write4__E)
                  2000c280    000000d0     rtsv7M4_T_le_eabi.lib : s_scalbn.obj (.text)
                  2000c350    000000d0     sysbios.aem4 : m3_Hwi_asm.obj (.text:ti_sysbios_family_arm_m3_Hwi_dispatch__I)
                  2000c420    000000cc     simplelink.a : netapp.obj (.text:_sl_HandleAsync_DnsGetHostByService)
                  2000c4ec    00000004     app_pem4.oem4 (.text:ti_sysbios_knl_Semaphore_delete)
                  2000c4f0    000000cc     sysbios.aem4 : BIOS.obj (.text:ti_sysbios_knl_Task_schedule__I)
                  2000c5bc    000000cc     ti.targets.arm.rtsarm.aem4 : Core-smem.oem4 (.text:xdc_runtime_Core_constructObject__I)
                  2000c688    000000c8     simplelink.a : netapp.obj (.text:sl_NetAppMDNSRegisterUnregisterService)
                  2000c750    000000c4                  : driver.obj (.text:_SlRemoveFromList)
                  2000c814    00000004     app_pem4.oem4 (.text:ti_sysbios_knl_Semaphore_destruct)
                  2000c818    000000c4     sysbios.aem4 : BIOS.obj (.text:ti_sysbios_family_arm_m3_Hwi_Module_startup__E)
                  2000c8dc    000000c0     simplelink.a : driver.obj (.text:_SlDrvCmdOp)
                  2000c99c    00000004     app_pem4.oem4 (.text:ti_sysbios_knl_Task_delete)
                  2000c9a0    000000c0     sysbios.aem4 : BIOS.obj (.text:ti_sysbios_knl_Task_exit__E)
                  2000ca60    000000bc                  : BIOS.obj (.text:ti_sysbios_family_arm_m3_Hwi_excDebugMon__I)
                  2000cb1c    00000004     ti.targets.arm.rtsarm.aem4 : Error.oem4 (.text:xdc_runtime_Error_getSite__E)
                  2000cb20    000000bc     sysbios.aem4 : BIOS.obj (.text:ti_sysbios_family_arm_m3_Hwi_excHardFault__I)
                  2000cbdc    00000004     app_pem4.oem4 (.text:xdc_runtime_LoggerBuf_Module_GateProxy_enter__E)
                  2000cbe0    000000bc     sysbios.aem4 : BIOS.obj (.text:ti_sysbios_knl_Task_startCore__E)
                  2000cc9c    000000b4     simplelink.a : device.obj (.text:sl_DevGet)
                  2000cd50    000000b4     sysbios.aem4 : BIOS.obj (.text:ti_sysbios_gates_GateMutex_enter__E)
                  2000ce04    00000004     app_pem4.oem4 (.text:xdc_runtime_LoggerBuf_Module_GateProxy_leave__E)
                  2000ce08    000000b4     sysbios.aem4 : BIOS.obj (.text:ti_sysbios_knl_Task_checkStacks__E)
                  2000cebc    00000004     app_pem4.oem4 (.text:xdc_runtime_System_Module_GateProxy_enter__E)
                  2000cec0    000000b4     sysbios.aem4 : BIOS.obj (.text:ti_sysbios_knl_Task_yield__E)
                  2000cf74    00000004     app_pem4.oem4 (.text:xdc_runtime_System_Module_GateProxy_leave__E)
                  2000cf78    000000b0     sysbios.aem4 : BIOS.obj (.text:ti_sysbios_knl_Task_postInit__I)
                  2000d028    000000ac                  : BIOS.obj (.text:ti_sysbios_knl_Swi_post__E)
                  2000d0d4    000000a8     driverlib.a : interrupt.obj (.text:IntEnable)
                  2000d17c    00000004     ti.targets.arm.rtsarm.aem4 : System.oem4 (.text:xdc_runtime_System_aprintf_va__F)
                  2000d180    000000a8     sysbios.aem4 : BIOS.obj (.text:ti_sysbios_knl_Task_blockI__E)
                  2000d228    000000a0     driverlib.a : spi.obj (.text:SPIConfigSetExpClk)
                  2000d2c8    000000a0     simplelink.a : driver.obj (.text:_SlDriverHandleError)
                  2000d368    000000a0     auto_init.aem4 : auto_init.oem4 (.text)
                  2000d408    000000a0     sysbios.aem4 : BIOS.obj (.text:ti_sysbios_family_arm_m3_Hwi_Instance_init__E)
                  2000d4a8    0000009c     rtsv7M4_T_le_eabi.lib : memcpy_t2.obj (.text)
                  2000d544    00000004     ti.targets.arm.rtsarm.aem4 : System.oem4 (.text:xdc_runtime_System_printf_va__F)
                  2000d548    0000009c     sysbios.aem4 : BIOS.obj (.text:ti_sysbios_knl_Semaphore_Instance_init__E)
                  2000d5e4    0000009a     simplelink.a : device.obj (.text:_SlDrvDeviceEventHandler)
                  2000d67e    00000002     app_pem4.oem4 (.text:ti_sysbios_BIOS_nullFunc__I)
                  2000d680    0000009a     ti.targets.arm.rtsarm.aem4 : Text.oem4 (.text:xdc_runtime_Text_putSite__E)
                  2000d71a    00000006     rtsv7M4_T_le_eabi.lib : copy_decompress_rle.obj (.text:decompress:rle24)
                  2000d720    00000098     sysbios.aem4 : BIOS.obj (.text:ti_sysbios_knl_Mailbox_post__E)
                  2000d7b8    00000094     driverlib.a : prcm.obj (.text:PRCMPeripheralClockGet)
                  2000d84c    00000094     ti.targets.arm.rtsarm.aem4 : Text.oem4 (.text:xdc_runtime_Text_putMod__E)
                  2000d8e0    00000090     simplelink.a : netapp.obj (.text:_sl_HandleAsync_DnsGetHostByName)
                  2000d970    00000090                  : netapp.obj (.text:_sl_HandleAsync_PingResponse)
                  2000da00    00000090     sysbios.aem4 : BIOS.obj (.text:ti_sysbios_knl_Task_unblockI__E)
                  2000da90    0000008c     simplelink.a : cc_pal.obj (.text:SetupDMAReceive)
                  2000db1c    0000008c                  : cc_pal.obj (.text:SetupDMASend)
                  2000dba8    0000008c                  : cc_pal.obj (.text:spi_Write)
                  2000dc34    00000002     app_pem4.oem4 (.text:xdc_runtime_Startup_reset__I)
                  2000dc36    00000002     --HOLE-- [fill = 0]
                  2000dc38    0000008c     sysbios.aem4 : BIOS.obj (.text:ti_sysbios_knl_Mailbox_pend__E)
                  2000dcc4    00000088     driverlib.a : pin.obj (.text:PinConfigSet)
                  2000dd4c    00000088     rtsv7M4_T_le_eabi.lib : vsnprintf.obj (.text)
                  2000ddd4    00000004     --HOLE-- [fill = 0]
                  2000ddd8    00000088     sysbios.aem4 : BIOS.obj (.text:ti_sysbios_family_arm_m3_Hwi_initNVIC__E)
                  2000de60    00000088                  : BIOS.obj (.text:ti_sysbios_knl_Mailbox_Module_startup__E)
                  2000dee8    00000086     rtsv7M4_T_le_eabi.lib : fd_cmp_t2.obj (.text:__aeabi_cdcmple)
                  2000df6e    00000086                           : fd_cmp_t2.obj (.text:__aeabi_cdrcmple)
                  2000dff4    00000082     driverlib.a : gpio.obj (.text:GPIOIntTypeSet)
                  2000e076    00000002     --HOLE-- [fill = 0]
                  2000e078    00000080     simplelink.a : socket.obj (.text:_sl_HandleAsync_Connect)
                  2000e0f8    00000080                  : device.obj (.text:_sl_HandleAsync_InitComplete)
                  2000e178    00000080                  : cc_pal.obj (.text:spi_Read_CPU)
                  2000e1f8    00000080                  : cc_pal.obj (.text:spi_Write_CPU)
                  2000e278    00000080     ti.targets.arm.rtsarm.aem4 : LoggerBuf.oem4 (.text:xdc_runtime_LoggerBuf_setFilterLevel__E)
                  2000e2f8    0000007c     simplelink.a : netcfg.obj (.text:sl_NetCfgSet)
                  2000e374    0000007c                  : wlan.obj (.text:sl_WlanSet)
                  2000e3f0    0000007a     rtsv7M4_T_le_eabi.lib : memset_t2.obj (.text)
                  2000e46a    00000002     --HOLE-- [fill = 0]
                  2000e46c    00000078     simplelink.a : wlan.obj (.text:sl_WlanPolicySet)
                  2000e4e4    00000078                  : cc_pal.obj (.text:spi_Close)
                  2000e55c    00000076     driverlib.a : uart.obj (.text:UARTConfigSetExpClk)
                  2000e5d2    00000006     ti.targets.arm.rtsarm.aem4 : System.oem4 (.text:xdc_runtime_System_Module_startup__E)
                  2000e5d8    00000074     sysbios.aem4 : BIOS.obj (.text:ti_sysbios_family_arm_m3_Hwi_postInit__I)
                  2000e64c    00000004     --HOLE-- [fill = 0]
                  2000e650    00000070                  : BIOS.obj (.text:ti_sysbios_knl_Mailbox_Instance_finalize__E)
                  2000e6c0    00000070     ti.targets.arm.rtsarm.aem4 : Memory.oem4 (.text:xdc_runtime_Memory_alloc__E)
                  2000e730    0000006c     simplelink.a : driver.obj (.text:_SlDrvCmdSend)
                  2000e79c    0000006c                  : netapp.obj (.text:_sl_NetAppSendTokenValue)
                  2000e808    0000006c                  : wlan.obj (.text:sl_WlanRxFilterSet)
                  2000e874    0000006c     ti.targets.arm.rtsarm.aem4 : Error.oem4 (.text:xdc_runtime_Error_print__E)
                  2000e8e0    0000006c                                : LoggerBuf.oem4 (.text:xdc_runtime_LoggerBuf_getFilterLevel__E)
                  2000e94c    0000006a     rtsv7M4_T_le_eabi.lib : copy_decompress_rle.obj (.text)
                  2000e9b6    00000002     --HOLE-- [fill = 0]
                  2000e9b8    00000068                           : trgmsg.obj (.text)
                  2000ea20    00000066     ti.targets.arm.rtsarm.aem4 : Core-mem.oem4 (.text:xdc_runtime_Core_deleteObject__I)
                  2000ea86    00000002     --HOLE-- [fill = 0]
                  2000ea88    00000064     simplelink.a : socket.obj (.text:_sl_HandleAsync_Accept)
                  2000eaec    00000064     pinmux.obj (.text)
                  2000eb50    00000064     app_pem4.oem4 (.text:ti_sysbios_family_arm_m3_Hwi_create)
                  2000ebb4    00000004     --HOLE-- [fill = 0]
                  2000ebb8    00000064     sysbios.aem4 : BIOS.obj (.text:ti_sysbios_family_arm_m3_TimestampProvider_get64__E)
                  2000ec1c    00000064     app_pem4.oem4 (.text:ti_sysbios_knl_Mailbox_create)
                  2000ec80    00000064     driverlib.a : udma.obj (.text:uDMAChannelAttributeDisable)
                  2000ece4    00000064                 : udma.obj (.text:uDMAChannelAttributeEnable)
                  2000ed48    00000060     sysbios.aem4 : BIOS.obj (.text:ti_sysbios_knl_Clock_logTick__E)
                  2000eda8    00000060     ti.targets.arm.rtsarm.aem4 : System.oem4 (.text:xdc_runtime_System_formatNum__I)
                  2000ee08    0000005c     rtsv7M4_T_le_eabi.lib : s_frexp.obj (.text)
                  2000ee64    00000004     --HOLE-- [fill = 0]
                  2000ee68    0000005c     sysbios.aem4 : BIOS.obj (.text:ti_sysbios_knl_Swi_restoreHwi__E)
                  2000eec4    00000004     --HOLE-- [fill = 0]
                  2000eec8    0000005c                  : BIOS.obj (.text:ti_sysbios_knl_Swi_schedule__I)
                  2000ef24    0000005c     app_pem4.oem4 (.text:ti_sysbios_knl_Task_create)
                  2000ef80    0000005c     app_pem4.oem4 (.text:xdc_runtime_LoggerBuf_Object__create__S)
                  2000efdc    0000005b     ti.targets.arm.rtsarm.aem4 : Text.oem4 (.text:xdc_runtime_Text_putLab__E)
                  2000f037    00000001     --HOLE-- [fill = 0]
                  2000f038    00000058     driverlib.a : interrupt.obj (.text:IntPendClear)
                  2000f090    00000058                 : prcm.obj (.text:PRCMPeripheralReset)
                  2000f0e8    00000058     sysbios.aem4 : BIOS.obj (.text:ti_sysbios_family_arm_m3_Timer_setPeriod__E)
                  2000f140    00000056     rtsv7M4_T_le_eabi.lib : ltoa.obj (.text)
                  2000f196    00000002     --HOLE-- [fill = 0]
                  2000f198    00000054     simplelink.a : socket.obj (.text:_sl_HandleAsync_Select)
                  2000f1ec    00000054     rtsv7M4_T_le_eabi.lib : exit.obj (.text)
                  2000f240    00000054     sysbios.aem4 : BIOS.obj (.text:ti_sysbios_family_arm_m3_Timer_start__E)
                  2000f294    00000050     simplelink.a : driver.obj (.text:_SlDrvRxIrqHandler)
                  2000f2e4    00000050                  : device.obj (.text:_sl_HandleAsync_Stop)
                  2000f334    00000050     ti.targets.arm.rtsarm.aem4 : Startup.oem4 (.text:xdc_runtime_Startup_exec__E)
                  2000f384    00000050                                : Text.oem4 (.text:xdc_runtime_Text_visitRope2__I)
                  2000f3d4    0000004c     driverlib.a : spi.obj (.text:SPIIntEnable)
                  2000f420    0000004c     simplelink.a : driver.obj (.text:_SlDrvProtectAsyncRespSetting)
                  2000f46c    0000004c     rtsv7M4_T_le_eabi.lib : atoi.obj (.text)
                  2000f4b8    0000004c                           : cpy_tbl.obj (.text)
                  2000f504    0000004c     sysbios.aem4 : m3_TaskSupport_asm.obj (.text:ti_sysbios_family_arm_m3_TaskSupport_buildTaskStack)
                  2000f550    0000004c                  : BIOS.obj (.text:ti_sysbios_heaps_HeapMem_getStats__E)
                  2000f59c    00000004     --HOLE-- [fill = 0]
                  2000f5a0    0000004c                  : BIOS.obj (.text:ti_sysbios_knl_Swi_runLoop__I)
                  2000f5ec    00000004     --HOLE-- [fill = 0]
                  2000f5f0    0000004c                  : BIOS.obj (.text:ti_sysbios_knl_Task_allBlockedFunction__I)
                  2000f63c    0000004c     driverlib.a : udma.obj (.text:uDMAChannelAssign)
                  2000f688    00000048                 : spi.obj (.text:SPIIntClear)
                  2000f6d0    00000048     simplelink.a : driver.obj (.text:_SlDrvBasicCmd)
                  2000f718    00000048     rtsv7M4_T_le_eabi.lib : fd_toi_t2.obj (.text)
                  2000f760    00000048     simplelink.a : netapp.obj (.text:sl_NetAppMDNSUnRegisterService)
                  2000f7a8    00000048     sysbios.aem4 : BIOS.obj (.text:ti_sysbios_family_arm_m3_Hwi_disableInterrupt__E)
                  2000f7f0    00000048                  : BIOS.obj (.text:ti_sysbios_family_arm_m3_Hwi_enableInterrupt__E)
                  2000f838    00000048                  : BIOS.obj (.text:ti_sysbios_family_arm_m3_Hwi_excReserved__I)
                  2000f880    00000048                  : m3_Hwi_asm_switch.obj (.text:ti_sysbios_family_arm_m3_Hwi_initStacks__E)
                  2000f8c8    00000048                  : BIOS.obj (.text:ti_sysbios_family_arm_m3_Timer_initDevice__I)
                  2000f910    00000048     ti.targets.arm.rtsarm.aem4 : Assert.oem4 (.text:xdc_runtime_Assert_raise__I)
                  2000f958    00000046                                : Core-params.oem4 (.text:xdc_runtime_Core_assignParams__I)
                  2000f99e    00000002     --HOLE-- [fill = 0]
                  2000f9a0    00000044     driverlib.a : spi.obj (.text:SPIDmaMaskGet)
                  2000f9e4    00000044     simplelink.a : driver.obj (.text:_SlDrvHandleHttpServerEvents)
                  2000fa28    00000044     boot.aem4 : boot.oem4 (.text)
                  2000fa6c    00000044     simplelink.a : cc_pal.obj (.text:cc_SetupTransfer)
                  2000fab0    00000044                  : wlan.obj (.text:sl_WlanProfileDel)
                  2000faf4    00000044                  : wlan.obj (.text:sl_WlanSetMode)
                  2000fb38    00000044     sysbios.aem4 : BIOS.obj (.text:ti_sysbios_family_arm_m3_Hwi_getStackInfo__E)
                  2000fb7c    00000004     --HOLE-- [fill = 0]
                  2000fb80    00000044                  : BIOS.obj (.text:ti_sysbios_knl_Mailbox_postInit__I)
                  2000fbc4    00000044     ti.targets.arm.rtsarm.aem4 : Error.oem4 (.text:xdc_runtime_Error_setX__E)
                  2000fc08    00000044                                : LoggerBuf.oem4 (.text:xdc_runtime_LoggerBuf_filterOutEvent__I)
                  2000fc4c    00000044                                : SysMin.oem4 (.text:xdc_runtime_SysMin_flush__E)
                  2000fc90    00000040     driverlib.a : pin.obj (.text:PinModeSet)
                  2000fcd0    00000040     simplelink.a : driver.obj (.text:_SlDrvHandleNetAppEvents)
                  2000fd10    00000040                  : driver.obj (.text:_SlDrvHandleWlanEvents)
                  2000fd50    00000040                  : driver.obj (.text:_SlDrvSyncObjWaitTimeout)
                  2000fd90    00000040     rtsv7M4_T_le_eabi.lib : u_divt2.obj (.text)
                  2000fdd0    00000040     sysbios.aem4 : BIOS.obj (.text:ti_sysbios_family_arm_m3_Timer_Module_startup__E)
                  2000fe10    0000003e     app_pem4.oem4 (.text:realloc)
                  2000fe4e    0000003c     simplelink.a : netapp.obj (.text:CopyPingResultsToReport)
                  2000fe8a    00000002     --HOLE-- [fill = 0]
                  2000fe8c    0000003c     driverlib.a : prcm.obj (.text:PRCMPeripheralClkEnable)
                  2000fec8    0000003c     sysbios.aem4 : BIOS.obj (.text:ti_sysbios_family_arm_m3_Hwi_excSvCall__I)
                  2000ff04    00000004     --HOLE-- [fill = 0]
                  2000ff08    0000003c                  : BIOS.obj (.text:ti_sysbios_family_arm_m3_TaskSupport_start__E)
                  2000ff44    00000004     --HOLE-- [fill = 0]
                  2000ff48    0000003c                  : BIOS.obj (.text:ti_sysbios_heaps_HeapMem_init__I)
                  2000ff84    00000004     --HOLE-- [fill = 0]
                  2000ff88    0000003c                  : BIOS.obj (.text:ti_sysbios_knl_Swi_startup__E)
                  2000ffc4    0000003c     driverlib.a : udma.obj (.text:uDMAChannelControlSet)
                  20010000    0000003c     ti.targets.arm.rtsarm.aem4 : Text.oem4 (.text:xdc_runtime_Text_xprintf__I)
                  2001003c    0000003a                                : LoggerBuf.oem4 (.text:xdc_runtime_LoggerBuf_Instance_init__E)
                  20010076    00000002     --HOLE-- [fill = 0]
                  20010078    00000038     simplelink.a : cc_pal.obj (.text:NwpPowerOff)
                  200100b0    00000038     sysbios.aem4 : BIOS.obj (.text:ti_sysbios_family_arm_m3_Hwi_excNoIsr__I)
                  200100e8    00000038                  : BIOS.obj (.text:ti_sysbios_knl_Task_processVitalTaskFlag__I)
                  20010120    00000038     ti.targets.arm.rtsarm.aem4 : SysMin.oem4 (.text:xdc_runtime_SysMin_putch__E)
                  20010158    00000038                                : System.oem4 (.text:xdc_runtime_System_atexit__E)
                  20010190    00000036     driverlib.a : gpio.obj (.text:GPIODirModeSet)
                  200101c6    00000002     --HOLE-- [fill = 0]
                  200101c8    00000034                 : prcm.obj (.text:PRCMPeripheralStatusGet)
                  200101fc    00000034                 : spi.obj (.text:SPIFIFOLevelSet)
                  20010230    00000034     sysbios.aem4 : BIOS.obj (.text:ti_sysbios_family_arm_m3_Hwi_excNmi__I)
                  20010264    00000004     --HOLE-- [fill = 0]
                  20010268    00000034                  : BIOS.obj (.text:ti_sysbios_family_arm_m3_Timer_periodicStub__I)
                  2001029c    00000004     --HOLE-- [fill = 0]
                  200102a0    00000034                  : BIOS.obj (.text:ti_sysbios_hal_Hwi_checkStack)
                  200102d4    00000034     app_pem4.oem4 (.text:ti_sysbios_knl_Semaphore_create)
                  20010308    00000034     ti.targets.arm.rtsarm.aem4 : Core-label.oem4 (.text:xdc_runtime_Core_assignLabel__I)
                  2001033c    00000033                                : Text.oem4 (.text:xdc_runtime_Text_printVisFxn__I)
                  2001036f    00000001     --HOLE-- [fill = 0]
                  20010370    00000032     sysbios.aem4 : BIOS.obj (.text:ti_sysbios_hal_Hwi_initStack)
                  200103a2    00000006     --HOLE-- [fill = 0]
                  200103a8    00000032                  : BIOS.obj (.text:ti_sysbios_knl_Semaphore_pendTimeout__I)
                  200103da    00000030     driverlib.a : pin.obj (.text:PinTypeGPIO)
                  2001040a    00000002     --HOLE-- [fill = 0]
                  2001040c    00000030                 : uart.obj (.text:UARTDisable)
                  2001043c    00000030     app_pem4.oem4 (.text:ti_sysbios_BIOS_atExitFunc__I)
                  2001046c    00000030     app_pem4.oem4 (.text:ti_sysbios_gates_GateHwi_Object__create__S)
                  2001049c    00000030     app_pem4.oem4 (.text:ti_sysbios_gates_GateMutex_Object__create__S)
                  200104cc    00000030     app_pem4.oem4 (.text:ti_sysbios_heaps_HeapMem_Object__create__S)
                  200104fc    00000030     app_pem4.oem4 (.text:ti_sysbios_knl_Semaphore_construct)
                  2001052c    00000030     ti.targets.arm.rtsarm.aem4 : SysMin.oem4 (.text:xdc_runtime_SysMin_abort__E)
                  2001055c    00000030                                : System.oem4 (.text:xdc_runtime_System_processAtExit__E)
                  2001058c    0000002e     app_pem4.oem4 (.text:malloc)
                  200105ba    0000002e     rtsv7M4_T_le_eabi.lib : i_tofd_t2.obj (.text)
                  200105e8    0000002c     simplelink.a : cc_pal.obj (.text:DmaSpiSwIntHandler)
                  20010614    0000002c     driverlib.a : prcm.obj (.text:PRCMSysResetCauseGet)
                  20010640    0000002c     app_pem4.oem4 (.text:ti_sysbios_knl_Clock_doTick__I)
                  2001066c    0000002c     app_pem4.oem4 (.text:ti_sysbios_knl_Queue_construct)
                  20010698    0000002c     sysbios.aem4 : BIOS.obj (.text:ti_sysbios_knl_Task_restore__E)
                  200106c4    0000002c     ti.targets.arm.rtsarm.aem4 : Text.oem4 (.text:xdc_runtime_Text_cordText__E)
                  200106f0    0000002a                                : System.oem4 (.text:xdc_runtime_System_putchar__I)
                  2001071a    00000002     --HOLE-- [fill = 0]
                  2001071c    00000028     driverlib.a : prcm.obj (.text:PRCMPeripheralClkDisable)
                  20010744    00000028     simplelink.a : driver.obj (.text:_SlDrvObjGlobalLockWaitForever)
                  2001076c    00000028                  : driver.obj (.text:_SlDrvProtectionObjLockWaitForever)
                  20010794    00000004     --HOLE-- [fill = 0]
                  20010798    00000028     sysbios.aem4 : BIOS.obj (.text:ti_sysbios_family_arm_m3_Hwi_Instance_finalize__E)
                  200107c0    00000028                  : BIOS.obj (.text:ti_sysbios_knl_Swi_Module_startup__E)
                  200107e8    00000028     ti.targets.arm.rtsarm.aem4 : LoggerBuf.oem4 (.text:xdc_runtime_LoggerBuf_Module_startup__E)
                  20010810    00000026     simplelink.a : cc_pal.obj (.text:NwpRegisterInterruptHandler)
                  20010836    00000026     network_common.obj (.text)
                  2001085c    00000026     ti.targets.arm.rtsarm.aem4 : System.oem4 (.text:xdc_runtime_System_avprintf__E)
                  20010882    00000024     driverlib.a : uart.obj (.text:UARTEnable)
                  200108a6    00000002     --HOLE-- [fill = 0]
                  200108a8    00000024     simplelink.a : driver.obj (.text:_SlDrvGlobalObjUnLock)
                  200108cc    00000024                  : driver.obj (.text:_SlDrvProtectionObjUnLock)
                  200108f0    00000024                  : driver.obj (.text:_SlDrvSyncObjWaitForever)
                  20010914    00000024     rtsv7M4_T_le_eabi.lib : memmov.obj (.text)
                  20010938    00000024     app_pem4.oem4 (.text:ti_sysbios_BIOS_errorRaiseHook__I)
                  2001095c    00000024     app_pem4.oem4 (.text:ti_sysbios_BIOS_registerRTSLock__I)
                  20010980    00000024     app_pem4.oem4 (.text:ti_sysbios_BIOS_removeRTSLock__I)
                  200109a4    00000024     app_pem4.oem4 (.text:ti_sysbios_BIOS_startFunc__I)
                  200109c8    00000024     sysbios.aem4 : BIOS.obj (.text:ti_sysbios_family_arm_m3_Hwi_doTaskRestore__I)
                  200109ec    00000004     --HOLE-- [fill = 0]
                  200109f0    00000024                  : BIOS.obj (.text:ti_sysbios_family_arm_m3_Timer_startup__E)
                  20010a14    00000024     app_pem4.oem4 (.text:ti_sysbios_gates_GateMutex_Object__delete__S)
                  20010a38    00000024     sysbios.aem4 : BIOS.obj (.text:ti_sysbios_knl_Clock_Module_startup__E)
                  20010a5c    00000024     app_pem4.oem4 (.text:ti_sysbios_knl_Semaphore_Object__delete__S)
                  20010a80    00000024     ti.targets.arm.rtsarm.aem4 : System.oem4 (.text:xdc_runtime_System_vprintf__E)
                  20010aa4    00000022     driverlib.a : spi.obj (.text:SPIReset)
                  20010ac6    00000022                 : spi.obj (.text:SPIWordCountSet)
                  20010ae8    00000022     app_pem4.oem4 (.text:xdc_runtime_SysMin_output__I)
                  20010b0a    00000020     driverlib.a : gpio.obj (.text:GPIOPinWrite)
                  20010b2a    00000002     --HOLE-- [fill = 0]
                  20010b2c    00000020     simplelink.a : cc_pal.obj (.text:NwpPowerOn)
                  20010b4c    00000020                  : wlan.obj (.text:sl_WlanDisconnect)
                  20010b6c    00000020     app_pem4.oem4 (.text:ti_sysbios_BIOS_rtsLock__I)
                  20010b8c    00000020     app_pem4.oem4 (.text:ti_sysbios_family_arm_m3_Hwi_Object__delete__S)
                  20010bac    00000020     sysbios.aem4 : m3_Hwi_asm.obj (.text:ti_sysbios_family_arm_m3_Hwi_excHandlerAsm__I)
                  20010bcc    00000004     --HOLE-- [fill = 0]
                  20010bd0    00000020                  : BIOS.obj (.text:ti_sysbios_family_arm_m3_Hwi_excHandler__I)
                  20010bf0    00000020                  : BIOS.obj (.text:ti_sysbios_family_arm_m3_TimestampProvider_Module_startup__E)
                  20010c10    00000020     app_pem4.oem4 (.text:ti_sysbios_gates_GateHwi_Object__delete__S)
                  20010c30    00000020     app_pem4.oem4 (.text:ti_sysbios_heaps_HeapMem_Object__delete__S)
                  20010c50    00000020     sysbios.aem4 : BIOS.obj (.text:ti_sysbios_knl_Idle_run__E)
                  20010c70    00000020     app_pem4.oem4 (.text:ti_sysbios_knl_Mailbox_Object__delete__S)
                  20010c90    00000020     app_pem4.oem4 (.text:ti_sysbios_knl_Semaphore_Object__destruct__S)
                  20010cb0    00000020     app_pem4.oem4 (.text:ti_sysbios_knl_Task_Object__delete__S)
                  20010cd0    00000020     app_pem4.oem4 (.text:xdc_runtime_LoggerBuf_Object__delete__S)
                  20010cf0    00000020     ti.targets.arm.rtsarm.aem4 : LoggerBuf.oem4 (.text:xdc_runtime_LoggerBuf_reset__E)
                  20010d10    00000020                                : Registry.oem4 (.text:xdc_runtime_Registry_findById__E)
                  20010d30    00000020                                : SysMin.oem4 (.text:xdc_runtime_SysMin_Module_startup__E)
                  20010d50    0000001e     driverlib.a : uart.obj (.text:UARTCharPut)
                  20010d6e    0000001e     simplelink.a : driver.obj (.text:_SlDrvSyncObjSignal)
                  20010d8c    0000001e                  : cc_pal.obj (.text:cc_UDMAChannelSelect)
                  20010daa    0000001e     sysbios.aem4 : m3_Hwi_asm_switch.obj (.text:ti_sysbios_family_xxx_Hwi_switchAndRunFunc)
                  20010dc8    0000001c     driverlib.a : uart.obj (.text:UARTCharGetNonBlocking)
                  20010de4    0000001c     rtsv7M4_T_le_eabi.lib : memccpy.obj (.text)
                  20010e00    0000001c     sysbios.aem4 : BIOS.obj (.text:ti_sysbios_family_arm_m3_Hwi_setPriority__E)
                  20010e1c    00000004     --HOLE-- [fill = 0]
                  20010e20    0000001c                  : BIOS.obj (.text:ti_sysbios_gates_GateMutex_Instance_init__E)
                  20010e3c    0000001c     app_pem4.oem4 (.text:ti_sysbios_knl_Queue_Object__destruct__S)
                  20010e58    0000001c     sysbios.aem4 : BIOS.obj (.text:ti_sysbios_knl_Task_enter__I)
                  20010e74    0000001c     driverlib.a : udma.obj (.text:uDMAChannelEnable)
                  20010e90    0000001c     ti.targets.arm.rtsarm.aem4 : Error.oem4 (.text:xdc_runtime_Error_raiseX__E)
                  20010eac    0000001c                                : Memory.oem4 (.text:xdc_runtime_Memory_valloc__E)
                  20010ec8    0000001c                                : SysMin.oem4 (.text:xdc_runtime_SysMin_exit__E)
                  20010ee4    0000001c                                : System.oem4 (.text:xdc_runtime_System_abort__E)
                  20010f00    0000001a     driverlib.a : gpio.obj (.text:GPIOIntEnable)
                  20010f1a    0000001a                 : pin.obj (.text:PinTypeUART)
                  20010f34    0000001a                 : spi.obj (.text:SPIDmaDisable)
                  20010f4e    0000001a                 : spi.obj (.text:SPIDmaEnable)
                  20010f68    0000001a                 : spi.obj (.text:SPIFIFODisable)
                  20010f82    0000001a                 : spi.obj (.text:SPIFIFOEnable)
                  20010f9c    0000001a     app_pem4.oem4 (.text:ti_sysbios_family_arm_m3_Hwi_Handle__label__S)
                  20010fb6    0000001a     sysbios.aem4 : m3_Hwi_asm.obj (.text:ti_sysbios_family_arm_m3_Hwi_pendSV__I)
                  20010fd0    0000001a     app_pem4.oem4 (.text:ti_sysbios_gates_GateHwi_Handle__label__S)
                  20010fea    0000001a     app_pem4.oem4 (.text:ti_sysbios_gates_GateMutex_Handle__label__S)
                  20011004    0000001a     app_pem4.oem4 (.text:ti_sysbios_heaps_HeapMem_Handle__label__S)
                  2001101e    0000001a     app_pem4.oem4 (.text:ti_sysbios_knl_Swi_Handle__label__S)
                  20011038    0000001a     app_pem4.oem4 (.text:ti_sysbios_knl_Task_Handle__label__S)
                  20011052    00000006     --HOLE-- [fill = 0]
                  20011058    0000001a     sysbios.aem4 : BIOS.obj (.text:ti_sysbios_knl_Task_sleepTimeout__I)
                  20011072    0000001a     app_pem4.oem4 (.text:xdc_runtime_LoggerBuf_Handle__label__S)
                  2001108c    0000001a     app_pem4.oem4 (.text:xdc_runtime_System_aprintf__E)
                  200110a6    0000001a     app_pem4.oem4 (.text:xdc_runtime_System_printf__E)
                  200110c0    00000018     driverlib.a : gpio.obj (.text:GPIOPinRead)
                  200110d8    00000018                 : spi.obj (.text:SPICSDisable)
                  200110f0    00000018                 : spi.obj (.text:SPICSEnable)
                  20011108    00000018                 : spi.obj (.text:SPIDisable)
                  20011120    00000018                 : spi.obj (.text:SPIEnable)
                  20011138    00000018                 : uart.obj (.text:UARTCharsAvail)
                  20011150    00000018     simplelink.a : device.obj (.text:_sl_GetStartResponseConvert)
                  20011168    00000018     app_pem4.oem4 (.text:free)
                  20011180    00000018     rtsv7M4_T_le_eabi.lib : args_main.obj (.text)
                  20011198    00000018     app_pem4.oem4 (.text:ti_sysbios_BIOS_rtsUnlock__I)
                  200111b0    00000018     app_pem4.oem4 (.text:ti_sysbios_family_arm_m3_Hwi_Module__startupDone__F)
                  200111c8    00000018     app_pem4.oem4 (.text:ti_sysbios_family_arm_m3_Timer_Module__startupDone__F)
                  200111e0    00000018     sysbios.aem4 : BIOS.obj (.text:ti_sysbios_gates_GateMutex_leave__E)
                  200111f8    00000018     ti.targets.arm.rtsarm.aem4 : Error.oem4 (.text:xdc_runtime_Error_check__E)
                  20011210    00000018                                : System.oem4 (.text:xdc_runtime_System_exit__E)
                  20011228    00000018                                : Text.oem4 (.text:xdc_runtime_Text_ropeText__E)
                  20011240    00000016     driverlib.a : prcm.obj (.text:PRCMHIBRegRead)
                  20011256    00000016                 : prcm.obj (.text:PRCMHIBRegWrite)
                  2001126c    00000016     simplelink.a : driver.obj (.text:_SlDrvMemZero)
                  20011282    00000016     rtsv7M4_T_le_eabi.lib : strchr.obj (.text)
                  20011298    00000016     app_pem4.oem4 (.text:ti_sysbios_BIOS_exitFunc__I)
                  200112ae    00000014     driverlib.a : cpu.obj (.text:CPUcpsie)
                  200112c2    00000014                 : gpio.obj (.text:GPIOIntClear)
                  200112d6    00000002     --HOLE-- [fill = 0]
                  200112d8    00000014     rtsv7M4_T_le_eabi.lib : _lock.obj (.text)
                  200112ec    00000014                           : strcpy.obj (.text)
                  20011300    00000014                           : strlen.obj (.text)
                  20011314    00000014     app_pem4.oem4 (.text:ti_sysbios_family_arm_m3_Hwi_Object__get__S)
                  20011328    00000014     sysbios.aem4 : BIOS.obj (.text:ti_sysbios_family_arm_m3_Hwi_switchFromBootStack__E)
                  2001133c    00000014     app_pem4.oem4 (.text:ti_sysbios_heaps_HeapMem_Object__get__S)
                  20011350    00000014     app_pem4.oem4 (.text:ti_sysbios_knl_Swi_Object__get__S)
                  20011364    00000014     app_pem4.oem4 (.text:xdc_runtime_LoggerBuf_Object__get__S)
                  20011378    00000012     sysbios.aem4 : BIOS.obj (.text:ti_sysbios_hal_Hwi_Module_startup__E)
                  2001138a    00000006     --HOLE-- [fill = 0]
                  20011390    00000012                  : BIOS.obj (.text:ti_sysbios_hal_Timer_Module_startup__E)
                  200113a2    00000012     ti.targets.arm.rtsarm.aem4 : LoggerBuf.oem4 (.text:xdc_runtime_LoggerBuf_Instance_finalize__E)
                  200113b4    00000012                                : LoggerBuf.oem4 (.text:xdc_runtime_LoggerBuf_write1__E)
                  200113c6    00000012                                : LoggerBuf.oem4 (.text:xdc_runtime_LoggerBuf_write2__E)
                  200113d8    00000012     app_pem4.oem4 (.text:xdc_runtime_Startup_exec__I)
                  200113ea    00000010     simplelink.a : driver.obj (.text:_SlDrvDispatchHttpServerEvents)
                  200113fa    00000006     --HOLE-- [fill = 0]
                  20011400    00000010     sysbios.aem4 : BIOS.obj (.text:ti_sysbios_BIOS_setThreadType__E)
                  20011410    00000010                  : BIOS.obj (.text:ti_sysbios_BIOS_start__E)
                  20011420    00000010                  : BIOS.obj (.text:ti_sysbios_family_arm_m3_Hwi_getHandle__E)
                  20011430    00000010                  : m3_TaskSupport_asm.obj (.text:ti_sysbios_family_arm_m3_TaskSupport_glue)
                  20011440    00000010                  : m3_TaskSupport_asm.obj (.text:ti_sysbios_family_arm_m3_TaskSupport_swap__E)
                  20011450    00000010                  : BIOS.obj (.text:ti_sysbios_gates_GateMutex_Instance_finalize__E)
                  20011460    00000010     app_pem4.oem4 (.text:ti_sysbios_knl_Mailbox_Object__get__S)
                  20011470    00000010     sysbios.aem4 : BIOS.obj (.text:ti_sysbios_knl_Semaphore_Instance_finalize__E)
                  20011480    00000010                  : BIOS.obj (.text:ti_sysbios_knl_Swi_disable__E)
                  20011490    00000010     app_pem4.oem4 (.text:ti_sysbios_knl_Task_Object__get__S)
                  200114a0    00000010     sysbios.aem4 : BIOS.obj (.text:ti_sysbios_knl_Task_disable__E)
                  200114b0    00000010     ti.targets.arm.rtsarm.aem4 : Gate.oem4 (.text:xdc_runtime_Gate_leaveSystem__E)
                  200114c0    00000010                                : LoggerBuf.oem4 (.text:xdc_runtime_LoggerBuf_write0__E)
                  200114d0    00000010                                : Memory.oem4 (.text:xdc_runtime_Memory_free__E)
                  200114e0    00000010                                : SysMin.oem4 (.text:xdc_runtime_SysMin_ready__E)
                  200114f0    00000010                                : System.oem4 (.text:xdc_runtime_System_vsnprintf__E)
                  20011500    00000010     app_pem4.oem4 (.text:xdc_runtime_Text_visitRope__I)
                  20011510    0000000e     simplelink.a : driver.obj (.text:_SlDrvResetCmdExt)
                  2001151e    0000000e     rtsv7M4_T_le_eabi.lib : copy_decompress_none.obj (.text:decompress:none)
                  2001152c    00000004     --HOLE-- [fill = 0]
                  20011530    0000000e     sysbios.aem4 : BIOS.obj (.text:ti_sysbios_knl_Idle_loop__E)
                  2001153e    00000002     --HOLE-- [fill = 0]
                  20011540    0000000e                  : BIOS.obj (.text:ti_sysbios_knl_Queue_empty__E)
                  2001154e    00000002     --HOLE-- [fill = 0]
                  20011550    0000000c     simplelink.a : cc_pal.obj (.text:NwpMaskInterrupt)
                  2001155c    0000000c                  : cc_pal.obj (.text:NwpUnMaskInterrupt)
                  20011568    0000000c     app_pem4.oem4 (.text:ti_sysbios_family_arm_m3_Hwi_Params__init__S)
                  20011574    00000004     --HOLE-- [fill = 0]
                  20011578    0000000c     sysbios.aem4 : BIOS.obj (.text:ti_sysbios_family_arm_m3_Hwi_disableFxn__E)
                  20011584    00000004     --HOLE-- [fill = 0]
                  20011588    0000000c                  : BIOS.obj (.text:ti_sysbios_family_arm_m3_TaskSupport_checkStack__E)
                  20011594    00000004     --HOLE-- [fill = 0]
                  20011598    0000000c                  : BIOS.obj (.text:ti_sysbios_family_arm_m3_TaskSupport_getStackAlignment__E)
                  200115a4    00000004     --HOLE-- [fill = 0]
                  200115a8    0000000c                  : BIOS.obj (.text:ti_sysbios_gates_GateHwi_enter__E)
                  200115b4    0000000c     app_pem4.oem4 (.text:ti_sysbios_knl_Queue_Object__get__S)
                  200115c0    0000000c     app_pem4.oem4 (.text:ti_sysbios_knl_Semaphore_Params__init__S)
                  200115cc    0000000c     app_pem4.oem4 (.text:ti_sysbios_knl_Task_Params__init__S)
                  200115d8    0000000c     ti.targets.arm.rtsarm.aem4 : Error.oem4 (.text:xdc_runtime_Error_init__E)
                  200115e4    0000000c                                : Gate.oem4 (.text:xdc_runtime_Gate_enterSystem__E)
                  200115f0    0000000c                                : Memory.oem4 (.text:xdc_runtime_Memory_calloc__E)
                  200115fc    0000000c                                : Memory.oem4 (.text:xdc_runtime_Memory_getMaxDefaultTypeAlign__E)
                  20011608    0000000a     driverlib.a : interrupt.obj (.text:IntMasterEnable)
                  20011612    0000000a     app_pem4.oem4 (.text:xdc_runtime_IHeap_alloc)
                  2001161c    0000000a     app_pem4.oem4 (.text:xdc_runtime_IHeap_free)
                  20011626    0000000a     ti.targets.arm.rtsarm.aem4 : LoggerBuf.oem4 (.text:xdc_runtime_LoggerBuf_disable__E)
                  20011630    0000000a                                : LoggerBuf.oem4 (.text:xdc_runtime_LoggerBuf_enable__E)
                  2001163a    00000008     rtsv7M4_T_le_eabi.lib : s_copysign.obj (.text)
                  20011642    00000006     --HOLE-- [fill = 0]
                  20011648    00000008     sysbios.aem4 : BIOS.obj (.text:ti_sysbios_family_arm_m3_Hwi_doSwiRestore__I)
                  20011650    00000008                  : BIOS.obj (.text:ti_sysbios_family_arm_m3_Hwi_startup__E)
                  20011658    00000006                  : BIOS.obj (.text:ti_sysbios_family_arm_m3_Hwi_restoreFxn__E)
                  2001165e    00000002     --HOLE-- [fill = 0]
                  20011660    00000006                  : BIOS.obj (.text:ti_sysbios_gates_GateHwi_leave__E)
                  20011666    00000002     --HOLE-- [fill = 0]
                  20011668    00000006                  : BIOS.obj (.text:ti_sysbios_heaps_HeapMem_isBlocking__E)
                  2001166e    00000002     --HOLE-- [fill = 0]
                  20011670    00000006                  : BIOS.obj (.text:ti_sysbios_knl_Queue_Instance_init__E)
                  20011676    00000002     --HOLE-- [fill = 0]
                  20011678    00000004                  : BIOS.obj (.text:ti_sysbios_family_arm_m3_Timer_getMaxTicks__E)
                  2001167c    00000004     --HOLE-- [fill = 0]
                  20011680    00000004                  : BIOS.obj (.text:ti_sysbios_gates_GateHwi_query__E)
                  20011684    00000004     --HOLE-- [fill = 0]
                  20011688    00000004                  : BIOS.obj (.text:ti_sysbios_gates_GateMutex_query__E)
                  2001168c    00000004     --HOLE-- [fill = 0]
                  20011690    00000004                  : BIOS.obj (.text:ti_sysbios_knl_Task_startup__E)
                  20011694    00000004     --HOLE-- [fill = 0]
                  20011698    00000002                  : BIOS.obj (.text:ti_sysbios_gates_GateHwi_Instance_init__E)

.const     0    2001169c    00002468     
                  2001169c    0000178e     app_pem4.oem4 (.const:xdc_runtime_Text_charTab__A)
                  20012e2a    00000101     rtsv7M4_T_le_eabi.lib : ctype.obj (.const:.string:_ctypes_)
                  20012f2b    00000001     app_pem4.oem4 (.const:xdc_runtime_Error_policy__C)
                  20012f2c    00000100     driverlib.a : pin.obj (.const:g_ulPinToPadMap)
                  2001302c    000000b8     app_pem4.oem4 (.const:xdc_runtime_Text_nodeTab__A)
                  200130e4    000000a8     driverlib.a : prcm.obj (.const:PRCM_PeriphRegsList)
                  2001318c    00000080                 : interrupt.obj (.const)
                  2001320c    00000048     app_pem4.oem4 (.const:.string)
                  20013254    0000003c     simplelink.a : driver.obj (.const:OpcodeTranslateTable)
                  20013290    0000003c                  : wlan.obj (.const)
                  200132cc    0000003c     app_pem4.oem4 (.const:ti_sysbios_knl_Task_Object__PARAMS__C)
                  20013308    0000003c     app_pem4.oem4 (.const:xdc_runtime_LoggerBuf_Module__FXNS__C)
                  20013344    00000038     simplelink.a : driver.obj (.const:_SlActionLookupTable)
                  2001337c    00000038                  : driver.obj (.const)
                  200133b4    00000034     app_pem4.oem4 (.const:ti_sysbios_knl_Mailbox_Object__PARAMS__C)
                  200133e8    00000030     app_pem4.oem4 (.const:ti_sysbios_family_arm_m3_Hwi_Object__PARAMS__C)
                  20013418    00000030     app_pem4.oem4 (.const:xdc_runtime_Startup_sfxnTab__A)
                  20013448    0000002c     main.obj (.const:$P$T1$2)
                  20013474    00000028     simplelink.a : netapp.obj (.const)
                  2001349c    00000028     app_pem4.oem4 (.const:ti_sysbios_heaps_HeapMem_Module__FXNS__C)
                  200134c4    00000024     app_pem4.oem4 (.const:ti_sysbios_gates_GateHwi_Module__FXNS__C)
                  200134e8    00000024     app_pem4.oem4 (.const:ti_sysbios_gates_GateMutex_Module__FXNS__C)
                  2001350c    00000024     app_pem4.oem4 (.const:ti_sysbios_heaps_HeapMem_Object__PARAMS__C)
                  20013530    00000024     app_pem4.oem4 (.const:ti_sysbios_knl_Semaphore_Object__PARAMS__C)
                  20013554    00000024     app_pem4.oem4 (.const:xdc_runtime_LoggerBuf_Object__PARAMS__C)
                  20013578    00000022     main.obj (.const:.string:$P$T0$1)
                  2001359a    00000002     app_pem4.oem4 (.const:ti_sysbios_family_arm_m3_Hwi_Module__id__C)
                  2001359c    00000020     main.obj (.const:$P$T4$5)
                  200135bc    00000020     main.obj (.const:$P$T7$8)
                  200135dc    00000020     app_pem4.oem4 (.const:ti_sysbios_family_arm_m3_Hwi_Object__DESC__C)
                  200135fc    00000020     app_pem4.oem4 (.const:ti_sysbios_gates_GateHwi_Object__DESC__C)
                  2001361c    00000020     app_pem4.oem4 (.const:ti_sysbios_gates_GateMutex_Object__DESC__C)
                  2001363c    00000020     app_pem4.oem4 (.const:ti_sysbios_heaps_HeapMem_Object__DESC__C)
                  2001365c    00000020     app_pem4.oem4 (.const:ti_sysbios_knl_Mailbox_Object__DESC__C)
                  2001367c    00000020     app_pem4.oem4 (.const:ti_sysbios_knl_Queue_Object__DESC__C)
                  2001369c    00000020     app_pem4.oem4 (.const:ti_sysbios_knl_Semaphore_Object__DESC__C)
                  200136bc    00000020     app_pem4.oem4 (.const:ti_sysbios_knl_Task_Object__DESC__C)
                  200136dc    00000020     app_pem4.oem4 (.const:xdc_runtime_LoggerBuf_Object__DESC__C)
                  200136fc    0000001c     simplelink.a : device.obj (.const)
                  20013718    00000018     main.obj (.const:.string:$P$T6$7)
                  20013730    00000018     driverlib.a : spi.obj (.const)
                  20013748    00000018     app_pem4.oem4 (.const:ti_sysbios_gates_GateHwi_Object__PARAMS__C)
                  20013760    00000018     app_pem4.oem4 (.const:ti_sysbios_gates_GateMutex_Object__PARAMS__C)
                  20013778    00000018     app_pem4.oem4 (.const:ti_sysbios_knl_Queue_Object__PARAMS__C)
                  20013790    00000018     app_pem4.oem4 (.const:xdc_runtime_Startup_sfxnRts__A)
                  200137a8    00000014     main.obj (.const:$P$T2$3)
                  200137bc    00000014     main.obj (.const:$P$T5$6)
                  200137d0    00000014     main.obj (.const:$P$T8$9)
                  200137e4    00000013     main.obj (.const:.string:$P$T3$4)
                  200137f7    00000011     ti.targets.arm.rtsarm.aem4 : System.oem4 (.const:.string)
                  20013808    0000000c     main.obj (.const:$P$T10$11)
                  20013814    0000000c     main.obj (.const:.string:$P$T9$10)
                  20013820    0000000c     app_pem4.oem4 (.const:xdc_runtime_Startup_firstFxns__A)
                  2001382c    00000008     simplelink.a : netcfg.obj (.const)
                  20013834    00000008     app_pem4.oem4 (.const:ti_sysbios_family_arm_m3_Hwi_excHookFuncs__A)
                  2001383c    00000008     app_pem4.oem4 (.const:ti_sysbios_knl_Idle_funcList__C)
                  20013844    00000008     app_pem4.oem4 (.const:xdc_runtime_Startup_firstFxns__C)
                  2001384c    00000008     app_pem4.oem4 (.const:xdc_runtime_Startup_lastFxns__C)
                  20013854    00000005     main.obj (.const:.string:$P$T11$12)
                  20013859    00000001     --HOLE-- [fill = 0]
                  2001385a    00000002     app_pem4.oem4 (.const:ti_sysbios_family_arm_m3_Hwi_Module__loggerDefined__C)
                  2001385c    00000004     app_pem4.oem4 (.const:ti_sysbios_family_arm_m3_Hwi_E_NMI__C)
                  20013860    00000004     app_pem4.oem4 (.const:ti_sysbios_family_arm_m3_Hwi_E_alreadyDefined__C)
                  20013864    00000004     app_pem4.oem4 (.const:ti_sysbios_family_arm_m3_Hwi_E_busFault__C)
                  20013868    00000004     app_pem4.oem4 (.const:ti_sysbios_family_arm_m3_Hwi_E_debugMon__C)
                  2001386c    00000004     app_pem4.oem4 (.const:ti_sysbios_family_arm_m3_Hwi_E_hardFault__C)
                  20013870    00000004     app_pem4.oem4 (.const:ti_sysbios_family_arm_m3_Hwi_E_memFault__C)
                  20013874    00000004     app_pem4.oem4 (.const:ti_sysbios_family_arm_m3_Hwi_E_noIsr__C)
                  20013878    00000004     app_pem4.oem4 (.const:ti_sysbios_family_arm_m3_Hwi_E_reserved__C)
                  2001387c    00000004     app_pem4.oem4 (.const:ti_sysbios_family_arm_m3_Hwi_E_svCall__C)
                  20013880    00000004     app_pem4.oem4 (.const:ti_sysbios_family_arm_m3_Hwi_E_usageFault__C)
                  20013884    00000004     app_pem4.oem4 (.const:ti_sysbios_family_arm_m3_Hwi_LD_end__C)
                  20013888    00000004     app_pem4.oem4 (.const:ti_sysbios_family_arm_m3_Hwi_LM_begin__C)
                  2001388c    00000004     app_pem4.oem4 (.const:ti_sysbios_family_arm_m3_Hwi_Module__diagsEnabled__C)
                  20013890    00000004     app_pem4.oem4 (.const:ti_sysbios_family_arm_m3_Hwi_Module__diagsIncluded__C)
                  20013894    00000004     app_pem4.oem4 (.const:ti_sysbios_family_arm_m3_Hwi_Module__diagsMask__C)
                  20013898    00000004     app_pem4.oem4 (.const:ti_sysbios_family_arm_m3_Hwi_Module__loggerFxn1__C)
                  2001389c    00000004     app_pem4.oem4 (.const:ti_sysbios_family_arm_m3_Hwi_Module__loggerFxn8__C)
                  200138a0    00000004     app_pem4.oem4 (.const:ti_sysbios_family_arm_m3_Hwi_Module__loggerObj__C)
                  200138a4    00000004     app_pem4.oem4 (.const:ti_sysbios_family_arm_m3_Hwi_NUM_INTERRUPTS__C)
                  200138a8    00000004     app_pem4.oem4 (.const:ti_sysbios_family_arm_m3_Hwi_Object__count__C)
                  200138ac    00000004     app_pem4.oem4 (.const:ti_sysbios_family_arm_m3_Hwi_ccr__C)
                  200138b0    00000004     app_pem4.oem4 (.const:ti_sysbios_family_arm_m3_Hwi_excHandlerFunc__C)
                  200138b4    00000004     app_pem4.oem4 (.const:ti_sysbios_family_arm_m3_Hwi_excHookFuncs__C)
                  200138b8    00000004     app_pem4.oem4 (.const:ti_sysbios_family_arm_m3_Hwi_nullIsrFunc__C)
                  200138bc    00000004     app_pem4.oem4 (.const:ti_sysbios_family_arm_m3_Hwi_priGroup__C)
                  200138c0    00000004     app_pem4.oem4 (.const:ti_sysbios_family_arm_m3_TaskSupport_stackAlignment__C)
                  200138c4    00000004     app_pem4.oem4 (.const:ti_sysbios_family_arm_m3_Timer_E_cannotSupport__C)
                  200138c8    00000004     app_pem4.oem4 (.const:ti_sysbios_family_arm_m3_Timer_startupNeeded__C)
                  200138cc    00000004     app_pem4.oem4 (.const:ti_sysbios_gates_GateMutex_A_badContext__C)
                  200138d0    00000004     app_pem4.oem4 (.const:ti_sysbios_gates_GateMutex_Instance_State_sem__O)
                  200138d4    00000004     app_pem4.oem4 (.const:ti_sysbios_gates_GateMutex_Module__diagsEnabled__C)
                  200138d8    00000004     app_pem4.oem4 (.const:ti_sysbios_gates_GateMutex_Module__diagsIncluded__C)
                  200138dc    00000004     app_pem4.oem4 (.const:ti_sysbios_gates_GateMutex_Module__diagsMask__C)
                  200138e0    00000004     app_pem4.oem4 (.const:ti_sysbios_hal_Hwi_E_stackOverflow__C)
                  200138e4    00000004     app_pem4.oem4 (.const:ti_sysbios_heaps_HeapMem_A_align__C)
                  200138e8    00000004     app_pem4.oem4 (.const:ti_sysbios_heaps_HeapMem_A_heapSize__C)
                  200138ec    00000004     app_pem4.oem4 (.const:ti_sysbios_heaps_HeapMem_A_invalidFree__C)
                  200138f0    00000004     app_pem4.oem4 (.const:ti_sysbios_heaps_HeapMem_A_zeroBlock__C)
                  200138f4    00000004     app_pem4.oem4 (.const:ti_sysbios_heaps_HeapMem_E_memory__C)
                  200138f8    00000004     app_pem4.oem4 (.const:ti_sysbios_heaps_HeapMem_Module__diagsEnabled__C)
                  200138fc    00000004     app_pem4.oem4 (.const:ti_sysbios_heaps_HeapMem_Module__diagsIncluded__C)
                  20013900    00000004     app_pem4.oem4 (.const:ti_sysbios_heaps_HeapMem_Module__diagsMask__C)
                  20013904    00000004     app_pem4.oem4 (.const:ti_sysbios_heaps_HeapMem_Module__gateObj__C)
                  20013908    00000004     app_pem4.oem4 (.const:ti_sysbios_heaps_HeapMem_Object__count__C)
                  2001390c    00000004     app_pem4.oem4 (.const:ti_sysbios_heaps_HeapMem_reqAlign__C)
                  20013910    00000004     app_pem4.oem4 (.const:ti_sysbios_knl_Clock_LM_begin__C)
                  20013914    00000004     app_pem4.oem4 (.const:ti_sysbios_knl_Clock_LM_tick__C)
                  20013918    00000004     app_pem4.oem4 (.const:ti_sysbios_knl_Clock_LW_delayed__C)
                  2001391c    00000004     app_pem4.oem4 (.const:ti_sysbios_knl_Clock_Module_State_clockQ__O)
                  20013920    00000004     app_pem4.oem4 (.const:ti_sysbios_knl_Clock_Module__diagsEnabled__C)
                  20013924    00000004     app_pem4.oem4 (.const:ti_sysbios_knl_Clock_Module__diagsIncluded__C)
                  20013928    00000004     app_pem4.oem4 (.const:ti_sysbios_knl_Clock_Module__diagsMask__C)
                  2001392c    00000004     app_pem4.oem4 (.const:ti_sysbios_knl_Clock_Module__loggerFxn1__C)
                  20013930    00000004     app_pem4.oem4 (.const:ti_sysbios_knl_Clock_Module__loggerFxn2__C)
                  20013934    00000004     app_pem4.oem4 (.const:ti_sysbios_knl_Clock_Module__loggerObj__C)
                  20013938    00000004     app_pem4.oem4 (.const:ti_sysbios_knl_Clock_tickPeriod__C)
                  2001393c    00000004     app_pem4.oem4 (.const:ti_sysbios_knl_Idle_funcList__A)
                  20013940    00000004     app_pem4.oem4 (.const:ti_sysbios_knl_Mailbox_A_invalidBufSize__C)
                  20013944    00000004     app_pem4.oem4 (.const:ti_sysbios_knl_Mailbox_Instance_State_dataQue__O)
                  20013948    00000004     app_pem4.oem4 (.const:ti_sysbios_knl_Mailbox_Instance_State_dataSem__O)
                  2001394c    00000004     app_pem4.oem4 (.const:ti_sysbios_knl_Mailbox_Instance_State_freeQue__O)
                  20013950    00000004     app_pem4.oem4 (.const:ti_sysbios_knl_Mailbox_Instance_State_freeSem__O)
                  20013954    00000004     app_pem4.oem4 (.const:ti_sysbios_knl_Mailbox_Module__diagsEnabled__C)
                  20013958    00000004     app_pem4.oem4 (.const:ti_sysbios_knl_Mailbox_Module__diagsIncluded__C)
                  2001395c    00000004     app_pem4.oem4 (.const:ti_sysbios_knl_Mailbox_Module__diagsMask__C)
                  20013960    00000004     app_pem4.oem4 (.const:ti_sysbios_knl_Mailbox_Object__count__C)
                  20013964    00000004     app_pem4.oem4 (.const:ti_sysbios_knl_Mailbox_maxTypeAlign__C)
                  20013968    00000004     app_pem4.oem4 (.const:ti_sysbios_knl_Semaphore_A_badContext__C)
                  2001396c    00000004     app_pem4.oem4 (.const:ti_sysbios_knl_Semaphore_A_noEvents__C)
                  20013970    00000004     app_pem4.oem4 (.const:ti_sysbios_knl_Semaphore_A_overflow__C)
                  20013974    00000004     app_pem4.oem4 (.const:ti_sysbios_knl_Semaphore_A_pendTaskDisabled__C)
                  20013978    00000004     app_pem4.oem4 (.const:ti_sysbios_knl_Semaphore_Instance_State_pendQ__O)
                  2001397c    00000004     app_pem4.oem4 (.const:ti_sysbios_knl_Semaphore_LM_pend__C)
                  20013980    00000004     app_pem4.oem4 (.const:ti_sysbios_knl_Semaphore_LM_post__C)
                  20013984    00000004     app_pem4.oem4 (.const:ti_sysbios_knl_Semaphore_Module__diagsEnabled__C)
                  20013988    00000004     app_pem4.oem4 (.const:ti_sysbios_knl_Semaphore_Module__diagsIncluded__C)
                  2001398c    00000004     app_pem4.oem4 (.const:ti_sysbios_knl_Semaphore_Module__diagsMask__C)
                  20013990    00000004     app_pem4.oem4 (.const:ti_sysbios_knl_Semaphore_Module__loggerFxn2__C)
                  20013994    00000004     app_pem4.oem4 (.const:ti_sysbios_knl_Semaphore_Module__loggerFxn4__C)
                  20013998    00000004     app_pem4.oem4 (.const:ti_sysbios_knl_Semaphore_Module__loggerObj__C)
                  2001399c    00000004     app_pem4.oem4 (.const:ti_sysbios_knl_Swi_LD_end__C)
                  200139a0    00000004     app_pem4.oem4 (.const:ti_sysbios_knl_Swi_LM_begin__C)
                  200139a4    00000004     app_pem4.oem4 (.const:ti_sysbios_knl_Swi_LM_post__C)
                  200139a8    00000004     app_pem4.oem4 (.const:ti_sysbios_knl_Swi_Module__diagsEnabled__C)
                  200139ac    00000004     app_pem4.oem4 (.const:ti_sysbios_knl_Swi_Module__diagsIncluded__C)
                  200139b0    00000004     app_pem4.oem4 (.const:ti_sysbios_knl_Swi_Module__diagsMask__C)
                  200139b4    00000004     app_pem4.oem4 (.const:ti_sysbios_knl_Swi_Module__loggerFxn1__C)
                  200139b8    00000004     app_pem4.oem4 (.const:ti_sysbios_knl_Swi_Module__loggerFxn4__C)
                  200139bc    00000004     app_pem4.oem4 (.const:ti_sysbios_knl_Swi_Module__loggerObj__C)
                  200139c0    00000004     app_pem4.oem4 (.const:ti_sysbios_knl_Swi_Object__count__C)
                  200139c4    00000004     app_pem4.oem4 (.const:ti_sysbios_knl_Task_A_badPriority__C)
                  200139c8    00000004     app_pem4.oem4 (.const:ti_sysbios_knl_Task_A_badTaskState__C)
                  200139cc    00000004     app_pem4.oem4 (.const:ti_sysbios_knl_Task_A_badThreadType__C)
                  200139d0    00000004     app_pem4.oem4 (.const:ti_sysbios_knl_Task_A_badTimeout__C)
                  200139d4    00000004     app_pem4.oem4 (.const:ti_sysbios_knl_Task_A_noPendElem__C)
                  200139d8    00000004     app_pem4.oem4 (.const:ti_sysbios_knl_Task_A_sleepTaskDisabled__C)
                  200139dc    00000004     app_pem4.oem4 (.const:ti_sysbios_knl_Task_E_spOutOfBounds__C)
                  200139e0    00000004     app_pem4.oem4 (.const:ti_sysbios_knl_Task_E_stackOverflow__C)
                  200139e4    00000004     app_pem4.oem4 (.const:ti_sysbios_knl_Task_LD_block__C)
                  200139e8    00000004     app_pem4.oem4 (.const:ti_sysbios_knl_Task_LD_exit__C)
                  200139ec    00000004     app_pem4.oem4 (.const:ti_sysbios_knl_Task_LD_ready__C)
                  200139f0    00000004     app_pem4.oem4 (.const:ti_sysbios_knl_Task_LM_sleep__C)
                  200139f4    00000004     app_pem4.oem4 (.const:ti_sysbios_knl_Task_LM_switch__C)
                  200139f8    00000004     app_pem4.oem4 (.const:ti_sysbios_knl_Task_LM_yield__C)
                  200139fc    00000004     app_pem4.oem4 (.const:ti_sysbios_knl_Task_Module_State_inactiveQ__O)
                  20013a00    00000004     app_pem4.oem4 (.const:ti_sysbios_knl_Task_Module__diagsEnabled__C)
                  20013a04    00000004     app_pem4.oem4 (.const:ti_sysbios_knl_Task_Module__diagsIncluded__C)
                  20013a08    00000004     app_pem4.oem4 (.const:ti_sysbios_knl_Task_Module__diagsMask__C)
                  20013a0c    00000004     app_pem4.oem4 (.const:ti_sysbios_knl_Task_Module__loggerFxn2__C)
                  20013a10    00000004     app_pem4.oem4 (.const:ti_sysbios_knl_Task_Module__loggerFxn4__C)
                  20013a14    00000004     app_pem4.oem4 (.const:ti_sysbios_knl_Task_Module__loggerObj__C)
                  20013a18    00000004     app_pem4.oem4 (.const:ti_sysbios_knl_Task_Object__count__C)
                  20013a1c    00000004     app_pem4.oem4 (.const:ti_sysbios_knl_Task_allBlockedFunc__C)
                  20013a20    00000004     app_pem4.oem4 (.const:ti_sysbios_knl_Task_defaultStackHeap__C)
                  20013a24    00000004     app_pem4.oem4 (.const:ti_sysbios_knl_Task_defaultStackSize__C)
                  20013a28    00000004     app_pem4.oem4 (.const:ti_sysbios_knl_Task_numConstructedTasks__C)
                  20013a2c    00000004     app_pem4.oem4 (.const:xdc_runtime_Assert_E_assertFailed__C)
                  20013a30    00000004     app_pem4.oem4 (.const:xdc_runtime_Core_A_initializedParams__C)
                  20013a34    00000004     app_pem4.oem4 (.const:xdc_runtime_Core_Module__diagsEnabled__C)
                  20013a38    00000004     app_pem4.oem4 (.const:xdc_runtime_Core_Module__diagsIncluded__C)
                  20013a3c    00000004     app_pem4.oem4 (.const:xdc_runtime_Core_Module__diagsMask__C)
                  20013a40    00000004     app_pem4.oem4 (.const:xdc_runtime_Error_E_memory__C)
                  20013a44    00000004     app_pem4.oem4 (.const:xdc_runtime_Error_Module__diagsEnabled__C)
                  20013a48    00000004     app_pem4.oem4 (.const:xdc_runtime_Error_Module__diagsIncluded__C)
                  20013a4c    00000004     app_pem4.oem4 (.const:xdc_runtime_Error_Module__diagsMask__C)
                  20013a50    00000004     app_pem4.oem4 (.const:xdc_runtime_Error_Module__loggerFxn8__C)
                  20013a54    00000004     app_pem4.oem4 (.const:xdc_runtime_Error_Module__loggerObj__C)
                  20013a58    00000004     app_pem4.oem4 (.const:xdc_runtime_Error_policyFxn__C)
                  20013a5c    00000004     app_pem4.oem4 (.const:xdc_runtime_Error_raiseHook__C)
                  20013a60    00000004     app_pem4.oem4 (.const:xdc_runtime_IFilterLogger_Interface__BASE__C)
                  20013a64    00000004     app_pem4.oem4 (.const:xdc_runtime_IGateProvider_Interface__BASE__C)
                  20013a68    00000004     app_pem4.oem4 (.const:xdc_runtime_IHeap_Interface__BASE__C)
                  20013a6c    00000004     app_pem4.oem4 (.const:xdc_runtime_ILogger_Interface__BASE__C)
                  20013a70    00000004     app_pem4.oem4 (.const:xdc_runtime_IModule_Interface__BASE__C)
                  20013a74    00000004     app_pem4.oem4 (.const:xdc_runtime_Log_L_error__C)
                  20013a78    00000004     app_pem4.oem4 (.const:xdc_runtime_LoggerBuf_E_badLevel__C)
                  20013a7c    00000004     app_pem4.oem4 (.const:xdc_runtime_LoggerBuf_Module__gateObj__C)
                  20013a80    00000004     app_pem4.oem4 (.const:xdc_runtime_LoggerBuf_Object__count__C)
                  20013a84    00000004     app_pem4.oem4 (.const:xdc_runtime_LoggerBuf_statusLogger__C)
                  20013a88    00000004     app_pem4.oem4 (.const:xdc_runtime_Memory_defaultHeapInstance__C)
                  20013a8c    00000004     app_pem4.oem4 (.const:xdc_runtime_Startup_execImpl__C)
                  20013a90    00000004     app_pem4.oem4 (.const:xdc_runtime_Startup_maxPasses__C)
                  20013a94    00000004     app_pem4.oem4 (.const:xdc_runtime_Startup_sfxnRts__C)
                  20013a98    00000004     app_pem4.oem4 (.const:xdc_runtime_Startup_sfxnTab__C)
                  20013a9c    00000004     app_pem4.oem4 (.const:xdc_runtime_SysMin_bufSize__C)
                  20013aa0    00000004     app_pem4.oem4 (.const:xdc_runtime_SysMin_outputFunc__C)
                  20013aa4    00000004     app_pem4.oem4 (.const:xdc_runtime_System_Module__gateObj__C)
                  20013aa8    00000004     app_pem4.oem4 (.const:xdc_runtime_System_abortFxn__C)
                  20013aac    00000004     app_pem4.oem4 (.const:xdc_runtime_System_exitFxn__C)
                  20013ab0    00000004     app_pem4.oem4 (.const:xdc_runtime_System_extendFxn__C)
                  20013ab4    00000004     app_pem4.oem4 (.const:xdc_runtime_System_maxAtexitHandlers__C)
                  20013ab8    00000004     app_pem4.oem4 (.const:xdc_runtime_Text_charTab__C)
                  20013abc    00000004     app_pem4.oem4 (.const:xdc_runtime_Text_nameEmpty__C)
                  20013ac0    00000004     app_pem4.oem4 (.const:xdc_runtime_Text_nameStatic__C)
                  20013ac4    00000004     app_pem4.oem4 (.const:xdc_runtime_Text_nameUnknown__C)
                  20013ac8    00000004     app_pem4.oem4 (.const:xdc_runtime_Text_nodeTab__C)
                  20013acc    00000004     app_pem4.oem4 (.const:xdc_runtime_Text_visitRopeFxn__C)
                  20013ad0    00000002     app_pem4.oem4 (.const:ti_sysbios_family_arm_m3_Timer_Module__id__C)
                  20013ad2    00000002     app_pem4.oem4 (.const:ti_sysbios_family_arm_m3_TimestampProvider_configTimer__C)
                  20013ad4    00000002     app_pem4.oem4 (.const:ti_sysbios_gates_GateMutex_Module__id__C)
                  20013ad6    00000002     app_pem4.oem4 (.const:ti_sysbios_hal_Hwi_Module__id__C)
                  20013ad8    00000002     app_pem4.oem4 (.const:ti_sysbios_heaps_HeapMem_Module__id__C)
                  20013ada    00000002     app_pem4.oem4 (.const:ti_sysbios_knl_Clock_Module__id__C)
                  20013adc    00000002     app_pem4.oem4 (.const:ti_sysbios_knl_Clock_Module__loggerDefined__C)
                  20013ade    00000002     app_pem4.oem4 (.const:ti_sysbios_knl_Mailbox_Module__id__C)
                  20013ae0    00000002     app_pem4.oem4 (.const:ti_sysbios_knl_Semaphore_Module__id__C)
                  20013ae2    00000002     app_pem4.oem4 (.const:ti_sysbios_knl_Semaphore_Module__loggerDefined__C)
                  20013ae4    00000002     app_pem4.oem4 (.const:ti_sysbios_knl_Swi_Module__id__C)
                  20013ae6    00000002     app_pem4.oem4 (.const:ti_sysbios_knl_Swi_Module__loggerDefined__C)
                  20013ae8    00000002     app_pem4.oem4 (.const:ti_sysbios_knl_Task_Module__id__C)
                  20013aea    00000002     app_pem4.oem4 (.const:ti_sysbios_knl_Task_Module__loggerDefined__C)
                  20013aec    00000002     app_pem4.oem4 (.const:ti_sysbios_knl_Task_initStackFlag__C)
                  20013aee    00000002     app_pem4.oem4 (.const:xdc_runtime_Core_Module__id__C)
                  20013af0    00000002     app_pem4.oem4 (.const:xdc_runtime_Error_Module__loggerDefined__C)
                  20013af2    00000002     app_pem4.oem4 (.const:xdc_runtime_Error_maxDepth__C)
                  20013af4    00000002     app_pem4.oem4 (.const:xdc_runtime_LoggerBuf_Module__id__C)
                  20013af6    00000002     app_pem4.oem4 (.const:xdc_runtime_LoggerBuf_filterByLevel__C)
                  20013af8    00000002     app_pem4.oem4 (.const:xdc_runtime_Memory_Module__id__C)
                  20013afa    00000002     app_pem4.oem4 (.const:xdc_runtime_SysMin_flushAtExit__C)
                  20013afc    00000002     app_pem4.oem4 (.const:xdc_runtime_Text_charCnt__C)
                  20013afe    00000002     app_pem4.oem4 (.const:xdc_runtime_Text_isLoaded__C)
                  20013b00    00000002     app_pem4.oem4 (.const:xdc_runtime_Text_registryModsLastId__C)
                  20013b02    00000002     app_pem4.oem4 (.const:xdc_runtime_Text_unnamedModsLastId__C)

.cinit     0    20013b08    0000031c     
                  20013b08    000002f6     (.cinit..data.load) [load image, compression = rle]
                  20013dfe    00000002     --HOLE-- [fill = 0]
                  20013e00    0000000b     (.cinit..bss.load) [load image, compression = rle]
                  20013e0b    00000001     --HOLE-- [fill = 0]
                  20013e0c    00000008     (__TI_handler_table)
                  20013e14    00000010     (__TI_cinit_table)

.bss       0    20018000    00009641     UNINITIALIZED
                  20018000    00008000     (.common:ti_sysbios_heaps_HeapMem_Instance_State_0_buf__A)
                  20020000    00000800     app_pem4.oem4 (.bss:taskStackSection)
                  20020800    00000400     (.common:xdc_runtime_LoggerBuf_Instance_State_0_entryArr__A)
                  20020c00    00000400     (.common:xdc_runtime_SysMin_Module_State_0_outbuf__A)
                  20021000    0000030c     (.common:ti_sysbios_family_arm_m3_Hwi_dispatchTable)
                  2002130c    00000178     simplelink.a : driver.obj (.bss:g_StatMem)
                  20021484    00000120     rtsv7M4_T_le_eabi.lib : trgmsg.obj (.bss:_CIOBUF_)
                  200215a4    00000050     simplelink.a : cc_pal.obj (.bss:g_ucDinDout)
                  200215f4    00000024     (.common:g_ucConnectionSSID)
                  20021618    00000008     rtsv7M4_T_le_eabi.lib : trgdrv.obj (.bss:parmbuf)
                  20021620    00000008     (.common:g_ucConnectionBSSID)
                  20021628    00000004     uart_if.obj (.bss)
                  2002162c    00000004     (.common:DMAMsgQ)
                  20021630    00000004     (.common:SimpleLinkSpawnTaskHndl)
                  20021634    00000004     (.common:g_cDummy)
                  20021638    00000004     (.common:simpleLink_mailbox)
                  2002163c    00000001     (.common:RxIrqCnt)
                  2002163d    00000001     (.common:g_bDeviceRestartIsRequired)
                  2002163e    00000001     (.common:g_ucLED1Pin)
                  2002163f    00000001     (.common:g_ucLED2Pin)
                  20021640    00000001     (.common:g_ucLED3Pin)

.data      0    20021644    00000428     UNINITIALIZED
                  20021644    00000080     app_pem4.oem4 (.data:ti_sysbios_knl_Swi_Module_State_0_readyQ__A)
                  200216c4    00000080     app_pem4.oem4 (.data:ti_sysbios_knl_Task_Module_State_0_readyQ__A)
                  20021744    0000004c     app_pem4.oem4 (.data:ti_sysbios_knl_Task_Object__table__V)
                  20021790    00000044     app_pem4.oem4 (.data:ti_sysbios_knl_Task_Module__state__V)
                  200217d4    00000038     app_pem4.oem4 (.data:ti_sysbios_gates_GateMutex_Object__table__V)
                  2002180c    00000034     app_pem4.oem4 (.data:ti_sysbios_family_arm_m3_Hwi_Module__state__V)
                  20021840    00000030     app_pem4.oem4 (.data:ti_sysbios_family_arm_m3_Timer_Object__table__V)
                  20021870    00000030     app_pem4.oem4 (.data:ti_sysbios_knl_Swi_Object__table__V)
                  200218a0    0000002c     app_pem4.oem4 (.data:ti_sysbios_knl_Clock_Module__state__V)
                  200218cc    00000024     app_pem4.oem4 (.data:ti_sysbios_BIOS_Module__state__V)
                  200218f0    00000024     app_pem4.oem4 (.data:xdc_runtime_LoggerBuf_Object__table__V)
                  20021914    0000001c     app_pem4.oem4 (.data:ti_sysbios_knl_Swi_Module__state__V)
                  20021930    00000018     app_pem4.oem4 (.data:ti_sysbios_family_arm_m3_Hwi_Object__table__V)
                  20021948    00000018     app_pem4.oem4 (.data:ti_sysbios_heaps_HeapMem_Object__table__V)
                  20021960    00000014     gpio_if.obj (.data:ulReg)
                  20021974    00000010     app_pem4.oem4 (.data:xdc_runtime_System_Module_State_0_atexitHandlers__A)
                  20021984    0000000d     simplelink.a : driver.obj (.data)
                  20021991    00000001     --HOLE--
                  20021992    00000002     app_pem4.oem4 (.data:ti_sysbios_family_arm_m3_Hwi_Module_State_0_excActive__A)
                  20021994    0000000c     rtsv7M4_T_le_eabi.lib : exit.obj (.data:$O1$$)
                  200219a0    0000000c     gpio_if.obj (.data)
                  200219ac    0000000c     main.obj (.data)
                  200219b8    0000000c     app_pem4.oem4 (.data:ti_sysbios_family_arm_m3_Timer_Module__state__V)
                  200219c4    0000000c     app_pem4.oem4 (.data:xdc_runtime_SysMin_Module__state__V)
                  200219d0    00000009     simplelink.a : cc_pal.obj (.data)
                  200219d9    00000001     --HOLE--
                  200219da    00000002     app_pem4.oem4 (.data:xdc_runtime_Error_Module__state__V)
                  200219dc    00000008     rtsv7M4_T_le_eabi.lib : _lock.obj (.data:$O1$$)
[...]
20013790  xdc_runtime_Startup_sfxnRts__A                              
20013820  xdc_runtime_Startup_firstFxns__A                            
20013834  ti_sysbios_family_arm_m3_Hwi_excHookFuncs__A                
2001383c  ti_sysbios_knl_Idle_funcList__C                             
20013844  xdc_runtime_Startup_firstFxns__C                            
2001384c  xdc_runtime_Startup_lastFxns__C                             
2001385a  ti_sysbios_family_arm_m3_Hwi_Module__loggerDefined__C       
2001385c  ti_sysbios_family_arm_m3_Hwi_E_NMI__C                       
20013860  ti_sysbios_family_arm_m3_Hwi_E_alreadyDefined__C            
20013864  ti_sysbios_family_arm_m3_Hwi_E_busFault__C                  
20013868  ti_sysbios_family_arm_m3_Hwi_E_debugMon__C                  
2001386c  ti_sysbios_family_arm_m3_Hwi_E_hardFault__C                 
20013870  ti_sysbios_family_arm_m3_Hwi_E_memFault__C                  
20013874  ti_sysbios_family_arm_m3_Hwi_E_noIsr__C                     
20013878  ti_sysbios_family_arm_m3_Hwi_E_reserved__C                  
2001387c  ti_sysbios_family_arm_m3_Hwi_E_svCall__C                    
20013880  ti_sysbios_family_arm_m3_Hwi_E_usageFault__C                
20013884  ti_sysbios_family_arm_m3_Hwi_LD_end__C                      
20013888  ti_sysbios_family_arm_m3_Hwi_LM_begin__C                    
2001388c  ti_sysbios_family_arm_m3_Hwi_Module__diagsEnabled__C        
20013890  ti_sysbios_family_arm_m3_Hwi_Module__diagsIncluded__C       
20013894  ti_sysbios_family_arm_m3_Hwi_Module__diagsMask__C           
20013898  ti_sysbios_family_arm_m3_Hwi_Module__loggerFxn1__C          
2001389c  ti_sysbios_family_arm_m3_Hwi_Module__loggerFxn8__C          
200138a0  ti_sysbios_family_arm_m3_Hwi_Module__loggerObj__C           
200138a4  ti_sysbios_family_arm_m3_Hwi_NUM_INTERRUPTS__C              
200138a8  ti_sysbios_family_arm_m3_Hwi_Object__count__C               
200138ac  ti_sysbios_family_arm_m3_Hwi_ccr__C                         
200138b0  ti_sysbios_family_arm_m3_Hwi_excHandlerFunc__C              
200138b4  ti_sysbios_family_arm_m3_Hwi_excHookFuncs__C                
200138b8  ti_sysbios_family_arm_m3_Hwi_nullIsrFunc__C                 
200138bc  ti_sysbios_family_arm_m3_Hwi_priGroup__C                    
200138c0  ti_sysbios_family_arm_m3_TaskSupport_stackAlignment__C      
200138c4  ti_sysbios_family_arm_m3_Timer_E_cannotSupport__C           
200138c8  ti_sysbios_family_arm_m3_Timer_startupNeeded__C             
200138cc  ti_sysbios_gates_GateMutex_A_badContext__C                  
200138d0  ti_sysbios_gates_GateMutex_Instance_State_sem__O            
200138d4  ti_sysbios_gates_GateMutex_Module__diagsEnabled__C          
200138d8  ti_sysbios_gates_GateMutex_Module__diagsIncluded__C         
200138dc  ti_sysbios_gates_GateMutex_Module__diagsMask__C             
200138e0  ti_sysbios_hal_Hwi_E_stackOverflow__C                       
200138e4  ti_sysbios_heaps_HeapMem_A_align__C                         
200138e8  ti_sysbios_heaps_HeapMem_A_heapSize__C                      
200138ec  ti_sysbios_heaps_HeapMem_A_invalidFree__C                   
200138f0  ti_sysbios_heaps_HeapMem_A_zeroBlock__C                     
200138f4  ti_sysbios_heaps_HeapMem_E_memory__C                        
200138f8  ti_sysbios_heaps_HeapMem_Module__diagsEnabled__C            
200138fc  ti_sysbios_heaps_HeapMem_Module__diagsIncluded__C           
20013900  ti_sysbios_heaps_HeapMem_Module__diagsMask__C               
20013904  ti_sysbios_heaps_HeapMem_Module__gateObj__C                 
20013908  ti_sysbios_heaps_HeapMem_Object__count__C                   
2001390c  ti_sysbios_heaps_HeapMem_reqAlign__C                        
20013910  ti_sysbios_knl_Clock_LM_begin__C                            
20013914  ti_sysbios_knl_Clock_LM_tick__C                             
20013918  ti_sysbios_knl_Clock_LW_delayed__C                          
2001391c  ti_sysbios_knl_Clock_Module_State_clockQ__O                 
20013920  ti_sysbios_knl_Clock_Module__diagsEnabled__C                
20013924  ti_sysbios_knl_Clock_Module__diagsIncluded__C               
20013928  ti_sysbios_knl_Clock_Module__diagsMask__C                   
2001392c  ti_sysbios_knl_Clock_Module__loggerFxn1__C                  
20013930  ti_sysbios_knl_Clock_Module__loggerFxn2__C                  
20013934  ti_sysbios_knl_Clock_Module__loggerObj__C                   
20013938  ti_sysbios_knl_Clock_tickPeriod__C                          
2001393c  ti_sysbios_knl_Idle_funcList__A                             
20013940  ti_sysbios_knl_Mailbox_A_invalidBufSize__C                  
20013944  ti_sysbios_knl_Mailbox_Instance_State_dataQue__O            
20013948  ti_sysbios_knl_Mailbox_Instance_State_dataSem__O            
2001394c  ti_sysbios_knl_Mailbox_Instance_State_freeQue__O            
20013950  ti_sysbios_knl_Mailbox_Instance_State_freeSem__O            
20013954  ti_sysbios_knl_Mailbox_Module__diagsEnabled__C              
20013958  ti_sysbios_knl_Mailbox_Module__diagsIncluded__C             
2001395c  ti_sysbios_knl_Mailbox_Module__diagsMask__C                 
20013960  ti_sysbios_knl_Mailbox_Object__count__C                     
20013964  ti_sysbios_knl_Mailbox_maxTypeAlign__C                      
20013968  ti_sysbios_knl_Semaphore_A_badContext__C                    
2001396c  ti_sysbios_knl_Semaphore_A_noEvents__C                      
20013970  ti_sysbios_knl_Semaphore_A_overflow__C                      
20013974  ti_sysbios_knl_Semaphore_A_pendTaskDisabled__C              
20013978  ti_sysbios_knl_Semaphore_Instance_State_pendQ__O            
2001397c  ti_sysbios_knl_Semaphore_LM_pend__C                         
20013980  ti_sysbios_knl_Semaphore_LM_post__C                         
20013984  ti_sysbios_knl_Semaphore_Module__diagsEnabled__C            
20013988  ti_sysbios_knl_Semaphore_Module__diagsIncluded__C           
2001398c  ti_sysbios_knl_Semaphore_Module__diagsMask__C               
20013990  ti_sysbios_knl_Semaphore_Module__loggerFxn2__C              
20013994  ti_sysbios_knl_Semaphore_Module__loggerFxn4__C              
20013998  ti_sysbios_knl_Semaphore_Module__loggerObj__C               
2001399c  ti_sysbios_knl_Swi_LD_end__C                                
200139a0  ti_sysbios_knl_Swi_LM_begin__C                              
200139a4  ti_sysbios_knl_Swi_LM_post__C                               
200139a8  ti_sysbios_knl_Swi_Module__diagsEnabled__C                  
200139ac  ti_sysbios_knl_Swi_Module__diagsIncluded__C                 
200139b0  ti_sysbios_knl_Swi_Module__diagsMask__C                     
200139b4  ti_sysbios_knl_Swi_Module__loggerFxn1__C                    
200139b8  ti_sysbios_knl_Swi_Module__loggerFxn4__C                    
200139bc  ti_sysbios_knl_Swi_Module__loggerObj__C                     
200139c0  ti_sysbios_knl_Swi_Object__count__C                         
200139c4  ti_sysbios_knl_Task_A_badPriority__C                        
200139c8  ti_sysbios_knl_Task_A_badTaskState__C                       
200139cc  ti_sysbios_knl_Task_A_badThreadType__C                      
200139d0  ti_sysbios_knl_Task_A_badTimeout__C                         
200139d4  ti_sysbios_knl_Task_A_noPendElem__C                         
200139d8  ti_sysbios_knl_Task_A_sleepTaskDisabled__C                  
200139dc  ti_sysbios_knl_Task_E_spOutOfBounds__C                      
200139e0  ti_sysbios_knl_Task_E_stackOverflow__C                      
200139e4  ti_sysbios_knl_Task_LD_block__C                             
200139e8  ti_sysbios_knl_Task_LD_exit__C                              
200139ec  ti_sysbios_knl_Task_LD_ready__C                             
200139f0  ti_sysbios_knl_Task_LM_sleep__C                             
200139f4  ti_sysbios_knl_Task_LM_switch__C                            
200139f8  ti_sysbios_knl_Task_LM_yield__C                             
200139fc  ti_sysbios_knl_Task_Module_State_inactiveQ__O               
20013a00  ti_sysbios_knl_Task_Module__diagsEnabled__C                 
20013a04  ti_sysbios_knl_Task_Module__diagsIncluded__C                
20013a08  ti_sysbios_knl_Task_Module__diagsMask__C                    
20013a0c  ti_sysbios_knl_Task_Module__loggerFxn2__C                   
20013a10  ti_sysbios_knl_Task_Module__loggerFxn4__C                   
20013a14  ti_sysbios_knl_Task_Module__loggerObj__C                    
20013a18  ti_sysbios_knl_Task_Object__count__C                        
20013a1c  ti_sysbios_knl_Task_allBlockedFunc__C                       
20013a20  ti_sysbios_knl_Task_defaultStackHeap__C                     
20013a24  ti_sysbios_knl_Task_defaultStackSize__C                     
20013a28  ti_sysbios_knl_Task_numConstructedTasks__C                  
20013a2c  xdc_runtime_Assert_E_assertFailed__C                        
20013a30  xdc_runtime_Core_A_initializedParams__C                     
20013a34  xdc_runtime_Core_Module__diagsEnabled__C                    
20013a38  xdc_runtime_Core_Module__diagsIncluded__C                   
20013a3c  xdc_runtime_Core_Module__diagsMask__C                       
20013a40  xdc_runtime_Error_E_memory__C                               
20013a44  xdc_runtime_Error_Module__diagsEnabled__C                   
20013a48  xdc_runtime_Error_Module__diagsIncluded__C                  
20013a4c  xdc_runtime_Error_Module__diagsMask__C                      
20013a50  xdc_runtime_Error_Module__loggerFxn8__C                     
20013a54  xdc_runtime_Error_Module__loggerObj__C                      
20013a58  xdc_runtime_Error_policyFxn__C                              
20013a5c  xdc_runtime_Error_raiseHook__C                              
20013a60  xdc_runtime_IFilterLogger_Interface__BASE__C                
20013a64  xdc_runtime_IGateProvider_Interface__BASE__C                
20013a68  xdc_runtime_IHeap_Interface__BASE__C                        
20013a6c  xdc_runtime_ILogger_Interface__BASE__C                      
20013a70  xdc_runtime_IModule_Interface__BASE__C                      
20013a74  xdc_runtime_Log_L_error__C                                  
20013a78  xdc_runtime_LoggerBuf_E_badLevel__C                         
20013a7c  xdc_runtime_LoggerBuf_Module__gateObj__C                    
20013a80  xdc_runtime_LoggerBuf_Object__count__C                      
20013a84  xdc_runtime_LoggerBuf_statusLogger__C                       
20013a88  xdc_runtime_Memory_defaultHeapInstance__C                   
20013a8c  xdc_runtime_Startup_execImpl__C                             
20013a90  xdc_runtime_Startup_maxPasses__C                            
20013a94  xdc_runtime_Startup_sfxnRts__C                              
20013a98  xdc_runtime_Startup_sfxnTab__C                              
20013a9c  xdc_runtime_SysMin_bufSize__C                               
20013aa0  xdc_runtime_SysMin_outputFunc__C                            
20013aa4  xdc_runtime_System_Module__gateObj__C                       
20013aa8  xdc_runtime_System_abortFxn__C                              
20013aac  xdc_runtime_System_exitFxn__C                               
20013ab0  xdc_runtime_System_extendFxn__C                             
20013ab4  xdc_runtime_System_maxAtexitHandlers__C                     
20013ab8  xdc_runtime_Text_charTab__C                                 
20013abc  xdc_runtime_Text_nameEmpty__C                               
20013ac0  xdc_runtime_Text_nameStatic__C                              
20013ac4  xdc_runtime_Text_nameUnknown__C                             
20013ac8  xdc_runtime_Text_nodeTab__C                                 
20013acc  xdc_runtime_Text_visitRopeFxn__C                            
20013ad0  ti_sysbios_family_arm_m3_Timer_Module__id__C                
20013ad2  ti_sysbios_family_arm_m3_TimestampProvider_configTimer__C   
20013ad4  ti_sysbios_gates_GateMutex_Module__id__C                    
20013ad6  ti_sysbios_hal_Hwi_Module__id__C                            
20013ad8  ti_sysbios_heaps_HeapMem_Module__id__C                      
20013ada  ti_sysbios_knl_Clock_Module__id__C                          
20013adc  ti_sysbios_knl_Clock_Module__loggerDefined__C               
20013ade  ti_sysbios_knl_Mailbox_Module__id__C                        
20013ae0  ti_sysbios_knl_Semaphore_Module__id__C                      
20013ae2  ti_sysbios_knl_Semaphore_Module__loggerDefined__C           
20013ae4  ti_sysbios_knl_Swi_Module__id__C                            
20013ae6  ti_sysbios_knl_Swi_Module__loggerDefined__C                 
20013ae8  ti_sysbios_knl_Task_Module__id__C                           
20013aea  ti_sysbios_knl_Task_Module__loggerDefined__C                
20013aec  ti_sysbios_knl_Task_initStackFlag__C                        
20013aee  xdc_runtime_Core_Module__id__C                              
20013af0  xdc_runtime_Error_Module__loggerDefined__C                  
20013af2  xdc_runtime_Error_maxDepth__C                               
20013af4  xdc_runtime_LoggerBuf_Module__id__C                         
20013af6  xdc_runtime_LoggerBuf_filterByLevel__C                      
20013af8  xdc_runtime_Memory_Module__id__C                            
20013afa  xdc_runtime_SysMin_flushAtExit__C                           
20013afc  xdc_runtime_Text_charCnt__C                                 
20013afe  xdc_runtime_Text_isLoaded__C                                
20013b00  xdc_runtime_Text_registryModsLastId__C                      
20013b02  xdc_runtime_Text_unnamedModsLastId__C                       
20013b08  __TI_static_base__                                          
20013e0c  __TI_Handler_Table_Base                                     
20013e14  __TI_CINIT_Base                                             
20013e14  __TI_Handler_Table_Limit                                    
20013e24  __TI_CINIT_Limit                                            
20018000  ti_sysbios_heaps_HeapMem_Instance_State_0_buf__A            
20020000  ti_sysbios_knl_Task_Instance_State_0_stack__A               
20020800  xdc_runtime_LoggerBuf_Instance_State_0_entryArr__A          
20020c00  xdc_runtime_SysMin_Module_State_0_outbuf__A                 
20021000  ti_sysbios_family_arm_m3_Hwi_dispatchTable                  
20021484  __CIOBUF_                                                   
200215a4  g_ucDinDout                                                 
200215f4  g_ucConnectionSSID                                          
20021620  g_ucConnectionBSSID                                         
2002162c  DMAMsgQ                                                     
20021630  SimpleLinkSpawnTaskHndl                                     
20021634  g_cDummy                                                    
20021638  simpleLink_mailbox                                          
2002163c  RxIrqCnt                                                    
2002163d  g_bDeviceRestartIsRequired                                  
2002163e  g_ucLED1Pin                                                 
2002163f  g_ucLED2Pin                                                 
20021640  g_ucLED3Pin                                                 
20021644  ti_sysbios_knl_Swi_Module_State_0_readyQ__A                 
200216c4  ti_sysbios_knl_Task_Module_State_0_readyQ__A                
20021744  TSK_idle                                                    
20021744  ti_sysbios_knl_Task_Object__table__V                        
20021790  ti_sysbios_knl_Task_Module__state__V                        
200217d4  ti_sysbios_gates_GateMutex_Object__table__V                 
2002180c  ti_sysbios_family_arm_m3_Hwi_Module__state__V               
20021840  ti_sysbios_family_arm_m3_Timer_Object__table__V             
20021870  ti_sysbios_knl_Swi_Object__table__V                         
200218a0  ti_sysbios_knl_Clock_Module__state__V                       
200218cc  ti_sysbios_BIOS_Module__state__V                            
200218f0  xdc_runtime_LoggerBuf_Object__table__V                      
20021914  ti_sysbios_knl_Swi_Module__state__V                         
20021930  ti_sysbios_family_arm_m3_Hwi_Object__table__V               
20021948  ti_sysbios_heaps_HeapMem_Object__table__V                   
20021974  xdc_runtime_System_Module_State_0_atexitHandlers__A         
20021988  g_pCB                                                       
2002198c  pPingCallBackFunc                                           
20021992  ti_sysbios_family_arm_m3_Hwi_Module_State_0_excActive__A    
20021994  __TI_cleanup_ptr                                            
20021998  __TI_dtors_ptr                                              
2002199c  __TI_enable_exit_profile_output                             
200219a0  g_uiLED1Port                                                
200219a4  g_uiLED2Port                                                
200219a8  g_uiLED3Port                                                
200219ac  g_ulStatus                                                  
200219b0  g_ulPingPacketsRecv                                         
200219b4  g_ulGatewayIP                                               
200219b8  ti_sysbios_family_arm_m3_Timer_Module__state__V             
200219c4  xdc_runtime_SysMin_Module__state__V                         
200219d0  g_SpiFd                                                     
200219d4  g_pHostIntHdl                                               
200219d8  g_ucDMAEnabled                                              
200219da  xdc_runtime_Error_Module__state__V                          
200219dc  _lock                                                       
200219e0  _unlock                                                     
200219e4  ti_sysbios_family_arm_m3_Hwi_Module__root__V                
200219ec  ti_sysbios_gates_GateHwi_Module__root__V                    
200219f4  ti_sysbios_gates_GateMutex_Module__root__V                  
200219fc  ti_sysbios_heaps_HeapMem_Module__root__V                    
20021a04  ti_sysbios_knl_Mailbox_Module__root__V                      
20021a0c  ti_sysbios_knl_Queue_Module__root__V                        
20021a14  ti_sysbios_knl_Semaphore_Module__root__V                    
20021a1c  ti_sysbios_knl_Task_Module__root__V                         
20021a24  xdc_runtime_LoggerBuf_Module__root__V                       
20021a2c  xdc_runtime_Registry_Module__state__V                       
20021a34  xdc_runtime_Startup_Module__state__V                        
20021a3c  xdc_runtime_System_Module__state__V                         
20021a44  xdc_runtime_LoggerBuf_Module__state__V                      
20021a4c  errno                                                       
20021a50  main_func_sp                                                
20021a54  ti_sysbios_family_arm_m3_Hwi_Module_State_0_excContext__A   
20021a58  ti_sysbios_family_arm_m3_Hwi_Module_State_0_excStack__A     
20021a5c  ti_sysbios_family_arm_m3_TimestampProvider_Module__state__V 
20021a60  ti_sysbios_gates_GateHwi_Object__table__V                   
20021a64  ti_sysbios_knl_Task_Module_State_0_idleTask__A              
20021a68  xdc_runtime_Memory_Module__state__V                         
2002e000  __stack                                                     
20030000  __STACK_END                                                 
e000e000  ti_sysbios_family_arm_m3_Hwi_nvic                           
ffffffff  __TI_pprof_out_hndl                                         
ffffffff  __TI_prof_data_size                                         
ffffffff  __TI_prof_data_start                                        
ffffffff  __binit__                                                   
ffffffff  __c_args__                                                  
ffffffff  binit                                                       
UNDEFED   SHT$$INIT_ARRAY$$Base                                       
UNDEFED   SHT$$INIT_ARRAY$$Limit                                      

[864 symbols]
