******************************************************************************
                  TI ARM Linker PC v15.12.1                    
******************************************************************************
>> Linked Mon Jul 06 09:07:05 2020

OUTPUT FILE NAME:   <LAB_TMP75.out>
ENTRY POINT SYMBOL: "_c_int00"  address: 20009935


MEMORY CONFIGURATION

         name            origin    length      used     unused   attr    fill
----------------------  --------  ---------  --------  --------  ----  --------
  SRAM_CODE             20004000   00012fff  00007262  0000bd9d  RW X
  SRAM_DATA             20017000   00019000  000010a0  00017f60  RW X


SEGMENT ALLOCATION MAP

run origin  load origin   length   init length attrs members
----------  ----------- ---------- ----------- ----- -------
20004000    20004000    00007264   00007264    r-x
  20004000    20004000    00000400   00000400    r-- .intvecs
  20004400    20004400    00005b76   00005b76    r-x .text
  20009f78    20009f78    00001258   00001258    r-- .const
  2000b1d0    2000b1d0    00000094   00000094    r-- .cinit
20017000    20017000    000008a3   00000000    rw-
  20017000    20017000    00000800   00000000    rw- .sysmem
  20017800    20017800    00000089   00000000    rw- .data
  2001788c    2001788c    00000017   00000000    rw- .bss
2002f800    2002f800    00000800   00000000    rw-
  2002f800    2002f800    00000800   00000000    rw- .stack


SECTION ALLOCATION MAP

 output                                  attributes/
section   page    origin      length       input sections
--------  ----  ----------  ----------   ----------------
.intvecs   0    20004000    00000400     
                  20004000    00000400     startup_ccs.obj (.intvecs)

.init_array 
*          0    20004000    00000000     UNINITIALIZED

.text      0    20004400    00005b76     
                  20004400    000010fc     rtsv7M4_T_le_eabi.lib : _printfi.obj (.text)
                  200054fc    000010a4     LCD_TFT_ILI9341.obj (.text)
                  200065a0    000006c4     LCD_display.obj (.text)
                  20006c64    00000540     main.obj (.text)
                  200071a4    000003dc     rtsv7M4_T_le_eabi.lib : memory.obj (.text)
                  20007580    000003bc     TMP75.obj (.text)
                  2000793c    000003b8     Font_lib.obj (.text)
                  20007cf4    00000290     i2c_if.obj (.text)
                  20007f84    00000280     uart_if.obj (.text)
                  20008204    000001f4     rtsv7M4_T_le_eabi.lib : ull_div_t2.obj (.text)
                  200083f8    000001cc     pinmux.obj (.text)
                  200085c4    000001b6     rtsv7M4_T_le_eabi.lib : fd_add_t2.obj (.text)
                  2000877a    00000002                           : i_div0.obj (.text)
                  2000877c    00000178     driverlib.a : prcm.obj (.text:PRCMCC3200MCUInit)
                  200088f4    00000136     rtsv7M4_T_le_eabi.lib : fd_div_t2.obj (.text)
                  20008a2a    000000fc                           : fd_mul_t2.obj (.text)
                  20008b26    000000fa                           : fs_add_t2.obj (.text)
                  20008c20    000000d0                           : s_scalbn.obj (.text)
                  20008cf0    000000a8     driverlib.a : interrupt.obj (.text:IntEnable)
                  20008d98    000000a0                 : spi.obj (.text:SPIConfigSetExpClk)
                  20008e38    0000009c     rtsv7M4_T_le_eabi.lib : memcpy_t2.obj (.text)
                  20008ed4    00000094     driverlib.a : prcm.obj (.text:PRCMPeripheralClockGet)
                  20008f68    00000092     rtsv7M4_T_le_eabi.lib : fs_div_t2.obj (.text)
                  20008ffa    00000002                           : mpu_init.obj (.text)
                  20008ffc    00000088     driverlib.a : pin.obj (.text:PinConfigSet)
                  20009084    00000088     rtsv7M4_T_le_eabi.lib : vsnprintf.obj (.text)
                  2000910c    00000086                           : fd_cmp_t2.obj (.text:__aeabi_cdcmple)
                  20009192    00000086                           : fd_cmp_t2.obj (.text:__aeabi_cdrcmple)
                  20009218    00000084     driverlib.a : i2c.obj (.text:I2CMasterInitExpClk)
                  2000929c    0000007a     rtsv7M4_T_le_eabi.lib : fs_mul_t2.obj (.text)
                  20009316    0000007a                           : memset_t2.obj (.text)
                  20009390    00000076     driverlib.a : uart.obj (.text:UARTConfigSetExpClk)
                  20009406    00000002     rtsv7M4_T_le_eabi.lib : startup.obj (.text)
                  20009408    00000070                           : autoinit.obj (.text)
                  20009478    0000006e                           : fd_tos_t2.obj (.text)
                  200094e6    0000006a                           : copy_decompress_rle.obj (.text)
                  20009550    00000060                           : fs_cmp_t2.obj (.text:__aeabi_cfcmple)
                  200095b0    00000060                           : fs_cmp_t2.obj (.text:__aeabi_cfrcmple)
                  20009610    0000005e                           : i_divt2.obj (.text)
                  2000966e    00000002     --HOLE-- [fill = 0]
                  20009670    0000005c                           : s_frexp.obj (.text)
                  200096cc    00000058     driverlib.a : prcm.obj (.text:PRCMPeripheralReset)
                  20009724    00000056     rtsv7M4_T_le_eabi.lib : ltoa.obj (.text)
                  2000977a    00000002     --HOLE-- [fill = 0]
                  2000977c    00000054                           : exit.obj (.text)
                  200097d0    0000004c                           : atoi.obj (.text)
                  2000981c    0000004c                           : cpy_tbl.obj (.text)
                  20009868    00000048                           : fd_toi_t2.obj (.text)
                  200098b0    00000044                           : fd_tou_t2.obj (.text)
                  200098f4    00000040     driverlib.a : pin.obj (.text:PinModeSet)
                  20009934    00000040     rtsv7M4_T_le_eabi.lib : boot.obj (.text)
                  20009974    0000003c     driverlib.a : prcm.obj (.text:PRCMPeripheralClkEnable)
                  200099b0    00000038     rtsv7M4_T_le_eabi.lib : fs_tod_t2.obj (.text)
                  200099e8    00000038                           : fs_toi_t2.obj (.text)
                  20009a20    00000038                           : i_tofs_t2.obj (.text)
                  20009a58    00000036     driverlib.a : gpio.obj (.text:GPIODirModeSet)
                  20009a8e    00000034     rtsv7M4_T_le_eabi.lib : fs_tou_t2.obj (.text)
                  20009ac2    00000030     driverlib.a : pin.obj (.text:PinTypeGPIO)
                  20009af2    00000002     --HOLE-- [fill = 0]
                  20009af4    00000030                 : uart.obj (.text:UARTDisable)
                  20009b24    0000002e     rtsv7M4_T_le_eabi.lib : i_tofd_t2.obj (.text)
                  20009b52    0000002c     driverlib.a : i2c.obj (.text:I2CMasterErr)
                  20009b7e    00000002     --HOLE-- [fill = 0]
                  20009b80    0000002c                 : prcm.obj (.text:PRCMSysResetCauseGet)
                  20009bac    0000002a                 : spi.obj (.text:SPIDataGetNonBlocking)
                  20009bd6    00000002     --HOLE-- [fill = 0]
                  20009bd8    00000028                 : prcm.obj (.text:PRCMPeripheralClkDisable)
                  20009c00    00000024                 : uart.obj (.text:UARTEnable)
                  20009c24    00000024     rtsv7M4_T_le_eabi.lib : memmov.obj (.text)
                  20009c48    00000024                           : u_tofs_t2.obj (.text)
                  20009c6c    00000022     driverlib.a : i2c.obj (.text:I2CMasterSlaveAddrSet)
                  20009c8e    00000022                 : spi.obj (.text:SPIReset)
                  20009cb0    00000020                 : gpio.obj (.text:GPIOPinWrite)
                  20009cd0    00000020                 : spi.obj (.text:SPIDataGet)
                  20009cf0    0000001e                 : i2c.obj (.text:I2CMasterIntStatusEx)
                  20009d0e    0000001e                 : spi.obj (.text:SPIDataPut)
                  20009d2c    0000001e                 : uart.obj (.text:UARTCharPut)
                  20009d4a    0000001c                 : pin.obj (.text:PinTypeI2C)
                  20009d66    0000001c                 : uart.obj (.text:UARTCharGetNonBlocking)
                  20009d82    0000001c     rtsv7M4_T_le_eabi.lib : memccpy.obj (.text)
                  20009d9e    0000001a     driverlib.a : pin.obj (.text:PinTypeSPI)
                  20009db8    0000001a                 : pin.obj (.text:PinTypeTimer)
                  20009dd2    0000001a                 : pin.obj (.text:PinTypeUART)
                  20009dec    00000018                 : spi.obj (.text:SPIEnable)
                  20009e04    00000018                 : uart.obj (.text:UARTCharsAvail)
                  20009e1c    00000018     rtsv7M4_T_le_eabi.lib : args_main.obj (.text)
                  20009e34    00000016     driverlib.a : i2c.obj (.text:I2CMasterDataPut)
                  20009e4a    00000016                 : i2c.obj (.text:I2CMasterEnable)
                  20009e60    00000016                 : prcm.obj (.text:PRCMHIBRegRead)
                  20009e76    00000016                 : prcm.obj (.text:PRCMHIBRegWrite)
                  20009e8c    00000016     rtsv7M4_T_le_eabi.lib : strchr.obj (.text)
                  20009ea2    00000014     driverlib.a : cpu.obj (.text:CPUcpsie)
                  20009eb6    00000002     --HOLE-- [fill = 0]
                  20009eb8    00000014                 : interrupt.obj (.text:IntVTableBaseSet)
                  20009ecc    00000014     rtsv7M4_T_le_eabi.lib : _lock.obj (.text)
                  20009ee0    00000014                           : strlen.obj (.text)
                  20009ef4    00000012     driverlib.a : i2c.obj (.text:I2CMasterControl)
                  20009f06    00000012                 : i2c.obj (.text:I2CMasterIntClearEx)
                  20009f18    00000012                 : i2c.obj (.text:I2CMasterTimeoutSet)
                  20009f2a    0000000e                 : i2c.obj (.text:I2CMasterDataGet)
                  20009f38    0000000e     rtsv7M4_T_le_eabi.lib : copy_decompress_none.obj (.text:decompress:none)
                  20009f46    0000000e     startup_ccs.obj (.text)
                  20009f54    0000000a     driverlib.a : interrupt.obj (.text:IntMasterEnable)
                  20009f5e    00000008     rtsv7M4_T_le_eabi.lib : s_copysign.obj (.text)
                  20009f66    00000006     driverlib.a : utils.obj (.text:UtilsDelay)
                  20009f6c    00000006     rtsv7M4_T_le_eabi.lib : copy_decompress_rle.obj (.text:decompress:rle24)
                  20009f72    00000004                           : pre_init.obj (.text)

.const     0    20009f78    00001258     
                  20009f78    000005f0     LCD_TFT_ILI9341.obj (.const:asc2_1608)
                  2000a568    000004c8     LCD_TFT_ILI9341.obj (.const:tfont24)
                  2000aa30    00000474     LCD_TFT_ILI9341.obj (.const:asc2_1206)
                  2000aea4    00000101     rtsv7M4_T_le_eabi.lib : ctype.obj (.const:.string:_ctypes_)
                  2000afa5    00000003     --HOLE-- [fill = 0]
                  2000afa8    00000100     driverlib.a : pin.obj (.const:g_ulPinToPadMap)
                  2000b0a8    000000a8                 : prcm.obj (.const:PRCM_PeriphRegsList)
                  2000b150    00000080                 : interrupt.obj (.const)

.cinit     0    2000b1d0    00000094     
                  2000b1d0    0000006f     (.cinit..data.load) [load image, compression = rle]
                  2000b23f    00000001     --HOLE-- [fill = 0]
                  2000b240    00000009     (.cinit..bss.load) [load image, compression = rle]
                  2000b249    00000003     --HOLE-- [fill = 0]
                  2000b24c    00000008     (__TI_handler_table)
                  2000b254    00000010     (__TI_cinit_table)

.sysmem    0    20017000    00000800     UNINITIALIZED
                  20017000    00000008     rtsv7M4_T_le_eabi.lib : memory.obj (.sysmem)
                  20017008    000007f8     --HOLE--

.data      0    20017800    00000089     UNINITIALIZED
                  20017800    00000060     Font_lib.obj (.data:fontSize)
                  20017860    0000000c     rtsv7M4_T_le_eabi.lib : exit.obj (.data:$O1$$)
                  2001786c    0000000c                           : memory.obj (.data:$O1$$)
                  20017878    00000008                           : _lock.obj (.data:$O1$$)
                  20017880    00000004                           : errno.obj (.data)
                  20017884    00000004                           : stkdepth_vars.obj (.data)
                  20017888    00000001     LCD_display.obj (.data)

.bss       0    2001788c    00000017     UNINITIALIZED
                  2001788c    00000004     uart_if.obj (.bss)
                  20017890    00000004     (.common:Factor)
                  20017894    00000004     (.common:char_x)
                  20017898    00000004     (.common:char_y)
                  2001789c    00000002     (.common:Mascara)
                  2001789e    00000002     (.common:_background)
                  200178a0    00000002     (.common:_foreground)
                  200178a2    00000001     (.common:Rotar)

.stack     0    2002f800    00000800     UNINITIALIZED
                  2002f800    00000800     --HOLE--

MODULE SUMMARY

       Module                     code    ro data   rw data
       ------                     ----    -------   -------
    .\
       LCD_TFT_ILI9341.obj        4260    3884      12     
       LCD_display.obj            1732    0         1      
       main.obj                   1344    0         0      
       Font_lib.obj               952     0         96     
       startup_ccs.obj            14      1024      0      
       TMP75.obj                  956     0         7      
       i2c_if.obj                 656     0         0      
       uart_if.obj                640     0         4      
       pinmux.obj                 460     0         0      
    +--+--------------------------+-------+---------+---------+
       Total:                     11014   4908      120    
                                                           
    C:/ti/CC3200SDK_1.2.0/cc3200-sdk/driverlib/ccs/Release/driverlib.a
       prcm.obj                   800     168       0      
       pin.obj                    354     256       0      
       i2c.obj                    352     0         0      
       interrupt.obj              198     128       0      
       spi.obj                    322     0         0      
       uart.obj                   284     0         0      
       gpio.obj                   86      0         0      
       cpu.obj                    20      0         0      
       utils.obj                  6       0         0      
    +--+--------------------------+-------+---------+---------+
       Total:                     2422    552       0      
                                                           
    D:\ti\ccsv6\tools\compiler\ti-cgt-arm_15.12.1.LTS\lib\rtsv7M4_T_le_eabi.lib
       _printfi.obj               4348    0         0      
       memory.obj                 988     0         12     
       ull_div_t2.obj             500     0         0      
       fd_add_t2.obj              438     0         0      
       fd_div_t2.obj              310     0         0      
       fd_cmp_t2.obj              268     0         0      
       ctype.obj                  0       257       0      
       fd_mul_t2.obj              252     0         0      
       fs_add_t2.obj              250     0         0      
       s_scalbn.obj               208     0         0      
       fs_cmp_t2.obj              192     0         0      
       memcpy_t2.obj              156     0         0      
       fs_div_t2.obj              146     0         0      
       vsnprintf.obj              136     0         0      
       fs_mul_t2.obj              122     0         0      
       memset_t2.obj              122     0         0      
       autoinit.obj               112     0         0      
       copy_decompress_rle.obj    112     0         0      
       fd_tos_t2.obj              110     0         0      
       exit.obj                   84      0         12     
       i_divt2.obj                94      0         0      
       s_frexp.obj                92      0         0      
       ltoa.obj                   86      0         0      
       atoi.obj                   76      0         0      
       cpy_tbl.obj                76      0         0      
       fd_toi_t2.obj              72      0         0      
       fd_tou_t2.obj              68      0         0      
       boot.obj                   64      0         0      
       fs_tod_t2.obj              56      0         0      
       fs_toi_t2.obj              56      0         0      
       i_tofs_t2.obj              56      0         0      
       fs_tou_t2.obj              52      0         0      
       i_tofd_t2.obj              46      0         0      
       memmov.obj                 36      0         0      
       u_tofs_t2.obj              36      0         0      
       _lock.obj                  20      0         8      
       memccpy.obj                28      0         0      
       args_main.obj              24      0         0      
       strchr.obj                 22      0         0      
       strlen.obj                 20      0         0      
       copy_decompress_none.obj   14      0         0      
       s_copysign.obj             8       0         0      
       errno.obj                  0       0         4      
       pre_init.obj               4       0         0      
       stkdepth_vars.obj          0       0         4      
       i_div0.obj                 2       0         0      
       mpu_init.obj               2       0         0      
       startup.obj                2       0         0      
    +--+--------------------------+-------+---------+---------+
       Total:                     9966    257       40     
                                                           
       Heap:                      0       0         2048   
       Stack:                     0       0         2048   
       Linker Generated:          0       144       0      
    +--+--------------------------+-------+---------+---------+
       Grand Total:               23402   5861      4256   


LINKER GENERATED COPY TABLES

__TI_cinit_table @ 2000b254 records: 2, size/record: 8, table size: 16
	.data: load addr=2000b1d0, load size=0000006f bytes, run addr=20017800, run size=00000089 bytes, compression=rle
	.bss: load addr=2000b240, load size=00000009 bytes, run addr=2001788c, run size=00000017 bytes, compression=rle


LINKER GENERATED HANDLER TABLE

__TI_handler_table @ 2000b24c records: 2, size/record: 4, table size: 8
	index: 0, handler: __TI_decompress_rle24
	index: 1, handler: __TI_decompress_none


GLOBAL SYMBOLS: SORTED ALPHABETICALLY BY Name 

address   name                           
-------   ----                           
2000977d  C$$EXIT                        
20009ea3  CPUcpsie                       
20007fc5  ClearTerm                      
20007fcf  Error                          
20007b77  FONT_SPI_writebyte             
20017890  Factor                         
20009a59  GPIODirModeSet                 
20009cb1  GPIOPinWrite                   
2000793d  GT20GetFontAddr                
20007bb3  GT20Init                       
20007bc1  GT20Read                       
20008007  GetCmd                         
20009ef5  I2CMasterControl               
20009f2b  I2CMasterDataGet               
20009e35  I2CMasterDataPut               
20009e4b  I2CMasterEnable                
20009b53  I2CMasterErr                   
20009219  I2CMasterInitExpClk            
20009f07  I2CMasterIntClearEx            
20009cf1  I2CMasterIntStatusEx           
20009c6d  I2CMasterSlaveAddrSet          
20009f19  I2CMasterTimeoutSet            
20007f6d  I2C_IF_Close                   
20007f25  I2C_IF_Open                    
20007e1f  I2C_IF_Read                    
20007edb  I2C_IF_ReadFrom                
20007d69  I2C_IF_Write                   
20006d21  I2C_readdata                   
20006d47  I2C_readword                   
20006cd9  I2C_writecom                   
20006ca3  I2C_writedata                  
20006cf1  I2C_writeword                  
20007f85  InitTerm                       
20008cf1  IntEnable                      
20009f55  IntMasterEnable                
200065a1  IntToStr                       
20009eb9  IntVTableBaseSet               
20006873  LCD_AsciiDisplay               
2000552d  LCD_CD_HIGH                    
2000551d  LCD_CD_LOW                     
2000550d  LCD_CS_HIGH                    
200054fd  LCD_CS_LOW                     
20006a81  LCD_ChineseDisplay             
20006bd1  LCD_FloatDisplay               
20006b1b  LCD_FontDisplay                
200059a1  LCD_ILI9341_TFT_Init           
20005695  LCD_ILI9341_TFT_WindowMax      
20006015  LCD_ILI9341_TFT_background     
200059bf  LCD_ILI9341_TFT_circle         
2000594d  LCD_ILI9341_TFT_cls            
20005c11  LCD_ILI9341_TFT_fillcircle     
20005f63  LCD_ILI9341_TFT_fillrect       
20006695  LCD_ILI9341_TFT_fontpixel      
20006001  LCD_ILI9341_TFT_foreground     
200055a7  LCD_ILI9341_TFT_height         
20005c4d  LCD_ILI9341_TFT_hline          
20005d3d  LCD_ILI9341_TFT_line           
20005fe9  LCD_ILI9341_TFT_locate         
200058e9  LCD_ILI9341_TFT_pixel          
20005ecb  LCD_ILI9341_TFT_rect           
20005611  LCD_ILI9341_TFT_set_orientation
200056ad  LCD_ILI9341_TFT_tft_reset      
20005cc5  LCD_ILI9341_TFT_vline          
2000559f  LCD_ILI9341_TFT_width          
20005621  LCD_ILI9341_TFT_window         
200055ad  LCD_ILI9341_TFT_wr_cmd         
200055c7  LCD_ILI9341_TFT_wr_dat         
200055e1  LCD_ILI9341_TFT_wr_dat_start   
200055ed  LCD_ILI9341_TFT_wr_dat_stop    
200055f5  LCD_ILI9341_TFT_wr_reg         
2000553d  LCD_PIN_Init                   
20007b91  LCD_SPI_readbyte               
20005585  LCD_SPI_writebyte              
20006281  LCD_Show_ChFont2424            
200063c1  LCD_Show_StandbyPage           
20006b49  LCD_StringDisplay              
20006029  LCD_TFT_ShowChar               
20006165  LCD_TFT_ShowString             
200066f9  LCD_font2char                  
20006911  LCD_font2hanzi                 
2001789c  Mascara                        
20007fa3  Message                        
2000877d  PRCMCC3200MCUInit              
20009e61  PRCMHIBRegRead                 
20009e77  PRCMHIBRegWrite                
20009bd9  PRCMPeripheralClkDisable       
20009975  PRCMPeripheralClkEnable        
20008ed5  PRCMPeripheralClockGet         
200096cd  PRCMPeripheralReset            
20009b81  PRCMSysResetCauseGet           
20008ffd  PinConfigSet                   
200098f5  PinModeSet                     
200083f9  PinMuxConfig                   
20009ac3  PinTypeGPIO                    
20009d4b  PinTypeI2C                     
20009d9f  PinTypeSPI                     
20009db9  PinTypeTimer                   
20009dd3  PinTypeUART                    
20008145  Report                         
20009f47  ResetISR                       
200178a2  Rotar                          
UNDEFED   SHT$$INIT_ARRAY$$Base          
UNDEFED   SHT$$INIT_ARRAY$$Limit         
20008d99  SPIConfigSetExpClk             
20009cd1  SPIDataGet                     
20009bad  SPIDataGetNonBlocking          
20009d0f  SPIDataPut                     
20009ded  SPIEnable                      
20009c8f  SPIReset                       
200078b1  TMP75int                       
200080ad  TrimSpace                      
20009d67  UARTCharGetNonBlocking         
20009d2d  UARTCharPut                    
20009e05  UARTCharsAvail                 
20009391  UARTConfigSetExpClk            
20009af5  UARTDisable                    
20009c01  UARTEnable                     
20009f67  UtilsDelay                     
20030000  __STACK_END                    
00000800  __STACK_SIZE                   
00000800  __SYSMEM_SIZE                  
2000b254  __TI_CINIT_Base                
2000b264  __TI_CINIT_Limit               
2000b24c  __TI_Handler_Table_Base        
2000b254  __TI_Handler_Table_Limit       
20009409  __TI_auto_init                 
20017860  __TI_cleanup_ptr               
20009f39  __TI_decompress_none           
20009f6d  __TI_decompress_rle24          
20017864  __TI_dtors_ptr                 
20017868  __TI_enable_exit_profile_output
ffffffff  __TI_pprof_out_hndl            
200051f7  __TI_printfi                   
ffffffff  __TI_prof_data_size            
ffffffff  __TI_prof_data_start           
2000b1d0  __TI_static_base__             
2000910d  __aeabi_cdcmpeq                
2000910d  __aeabi_cdcmple                
20009193  __aeabi_cdrcmple               
20009551  __aeabi_cfcmpeq                
20009551  __aeabi_cfcmple                
200095b1  __aeabi_cfrcmple               
20009479  __aeabi_d2f                    
20009869  __aeabi_d2iz                   
200098b1  __aeabi_d2uiz                  
200085cf  __aeabi_dadd                   
200088f5  __aeabi_ddiv                   
20008a2b  __aeabi_dmul                   
200085c5  __aeabi_dsub                   
200099b1  __aeabi_f2d                    
200099e9  __aeabi_f2iz                   
20009a8f  __aeabi_f2uiz                  
20008b2b  __aeabi_fadd                   
20008f69  __aeabi_fdiv                   
2000929d  __aeabi_fmul                   
20008b27  __aeabi_fsub                   
20009b25  __aeabi_i2d                    
20009a21  __aeabi_i2f                    
20009611  __aeabi_idiv                   
2000877b  __aeabi_idiv0                  
20009611  __aeabi_idivmod                
20009317  __aeabi_memclr                 
20009317  __aeabi_memclr4                
20009317  __aeabi_memclr8                
20008e39  __aeabi_memcpy                 
20008e39  __aeabi_memcpy4                
20008e39  __aeabi_memcpy8                
20009319  __aeabi_memset                 
20009319  __aeabi_memset4                
20009319  __aeabi_memset8                
20009c49  __aeabi_ui2f                   
20008205  __aeabi_uldivmod               
ffffffff  __binit__                      
ffffffff  __c_args__                     
20008ffb  __mpu_init                     
2002f800  __stack                        
20009e1d  _args_main                     
2001789e  _background                    
20009935  _c_int00                       
2000aea4  _ctypes_                       
200178a0  _foreground                    
20017878  _lock                          
20009edb  _nop                           
20009ed3  _register_lock                 
20009ecd  _register_unlock               
20017000  _sys_memory                    
20009407  _system_post_cinit             
20009f73  _system_pre_init               
2001787c  _unlock                        
20009781  abort                          
20006d7f  apds_init                      
20006e4f  apds_readALS                   
20006e41  apds_readProximity             
2000aa30  asc2_1206                      
20009f78  asc2_1608                      
200097d1  atoi                           
ffffffff  binit                          
2000754d  calloc                         
20017894  char_x                         
20017898  char_y                         
2000981d  copy_in                        
20009f5f  copysign                       
20009f5f  copysignl                      
20017880  errno                          
20009789  exit                           
20007757  fReadTemperatureHighTMP175     
2000767b  fReadTemperatureLowTMP175      
200077c5  fReadTemperatureTMP175         
20017800  fontSize                       
2000729b  free                           
20009671  frexp                          
20009671  frexpl                         
20006ef1  ftoa                           
20004000  g_pfnVectors                   
20017888  is_fontchip_ok                 
20006e69  itoa                           
20006689  lcd_clear                      
20006639  lcd_init                       
20008c21  ldexp                          
20008c21  ldexpl                         
20009725  ltoa                           
20007009  main                           
20017884  main_func_sp                   
20007233  malloc                         
20007469  memalign                       
20009d83  memccpy                        
20008e39  memcpy                         
20009c25  memmove                        
2000931f  memset                         
200071a5  minit                          
200078ed  readtemp                       
2000735d  realloc                        
20008c21  scalbn                         
20008c21  scalbnl                        
20009e8d  strchr                         
20009ee1  strlen                         
2000a568  tfont24                        
20007581  vSetConfigurationTMP175        
200076e9  vSetTemperatureHighTMP175      
20007613  vSetTemperatureLowTMP175       
20007847  vStartSingleConversionTMP175   
20009085  vsnprintf                      
20006c65  wait_ms                        


GLOBAL SYMBOLS: SORTED BY Symbol Address 

address   name                           
-------   ----                           
00000800  __STACK_SIZE                   
00000800  __SYSMEM_SIZE                  
20004000  g_pfnVectors                   
200051f7  __TI_printfi                   
200054fd  LCD_CS_LOW                     
2000550d  LCD_CS_HIGH                    
2000551d  LCD_CD_LOW                     
2000552d  LCD_CD_HIGH                    
2000553d  LCD_PIN_Init                   
20005585  LCD_SPI_writebyte              
2000559f  LCD_ILI9341_TFT_width          
200055a7  LCD_ILI9341_TFT_height         
200055ad  LCD_ILI9341_TFT_wr_cmd         
200055c7  LCD_ILI9341_TFT_wr_dat         
200055e1  LCD_ILI9341_TFT_wr_dat_start   
200055ed  LCD_ILI9341_TFT_wr_dat_stop    
200055f5  LCD_ILI9341_TFT_wr_reg         
20005611  LCD_ILI9341_TFT_set_orientation
20005621  LCD_ILI9341_TFT_window         
20005695  LCD_ILI9341_TFT_WindowMax      
200056ad  LCD_ILI9341_TFT_tft_reset      
200058e9  LCD_ILI9341_TFT_pixel          
2000594d  LCD_ILI9341_TFT_cls            
200059a1  LCD_ILI9341_TFT_Init           
200059bf  LCD_ILI9341_TFT_circle         
20005c11  LCD_ILI9341_TFT_fillcircle     
20005c4d  LCD_ILI9341_TFT_hline          
20005cc5  LCD_ILI9341_TFT_vline          
20005d3d  LCD_ILI9341_TFT_line           
20005ecb  LCD_ILI9341_TFT_rect           
20005f63  LCD_ILI9341_TFT_fillrect       
20005fe9  LCD_ILI9341_TFT_locate         
20006001  LCD_ILI9341_TFT_foreground     
20006015  LCD_ILI9341_TFT_background     
20006029  LCD_TFT_ShowChar               
20006165  LCD_TFT_ShowString             
20006281  LCD_Show_ChFont2424            
200063c1  LCD_Show_StandbyPage           
200065a1  IntToStr                       
20006639  lcd_init                       
20006689  lcd_clear                      
20006695  LCD_ILI9341_TFT_fontpixel      
200066f9  LCD_font2char                  
20006873  LCD_AsciiDisplay               
20006911  LCD_font2hanzi                 
20006a81  LCD_ChineseDisplay             
20006b1b  LCD_FontDisplay                
20006b49  LCD_StringDisplay              
20006bd1  LCD_FloatDisplay               
20006c65  wait_ms                        
20006ca3  I2C_writedata                  
20006cd9  I2C_writecom                   
20006cf1  I2C_writeword                  
20006d21  I2C_readdata                   
20006d47  I2C_readword                   
20006d7f  apds_init                      
20006e41  apds_readProximity             
20006e4f  apds_readALS                   
20006e69  itoa                           
20006ef1  ftoa                           
20007009  main                           
200071a5  minit                          
20007233  malloc                         
2000729b  free                           
2000735d  realloc                        
20007469  memalign                       
2000754d  calloc                         
20007581  vSetConfigurationTMP175        
20007613  vSetTemperatureLowTMP175       
2000767b  fReadTemperatureLowTMP175      
200076e9  vSetTemperatureHighTMP175      
20007757  fReadTemperatureHighTMP175     
200077c5  fReadTemperatureTMP175         
20007847  vStartSingleConversionTMP175   
200078b1  TMP75int                       
200078ed  readtemp                       
2000793d  GT20GetFontAddr                
20007b77  FONT_SPI_writebyte             
20007b91  LCD_SPI_readbyte               
20007bb3  GT20Init                       
20007bc1  GT20Read                       
20007d69  I2C_IF_Write                   
20007e1f  I2C_IF_Read                    
20007edb  I2C_IF_ReadFrom                
20007f25  I2C_IF_Open                    
20007f6d  I2C_IF_Close                   
20007f85  InitTerm                       
20007fa3  Message                        
20007fc5  ClearTerm                      
20007fcf  Error                          
20008007  GetCmd                         
200080ad  TrimSpace                      
20008145  Report                         
20008205  __aeabi_uldivmod               
200083f9  PinMuxConfig                   
200085c5  __aeabi_dsub                   
200085cf  __aeabi_dadd                   
2000877b  __aeabi_idiv0                  
2000877d  PRCMCC3200MCUInit              
200088f5  __aeabi_ddiv                   
20008a2b  __aeabi_dmul                   
20008b27  __aeabi_fsub                   
20008b2b  __aeabi_fadd                   
20008c21  ldexp                          
20008c21  ldexpl                         
20008c21  scalbn                         
20008c21  scalbnl                        
20008cf1  IntEnable                      
20008d99  SPIConfigSetExpClk             
20008e39  __aeabi_memcpy                 
20008e39  __aeabi_memcpy4                
20008e39  __aeabi_memcpy8                
20008e39  memcpy                         
20008ed5  PRCMPeripheralClockGet         
20008f69  __aeabi_fdiv                   
20008ffb  __mpu_init                     
20008ffd  PinConfigSet                   
20009085  vsnprintf                      
2000910d  __aeabi_cdcmpeq                
2000910d  __aeabi_cdcmple                
20009193  __aeabi_cdrcmple               
20009219  I2CMasterInitExpClk            
2000929d  __aeabi_fmul                   
20009317  __aeabi_memclr                 
20009317  __aeabi_memclr4                
20009317  __aeabi_memclr8                
20009319  __aeabi_memset                 
20009319  __aeabi_memset4                
20009319  __aeabi_memset8                
2000931f  memset                         
20009391  UARTConfigSetExpClk            
20009407  _system_post_cinit             
20009409  __TI_auto_init                 
20009479  __aeabi_d2f                    
20009551  __aeabi_cfcmpeq                
20009551  __aeabi_cfcmple                
200095b1  __aeabi_cfrcmple               
20009611  __aeabi_idiv                   
20009611  __aeabi_idivmod                
20009671  frexp                          
20009671  frexpl                         
200096cd  PRCMPeripheralReset            
20009725  ltoa                           
2000977d  C$$EXIT                        
20009781  abort                          
20009789  exit                           
200097d1  atoi                           
2000981d  copy_in                        
20009869  __aeabi_d2iz                   
200098b1  __aeabi_d2uiz                  
200098f5  PinModeSet                     
20009935  _c_int00                       
20009975  PRCMPeripheralClkEnable        
200099b1  __aeabi_f2d                    
200099e9  __aeabi_f2iz                   
20009a21  __aeabi_i2f                    
20009a59  GPIODirModeSet                 
20009a8f  __aeabi_f2uiz                  
20009ac3  PinTypeGPIO                    
20009af5  UARTDisable                    
20009b25  __aeabi_i2d                    
20009b53  I2CMasterErr                   
20009b81  PRCMSysResetCauseGet           
20009bad  SPIDataGetNonBlocking          
20009bd9  PRCMPeripheralClkDisable       
20009c01  UARTEnable                     
20009c25  memmove                        
20009c49  __aeabi_ui2f                   
20009c6d  I2CMasterSlaveAddrSet          
20009c8f  SPIReset                       
20009cb1  GPIOPinWrite                   
20009cd1  SPIDataGet                     
20009cf1  I2CMasterIntStatusEx           
20009d0f  SPIDataPut                     
20009d2d  UARTCharPut                    
20009d4b  PinTypeI2C                     
20009d67  UARTCharGetNonBlocking         
20009d83  memccpy                        
20009d9f  PinTypeSPI                     
20009db9  PinTypeTimer                   
20009dd3  PinTypeUART                    
20009ded  SPIEnable                      
20009e05  UARTCharsAvail                 
20009e1d  _args_main                     
20009e35  I2CMasterDataPut               
20009e4b  I2CMasterEnable                
20009e61  PRCMHIBRegRead                 
20009e77  PRCMHIBRegWrite                
20009e8d  strchr                         
20009ea3  CPUcpsie                       
20009eb9  IntVTableBaseSet               
20009ecd  _register_unlock               
20009ed3  _register_lock                 
20009edb  _nop                           
20009ee1  strlen                         
20009ef5  I2CMasterControl               
20009f07  I2CMasterIntClearEx            
20009f19  I2CMasterTimeoutSet            
20009f2b  I2CMasterDataGet               
20009f39  __TI_decompress_none           
20009f47  ResetISR                       
20009f55  IntMasterEnable                
20009f5f  copysign                       
20009f5f  copysignl                      
20009f67  UtilsDelay                     
20009f6d  __TI_decompress_rle24          
20009f73  _system_pre_init               
20009f78  asc2_1608                      
2000a568  tfont24                        
2000aa30  asc2_1206                      
2000aea4  _ctypes_                       
2000b1d0  __TI_static_base__             
2000b24c  __TI_Handler_Table_Base        
2000b254  __TI_CINIT_Base                
2000b254  __TI_Handler_Table_Limit       
2000b264  __TI_CINIT_Limit               
20017000  _sys_memory                    
20017800  fontSize                       
20017860  __TI_cleanup_ptr               
20017864  __TI_dtors_ptr                 
20017868  __TI_enable_exit_profile_output
20017878  _lock                          
2001787c  _unlock                        
20017880  errno                          
20017884  main_func_sp                   
20017888  is_fontchip_ok                 
20017890  Factor                         
20017894  char_x                         
20017898  char_y                         
2001789c  Mascara                        
2001789e  _background                    
200178a0  _foreground                    
200178a2  Rotar                          
2002f800  __stack                        
20030000  __STACK_END                    
ffffffff  __TI_pprof_out_hndl            
ffffffff  __TI_prof_data_size            
ffffffff  __TI_prof_data_start           
ffffffff  __binit__                      
ffffffff  __c_args__                     
ffffffff  binit                          
UNDEFED   SHT$$INIT_ARRAY$$Base          
UNDEFED   SHT$$INIT_ARRAY$$Limit         

[243 symbols]
