<?xml version="1.0"?>
<link_info>
   <banner>TI ARM Linker PC v15.12.1.LTS</banner>
   <copyright>Copyright (c) 1996-2015 Texas Instruments Incorporated</copyright>
   <link_time>0x5efd38c6</link_time>
   <link_errors>0x0</link_errors>
   <output_file>LAB_TMP006.out</output_file>
   <entry_point>
      <name>_c_int00</name>
      <address>0x200088c1</address>
   </entry_point>
   <input_file_list>
      <input_file id="fl-2">
         <path>.\</path>
         <kind>object</kind>
         <file>gpio_if.obj</file>
         <name>gpio_if.obj</name>
      </input_file>
      <input_file id="fl-3">
         <path>.\</path>
         <kind>object</kind>
         <file>i2c_if.obj</file>
         <name>i2c_if.obj</name>
      </input_file>
      <input_file id="fl-4">
         <path>.\</path>
         <kind>object</kind>
         <file>main.obj</file>
         <name>main.obj</name>
      </input_file>
      <input_file id="fl-5">
         <path>.\</path>
         <kind>object</kind>
         <file>pinmux.obj</file>
         <name>pinmux.obj</name>
      </input_file>
      <input_file id="fl-6">
         <path>.\</path>
         <kind>object</kind>
         <file>startup_ccs.obj</file>
         <name>startup_ccs.obj</name>
      </input_file>
      <input_file id="fl-7">
         <path>.\</path>
         <kind>object</kind>
         <file>tmp006drv.obj</file>
         <name>tmp006drv.obj</name>
      </input_file>
      <input_file id="fl-8">
         <path>.\</path>
         <kind>object</kind>
         <file>uart_if.obj</file>
         <name>uart_if.obj</name>
      </input_file>
      <input_file id="fl-9">
         <path>.\</path>
         <kind>object</kind>
         <file>utils_if.obj</file>
         <name>utils_if.obj</name>
      </input_file>
      <input_file id="fl-c4">
         <path>D:\ti\ccsv6\tools\compiler\ti-cgt-arm_15.12.1.LTS\lib\</path>
         <kind>archive</kind>
         <file>rtsv7M4_T_le_eabi.lib</file>
         <name>boot.obj</name>
      </input_file>
      <input_file id="fl-c5">
         <path>D:\ti\ccsv6\tools\compiler\ti-cgt-arm_15.12.1.LTS\lib\</path>
         <kind>archive</kind>
         <file>rtsv7M4_T_le_eabi.lib</file>
         <name>copy_decompress_none.obj</name>
      </input_file>
      <input_file id="fl-c6">
         <path>D:\ti\ccsv6\tools\compiler\ti-cgt-arm_15.12.1.LTS\lib\</path>
         <kind>archive</kind>
         <file>rtsv7M4_T_le_eabi.lib</file>
         <name>copy_decompress_rle.obj</name>
      </input_file>
      <input_file id="fl-c7">
         <path>D:\ti\ccsv6\tools\compiler\ti-cgt-arm_15.12.1.LTS\lib\</path>
         <kind>archive</kind>
         <file>rtsv7M4_T_le_eabi.lib</file>
         <name>copy_zero_init.obj</name>
      </input_file>
      <input_file id="fl-c8">
         <path>D:\ti\ccsv6\tools\compiler\ti-cgt-arm_15.12.1.LTS\lib\</path>
         <kind>archive</kind>
         <file>rtsv7M4_T_le_eabi.lib</file>
         <name>e_pow.obj</name>
      </input_file>
      <input_file id="fl-c9">
         <path>D:\ti\ccsv6\tools\compiler\ti-cgt-arm_15.12.1.LTS\lib\</path>
         <kind>archive</kind>
         <file>rtsv7M4_T_le_eabi.lib</file>
         <name>e_sqrt.obj</name>
      </input_file>
      <input_file id="fl-ca">
         <path>D:\ti\ccsv6\tools\compiler\ti-cgt-arm_15.12.1.LTS\lib\</path>
         <kind>archive</kind>
         <file>rtsv7M4_T_le_eabi.lib</file>
         <name>errno.obj</name>
      </input_file>
      <input_file id="fl-cb">
         <path>D:\ti\ccsv6\tools\compiler\ti-cgt-arm_15.12.1.LTS\lib\</path>
         <kind>archive</kind>
         <file>rtsv7M4_T_le_eabi.lib</file>
         <name>exit.obj</name>
      </input_file>
      <input_file id="fl-cc">
         <path>D:\ti\ccsv6\tools\compiler\ti-cgt-arm_15.12.1.LTS\lib\</path>
         <kind>archive</kind>
         <file>rtsv7M4_T_le_eabi.lib</file>
         <name>fd_add_t2.obj</name>
      </input_file>
      <input_file id="fl-cd">
         <path>D:\ti\ccsv6\tools\compiler\ti-cgt-arm_15.12.1.LTS\lib\</path>
         <kind>archive</kind>
         <file>rtsv7M4_T_le_eabi.lib</file>
         <name>fd_cmp_t2.obj</name>
      </input_file>
      <input_file id="fl-ce">
         <path>D:\ti\ccsv6\tools\compiler\ti-cgt-arm_15.12.1.LTS\lib\</path>
         <kind>archive</kind>
         <file>rtsv7M4_T_le_eabi.lib</file>
         <name>fd_div_t2.obj</name>
      </input_file>
      <input_file id="fl-cf">
         <path>D:\ti\ccsv6\tools\compiler\ti-cgt-arm_15.12.1.LTS\lib\</path>
         <kind>archive</kind>
         <file>rtsv7M4_T_le_eabi.lib</file>
         <name>fd_mul_t2.obj</name>
      </input_file>
      <input_file id="fl-d0">
         <path>D:\ti\ccsv6\tools\compiler\ti-cgt-arm_15.12.1.LTS\lib\</path>
         <kind>archive</kind>
         <file>rtsv7M4_T_le_eabi.lib</file>
         <name>fd_tos_t2.obj</name>
      </input_file>
      <input_file id="fl-d1">
         <path>D:\ti\ccsv6\tools\compiler\ti-cgt-arm_15.12.1.LTS\lib\</path>
         <kind>archive</kind>
         <file>rtsv7M4_T_le_eabi.lib</file>
         <name>fs_add_t2.obj</name>
      </input_file>
      <input_file id="fl-d2">
         <path>D:\ti\ccsv6\tools\compiler\ti-cgt-arm_15.12.1.LTS\lib\</path>
         <kind>archive</kind>
         <file>rtsv7M4_T_le_eabi.lib</file>
         <name>fs_cmp_t2.obj</name>
      </input_file>
      <input_file id="fl-d3">
         <path>D:\ti\ccsv6\tools\compiler\ti-cgt-arm_15.12.1.LTS\lib\</path>
         <kind>archive</kind>
         <file>rtsv7M4_T_le_eabi.lib</file>
         <name>fs_mul_t2.obj</name>
      </input_file>
      <input_file id="fl-d4">
         <path>D:\ti\ccsv6\tools\compiler\ti-cgt-arm_15.12.1.LTS\lib\</path>
         <kind>archive</kind>
         <file>rtsv7M4_T_le_eabi.lib</file>
         <name>fs_tod_t2.obj</name>
      </input_file>
      <input_file id="fl-d5">
         <path>D:\ti\ccsv6\tools\compiler\ti-cgt-arm_15.12.1.LTS\lib\</path>
         <kind>archive</kind>
         <file>rtsv7M4_T_le_eabi.lib</file>
         <name>fs_toi_t2.obj</name>
      </input_file>
      <input_file id="fl-d6">
         <path>D:\ti\ccsv6\tools\compiler\ti-cgt-arm_15.12.1.LTS\lib\</path>
         <kind>archive</kind>
         <file>rtsv7M4_T_le_eabi.lib</file>
         <name>i_tofd_t2.obj</name>
      </input_file>
      <input_file id="fl-d7">
         <path>D:\ti\ccsv6\tools\compiler\ti-cgt-arm_15.12.1.LTS\lib\</path>
         <kind>archive</kind>
         <file>rtsv7M4_T_le_eabi.lib</file>
         <name>i_tofs_t2.obj</name>
      </input_file>
      <input_file id="fl-d8">
         <path>D:\ti\ccsv6\tools\compiler\ti-cgt-arm_15.12.1.LTS\lib\</path>
         <kind>archive</kind>
         <file>rtsv7M4_T_le_eabi.lib</file>
         <name>memcpy_t2.obj</name>
      </input_file>
      <input_file id="fl-d9">
         <path>D:\ti\ccsv6\tools\compiler\ti-cgt-arm_15.12.1.LTS\lib\</path>
         <kind>archive</kind>
         <file>rtsv7M4_T_le_eabi.lib</file>
         <name>memmov.obj</name>
      </input_file>
      <input_file id="fl-da">
         <path>D:\ti\ccsv6\tools\compiler\ti-cgt-arm_15.12.1.LTS\lib\</path>
         <kind>archive</kind>
         <file>rtsv7M4_T_le_eabi.lib</file>
         <name>memory.obj</name>
      </input_file>
      <input_file id="fl-db">
         <path>D:\ti\ccsv6\tools\compiler\ti-cgt-arm_15.12.1.LTS\lib\</path>
         <kind>archive</kind>
         <file>rtsv7M4_T_le_eabi.lib</file>
         <name>memset_t2.obj</name>
      </input_file>
      <input_file id="fl-dc">
         <path>D:\ti\ccsv6\tools\compiler\ti-cgt-arm_15.12.1.LTS\lib\</path>
         <kind>archive</kind>
         <file>rtsv7M4_T_le_eabi.lib</file>
         <name>mpu_init.obj</name>
      </input_file>
      <input_file id="fl-dd">
         <path>D:\ti\ccsv6\tools\compiler\ti-cgt-arm_15.12.1.LTS\lib\</path>
         <kind>archive</kind>
         <file>rtsv7M4_T_le_eabi.lib</file>
         <name>pre_init.obj</name>
      </input_file>
      <input_file id="fl-de">
         <path>D:\ti\ccsv6\tools\compiler\ti-cgt-arm_15.12.1.LTS\lib\</path>
         <kind>archive</kind>
         <file>rtsv7M4_T_le_eabi.lib</file>
         <name>s_scalbn.obj</name>
      </input_file>
      <input_file id="fl-df">
         <path>D:\ti\ccsv6\tools\compiler\ti-cgt-arm_15.12.1.LTS\lib\</path>
         <kind>archive</kind>
         <file>rtsv7M4_T_le_eabi.lib</file>
         <name>stkdepth_vars.obj</name>
      </input_file>
      <input_file id="fl-e0">
         <path>D:\ti\ccsv6\tools\compiler\ti-cgt-arm_15.12.1.LTS\lib\</path>
         <kind>archive</kind>
         <file>rtsv7M4_T_le_eabi.lib</file>
         <name>strlen.obj</name>
      </input_file>
      <input_file id="fl-e1">
         <path>D:\ti\ccsv6\tools\compiler\ti-cgt-arm_15.12.1.LTS\lib\</path>
         <kind>archive</kind>
         <file>rtsv7M4_T_le_eabi.lib</file>
         <name>vsnprintf.obj</name>
      </input_file>
      <input_file id="fl-e2">
         <path>D:\ti\ccsv6\tools\compiler\ti-cgt-arm_15.12.1.LTS\lib\</path>
         <kind>archive</kind>
         <file>rtsv7M4_T_le_eabi.lib</file>
         <name>_lock.obj</name>
      </input_file>
      <input_file id="fl-e3">
         <path>D:\ti\ccsv6\tools\compiler\ti-cgt-arm_15.12.1.LTS\lib\</path>
         <kind>archive</kind>
         <file>rtsv7M4_T_le_eabi.lib</file>
         <name>_printfi.obj</name>
      </input_file>
      <input_file id="fl-e4">
         <path>D:\ti\ccsv6\tools\compiler\ti-cgt-arm_15.12.1.LTS\lib\</path>
         <kind>archive</kind>
         <file>rtsv7M4_T_le_eabi.lib</file>
         <name>args_main.obj</name>
      </input_file>
      <input_file id="fl-e5">
         <path>D:\ti\ccsv6\tools\compiler\ti-cgt-arm_15.12.1.LTS\lib\</path>
         <kind>archive</kind>
         <file>rtsv7M4_T_le_eabi.lib</file>
         <name>atoi.obj</name>
      </input_file>
      <input_file id="fl-e6">
         <path>D:\ti\ccsv6\tools\compiler\ti-cgt-arm_15.12.1.LTS\lib\</path>
         <kind>archive</kind>
         <file>rtsv7M4_T_le_eabi.lib</file>
         <name>autoinit.obj</name>
      </input_file>
      <input_file id="fl-e7">
         <path>D:\ti\ccsv6\tools\compiler\ti-cgt-arm_15.12.1.LTS\lib\</path>
         <kind>archive</kind>
         <file>rtsv7M4_T_le_eabi.lib</file>
         <name>cpy_tbl.obj</name>
      </input_file>
      <input_file id="fl-e8">
         <path>D:\ti\ccsv6\tools\compiler\ti-cgt-arm_15.12.1.LTS\lib\</path>
         <kind>archive</kind>
         <file>rtsv7M4_T_le_eabi.lib</file>
         <name>ctype.obj</name>
      </input_file>
      <input_file id="fl-e9">
         <path>D:\ti\ccsv6\tools\compiler\ti-cgt-arm_15.12.1.LTS\lib\</path>
         <kind>archive</kind>
         <file>rtsv7M4_T_le_eabi.lib</file>
         <name>fd_toi_t2.obj</name>
      </input_file>
      <input_file id="fl-ea">
         <path>D:\ti\ccsv6\tools\compiler\ti-cgt-arm_15.12.1.LTS\lib\</path>
         <kind>archive</kind>
         <file>rtsv7M4_T_le_eabi.lib</file>
         <name>ltoa.obj</name>
      </input_file>
      <input_file id="fl-eb">
         <path>D:\ti\ccsv6\tools\compiler\ti-cgt-arm_15.12.1.LTS\lib\</path>
         <kind>archive</kind>
         <file>rtsv7M4_T_le_eabi.lib</file>
         <name>memccpy.obj</name>
      </input_file>
      <input_file id="fl-ec">
         <path>D:\ti\ccsv6\tools\compiler\ti-cgt-arm_15.12.1.LTS\lib\</path>
         <kind>archive</kind>
         <file>rtsv7M4_T_le_eabi.lib</file>
         <name>s_copysign.obj</name>
      </input_file>
      <input_file id="fl-ed">
         <path>D:\ti\ccsv6\tools\compiler\ti-cgt-arm_15.12.1.LTS\lib\</path>
         <kind>archive</kind>
         <file>rtsv7M4_T_le_eabi.lib</file>
         <name>s_frexp.obj</name>
      </input_file>
      <input_file id="fl-ee">
         <path>D:\ti\ccsv6\tools\compiler\ti-cgt-arm_15.12.1.LTS\lib\</path>
         <kind>archive</kind>
         <file>rtsv7M4_T_le_eabi.lib</file>
         <name>startup.obj</name>
      </input_file>
      <input_file id="fl-ef">
         <path>D:\ti\ccsv6\tools\compiler\ti-cgt-arm_15.12.1.LTS\lib\</path>
         <kind>archive</kind>
         <file>rtsv7M4_T_le_eabi.lib</file>
         <name>strchr.obj</name>
      </input_file>
      <input_file id="fl-f0">
         <path>D:\ti\ccsv6\tools\compiler\ti-cgt-arm_15.12.1.LTS\lib\</path>
         <kind>archive</kind>
         <file>rtsv7M4_T_le_eabi.lib</file>
         <name>ull_div_t2.obj</name>
      </input_file>
      <input_file id="fl-f1">
         <path>C:\ti\CC3200SDK_1.2.0\cc3200-sdk\driverlib\ccs\Release\</path>
         <kind>archive</kind>
         <file>driverlib.a</file>
         <name>gpio.obj</name>
      </input_file>
      <input_file id="fl-f2">
         <path>C:\ti\CC3200SDK_1.2.0\cc3200-sdk\driverlib\ccs\Release\</path>
         <kind>archive</kind>
         <file>driverlib.a</file>
         <name>hwspinlock.obj</name>
      </input_file>
      <input_file id="fl-f3">
         <path>C:\ti\CC3200SDK_1.2.0\cc3200-sdk\driverlib\ccs\Release\</path>
         <kind>archive</kind>
         <file>driverlib.a</file>
         <name>i2c.obj</name>
      </input_file>
      <input_file id="fl-f4">
         <path>C:\ti\CC3200SDK_1.2.0\cc3200-sdk\driverlib\ccs\Release\</path>
         <kind>archive</kind>
         <file>driverlib.a</file>
         <name>interrupt.obj</name>
      </input_file>
      <input_file id="fl-f5">
         <path>C:\ti\CC3200SDK_1.2.0\cc3200-sdk\driverlib\ccs\Release\</path>
         <kind>archive</kind>
         <file>driverlib.a</file>
         <name>pin.obj</name>
      </input_file>
      <input_file id="fl-f6">
         <path>C:\ti\CC3200SDK_1.2.0\cc3200-sdk\driverlib\ccs\Release\</path>
         <kind>archive</kind>
         <file>driverlib.a</file>
         <name>prcm.obj</name>
      </input_file>
      <input_file id="fl-f7">
         <path>C:\ti\CC3200SDK_1.2.0\cc3200-sdk\driverlib\ccs\Release\</path>
         <kind>archive</kind>
         <file>driverlib.a</file>
         <name>spi.obj</name>
      </input_file>
      <input_file id="fl-f8">
         <path>C:\ti\CC3200SDK_1.2.0\cc3200-sdk\driverlib\ccs\Release\</path>
         <kind>archive</kind>
         <file>driverlib.a</file>
         <name>uart.obj</name>
      </input_file>
      <input_file id="fl-f9">
         <path>C:\ti\CC3200SDK_1.2.0\cc3200-sdk\driverlib\ccs\Release\</path>
         <kind>archive</kind>
         <file>driverlib.a</file>
         <name>utils.obj</name>
      </input_file>
      <input_file id="fl-fa">
         <path>C:\ti\CC3200SDK_1.2.0\cc3200-sdk\driverlib\ccs\Release\</path>
         <kind>archive</kind>
         <file>driverlib.a</file>
         <name>cpu.obj</name>
      </input_file>
      <input_file id="fl-fb">
         <path>C:\ti\CC3200SDK_1.2.0\cc3200-sdk\driverlib\ccs\Release\</path>
         <kind>archive</kind>
         <file>driverlib.a</file>
         <name>flash.obj</name>
      </input_file>
   </input_file_list>
   <object_component_list>
      <object_component id="oc-f">
         <name>.intvecs</name>
         <load_address>0x20004000</load_address>
         <run_address>0x20004000</run_address>
         <size>0x400</size>
         <input_file_ref idref="fl-6"/>
      </object_component>
      <object_component id="oc-2a5">
         <name>.text</name>
         <load_address>0x20004400</load_address>
         <run_address>0x20004400</run_address>
         <size>0x10fc</size>
         <input_file_ref idref="fl-e3"/>
      </object_component>
      <object_component id="oc-276">
         <name>.text</name>
         <load_address>0x200054fc</load_address>
         <run_address>0x200054fc</run_address>
         <size>0x9a4</size>
         <input_file_ref idref="fl-c8"/>
      </object_component>
      <object_component id="oc-138">
         <name>.text</name>
         <load_address>0x20005ea0</load_address>
         <run_address>0x20005ea0</run_address>
         <size>0x40c</size>
         <input_file_ref idref="fl-7"/>
      </object_component>
      <object_component id="oc-195">
         <name>.text</name>
         <load_address>0x200062ac</load_address>
         <run_address>0x200062ac</run_address>
         <size>0x3dc</size>
         <input_file_ref idref="fl-da"/>
      </object_component>
      <object_component id="oc-12c">
         <name>.text</name>
         <load_address>0x20006688</load_address>
         <run_address>0x20006688</run_address>
         <size>0x39c</size>
         <input_file_ref idref="fl-2"/>
      </object_component>
      <object_component id="oc-ac">
         <name>.text</name>
         <load_address>0x20006a24</load_address>
         <run_address>0x20006a24</run_address>
         <size>0x360</size>
         <input_file_ref idref="fl-4"/>
      </object_component>
      <object_component id="oc-132">
         <name>.text</name>
         <load_address>0x20006d84</load_address>
         <run_address>0x20006d84</run_address>
         <size>0x290</size>
         <input_file_ref idref="fl-3"/>
      </object_component>
      <object_component id="oc-108">
         <name>.text</name>
         <load_address>0x20007014</load_address>
         <run_address>0x20007014</run_address>
         <size>0x280</size>
         <input_file_ref idref="fl-8"/>
      </object_component>
      <object_component id="oc-337">
         <name>.text</name>
         <load_address>0x20007294</load_address>
         <run_address>0x20007294</run_address>
         <size>0x1f4</size>
         <input_file_ref idref="fl-f0"/>
      </object_component>
      <object_component id="oc-26c">
         <name>.text</name>
         <load_address>0x20007488</load_address>
         <run_address>0x20007488</run_address>
         <size>0x1b6</size>
         <input_file_ref idref="fl-cc"/>
      </object_component>
      <object_component id="oc-5b">
         <name>.text</name>
         <load_address>0x2000763e</load_address>
         <run_address>0x2000763e</run_address>
         <size>0x2</size>
         <input_file_ref idref="fl-dc"/>
      </object_component>
      <object_component id="oc-120">
         <name>.text:PRCMCC3200MCUInit</name>
         <load_address>0x20007640</load_address>
         <run_address>0x20007640</run_address>
         <size>0x178</size>
         <input_file_ref idref="fl-f6"/>
      </object_component>
      <object_component id="oc-316">
         <name>.text</name>
         <load_address>0x200077b8</load_address>
         <run_address>0x200077b8</run_address>
         <size>0x170</size>
         <input_file_ref idref="fl-c9"/>
      </object_component>
      <object_component id="oc-27c">
         <name>.text</name>
         <load_address>0x20007928</load_address>
         <run_address>0x20007928</run_address>
         <size>0x136</size>
         <input_file_ref idref="fl-ce"/>
      </object_component>
      <object_component id="oc-271">
         <name>.text</name>
         <load_address>0x20007a5e</load_address>
         <run_address>0x20007a5e</run_address>
         <size>0xfc</size>
         <input_file_ref idref="fl-cf"/>
      </object_component>
      <object_component id="oc-fe">
         <name>.text</name>
         <load_address>0x20007b5a</load_address>
         <run_address>0x20007b5a</run_address>
         <size>0xfa</size>
         <input_file_ref idref="fl-d1"/>
      </object_component>
      <object_component id="oc-322">
         <name>.text</name>
         <load_address>0x20007c54</load_address>
         <run_address>0x20007c54</run_address>
         <size>0xd0</size>
         <input_file_ref idref="fl-de"/>
      </object_component>
      <object_component id="oc-11a">
         <name>.text:IntEnable</name>
         <load_address>0x20007d24</load_address>
         <run_address>0x20007d24</run_address>
         <size>0xa8</size>
         <input_file_ref idref="fl-f4"/>
      </object_component>
      <object_component id="oc-36">
         <name>.text</name>
         <load_address>0x20007dcc</load_address>
         <run_address>0x20007dcc</run_address>
         <size>0x9c</size>
         <input_file_ref idref="fl-d8"/>
      </object_component>
      <object_component id="oc-16b">
         <name>.text:PRCMPeripheralClockGet</name>
         <load_address>0x20007e68</load_address>
         <run_address>0x20007e68</run_address>
         <size>0x94</size>
         <input_file_ref idref="fl-f6"/>
      </object_component>
      <object_component id="oc-2d7">
         <name>.text:PinConfigSet</name>
         <load_address>0x20007efc</load_address>
         <run_address>0x20007efc</run_address>
         <size>0x88</size>
         <input_file_ref idref="fl-f5"/>
      </object_component>
      <object_component id="oc-17d">
         <name>.text</name>
         <load_address>0x20007f84</load_address>
         <run_address>0x20007f84</run_address>
         <size>0x88</size>
         <input_file_ref idref="fl-e1"/>
      </object_component>
      <object_component id="oc-df">
         <name>.text:__aeabi_cdcmple</name>
         <load_address>0x2000800c</load_address>
         <run_address>0x2000800c</run_address>
         <size>0x86</size>
         <input_file_ref idref="fl-cd"/>
      </object_component>
      <object_component id="oc-e4">
         <name>.text:__aeabi_cdrcmple</name>
         <load_address>0x20008092</load_address>
         <run_address>0x20008092</run_address>
         <size>0x86</size>
         <input_file_ref idref="fl-cd"/>
      </object_component>
      <object_component id="oc-25f">
         <name>.text:I2CMasterInitExpClk</name>
         <load_address>0x20008118</load_address>
         <run_address>0x20008118</run_address>
         <size>0x84</size>
         <input_file_ref idref="fl-f3"/>
      </object_component>
      <object_component id="oc-1f9">
         <name>.text:GPIOIntTypeSet</name>
         <load_address>0x2000819c</load_address>
         <run_address>0x2000819c</run_address>
         <size>0x82</size>
         <input_file_ref idref="fl-f1"/>
      </object_component>
      <object_component id="oc-103">
         <name>.text</name>
         <load_address>0x2000821e</load_address>
         <run_address>0x2000821e</run_address>
         <size>0x7a</size>
         <input_file_ref idref="fl-d3"/>
      </object_component>
      <object_component id="oc-4f">
         <name>.text</name>
         <load_address>0x20008298</load_address>
         <run_address>0x20008298</run_address>
         <size>0x7a</size>
         <input_file_ref idref="fl-db"/>
      </object_component>
      <object_component id="oc-171">
         <name>.text:UARTConfigSetExpClk</name>
         <load_address>0x20008312</load_address>
         <run_address>0x20008312</run_address>
         <size>0x76</size>
         <input_file_ref idref="fl-f8"/>
      </object_component>
      <object_component id="oc-126">
         <name>.text</name>
         <load_address>0x20008388</load_address>
         <run_address>0x20008388</run_address>
         <size>0x74</size>
         <input_file_ref idref="fl-5"/>
      </object_component>
      <object_component id="oc-67">
         <name>.text</name>
         <load_address>0x200083fc</load_address>
         <run_address>0x200083fc</run_address>
         <size>0x70</size>
         <input_file_ref idref="fl-e6"/>
      </object_component>
      <object_component id="oc-286">
         <name>.text</name>
         <load_address>0x2000846c</load_address>
         <run_address>0x2000846c</run_address>
         <size>0x6e</size>
         <input_file_ref idref="fl-d0"/>
      </object_component>
      <object_component id="oc-42">
         <name>.text</name>
         <load_address>0x200084da</load_address>
         <run_address>0x200084da</run_address>
         <size>0x6a</size>
         <input_file_ref idref="fl-c6"/>
      </object_component>
      <object_component id="oc-e9">
         <name>.text:__aeabi_cfcmple</name>
         <load_address>0x20008544</load_address>
         <run_address>0x20008544</run_address>
         <size>0x60</size>
         <input_file_ref idref="fl-d2"/>
      </object_component>
      <object_component id="oc-347">
         <name>.text</name>
         <load_address>0x200085a4</load_address>
         <run_address>0x200085a4</run_address>
         <size>0x5c</size>
         <input_file_ref idref="fl-ed"/>
      </object_component>
      <object_component id="oc-1d3">
         <name>.text:PRCMPeripheralReset</name>
         <load_address>0x20008600</load_address>
         <run_address>0x20008600</run_address>
         <size>0x58</size>
         <input_file_ref idref="fl-f6"/>
      </object_component>
      <object_component id="oc-341">
         <name>.text</name>
         <load_address>0x20008658</load_address>
         <run_address>0x20008658</run_address>
         <size>0x56</size>
         <input_file_ref idref="fl-ea"/>
      </object_component>
      <object_component id="oc-a4">
         <name>.text</name>
         <load_address>0x200086ae</load_address>
         <run_address>0x200086ae</run_address>
         <size>0x2</size>
         <input_file_ref idref="fl-ee"/>
      </object_component>
      <object_component id="oc-1ff">
         <name>.text:IntPrioritySet</name>
         <load_address>0x200086b0</load_address>
         <run_address>0x200086b0</run_address>
         <size>0x54</size>
         <input_file_ref idref="fl-f4"/>
      </object_component>
      <object_component id="oc-73">
         <name>.text</name>
         <load_address>0x20008704</load_address>
         <run_address>0x20008704</run_address>
         <size>0x54</size>
         <input_file_ref idref="fl-cb"/>
      </object_component>
      <object_component id="oc-359">
         <name>.text</name>
         <load_address>0x20008758</load_address>
         <run_address>0x20008758</run_address>
         <size>0x4c</size>
         <input_file_ref idref="fl-e5"/>
      </object_component>
      <object_component id="oc-9e">
         <name>.text</name>
         <load_address>0x200087a4</load_address>
         <run_address>0x200087a4</run_address>
         <size>0x4c</size>
         <input_file_ref idref="fl-e7"/>
      </object_component>
      <object_component id="oc-2e6">
         <name>.text:GPIOGetIntNumber</name>
         <load_address>0x200087f0</load_address>
         <run_address>0x200087f0</run_address>
         <size>0x48</size>
         <input_file_ref idref="fl-f1"/>
      </object_component>
      <object_component id="oc-33c">
         <name>.text</name>
         <load_address>0x20008838</load_address>
         <run_address>0x20008838</run_address>
         <size>0x48</size>
         <input_file_ref idref="fl-e9"/>
      </object_component>
      <object_component id="oc-2d1">
         <name>.text:PinModeSet</name>
         <load_address>0x20008880</load_address>
         <run_address>0x20008880</run_address>
         <size>0x40</size>
         <input_file_ref idref="fl-f5"/>
      </object_component>
      <object_component id="oc-24">
         <name>.text</name>
         <load_address>0x200088c0</load_address>
         <run_address>0x200088c0</run_address>
         <size>0x40</size>
         <input_file_ref idref="fl-c4"/>
      </object_component>
      <object_component id="oc-1cd">
         <name>.text:PRCMPeripheralClkEnable</name>
         <load_address>0x20008900</load_address>
         <run_address>0x20008900</run_address>
         <size>0x3c</size>
         <input_file_ref idref="fl-f6"/>
      </object_component>
      <object_component id="oc-da">
         <name>.text</name>
         <load_address>0x2000893c</load_address>
         <run_address>0x2000893c</run_address>
         <size>0x38</size>
         <input_file_ref idref="fl-d4"/>
      </object_component>
      <object_component id="oc-ee">
         <name>.text</name>
         <load_address>0x20008974</load_address>
         <run_address>0x20008974</run_address>
         <size>0x38</size>
         <input_file_ref idref="fl-d5"/>
      </object_component>
      <object_component id="oc-f9">
         <name>.text</name>
         <load_address>0x200089ac</load_address>
         <run_address>0x200089ac</run_address>
         <size>0x38</size>
         <input_file_ref idref="fl-d7"/>
      </object_component>
      <object_component id="oc-1ec">
         <name>.text:GPIODirModeSet</name>
         <load_address>0x200089e4</load_address>
         <run_address>0x200089e4</run_address>
         <size>0x36</size>
         <input_file_ref idref="fl-f1"/>
      </object_component>
      <object_component id="oc-1e6">
         <name>.text:PinTypeGPIO</name>
         <load_address>0x20008a1a</load_address>
         <run_address>0x20008a1a</run_address>
         <size>0x30</size>
         <input_file_ref idref="fl-f5"/>
      </object_component>
      <object_component id="oc-297">
         <name>.text:UARTDisable</name>
         <load_address>0x20008a4c</load_address>
         <run_address>0x20008a4c</run_address>
         <size>0x30</size>
         <input_file_ref idref="fl-f8"/>
      </object_component>
      <object_component id="oc-281">
         <name>.text</name>
         <load_address>0x20008a7c</load_address>
         <run_address>0x20008a7c</run_address>
         <size>0x2e</size>
         <input_file_ref idref="fl-d6"/>
      </object_component>
      <object_component id="oc-247">
         <name>.text:I2CMasterErr</name>
         <load_address>0x20008aaa</load_address>
         <run_address>0x20008aaa</run_address>
         <size>0x2c</size>
         <input_file_ref idref="fl-f3"/>
      </object_component>
      <object_component id="oc-1bb">
         <name>.text:PRCMSysResetCauseGet</name>
         <load_address>0x20008ad8</load_address>
         <run_address>0x20008ad8</run_address>
         <size>0x2c</size>
         <input_file_ref idref="fl-f6"/>
      </object_component>
      <object_component id="oc-1d9">
         <name>.text:PRCMPeripheralClkDisable</name>
         <load_address>0x20008b04</load_address>
         <run_address>0x20008b04</run_address>
         <size>0x28</size>
         <input_file_ref idref="fl-f6"/>
      </object_component>
      <object_component id="oc-29d">
         <name>.text:UARTEnable</name>
         <load_address>0x20008b2c</load_address>
         <run_address>0x20008b2c</run_address>
         <size>0x24</size>
         <input_file_ref idref="fl-f8"/>
      </object_component>
      <object_component id="oc-18f">
         <name>.text</name>
         <load_address>0x20008b50</load_address>
         <run_address>0x20008b50</run_address>
         <size>0x24</size>
         <input_file_ref idref="fl-d9"/>
      </object_component>
      <object_component id="oc-24d">
         <name>.text:I2CMasterSlaveAddrSet</name>
         <load_address>0x20008b74</load_address>
         <run_address>0x20008b74</run_address>
         <size>0x22</size>
         <input_file_ref idref="fl-f3"/>
      </object_component>
      <object_component id="oc-217">
         <name>.text:GPIOPinWrite</name>
         <load_address>0x20008b96</load_address>
         <run_address>0x20008b96</run_address>
         <size>0x20</size>
         <input_file_ref idref="fl-f1"/>
      </object_component>
      <object_component id="oc-2ec">
         <name>.text:IntRegister</name>
         <load_address>0x20008bb8</load_address>
         <run_address>0x20008bb8</run_address>
         <size>0x20</size>
         <input_file_ref idref="fl-f4"/>
      </object_component>
      <object_component id="oc-205">
         <name>.text:GPIOIntRegister</name>
         <load_address>0x20008bd8</load_address>
         <run_address>0x20008bd8</run_address>
         <size>0x1e</size>
         <input_file_ref idref="fl-f1"/>
      </object_component>
      <object_component id="oc-22f">
         <name>.text:I2CMasterIntStatusEx</name>
         <load_address>0x20008bf6</load_address>
         <run_address>0x20008bf6</run_address>
         <size>0x1e</size>
         <input_file_ref idref="fl-f3"/>
      </object_component>
      <object_component id="oc-177">
         <name>.text:UARTCharPut</name>
         <load_address>0x20008c14</load_address>
         <run_address>0x20008c14</run_address>
         <size>0x1e</size>
         <input_file_ref idref="fl-f8"/>
      </object_component>
      <object_component id="oc-1f2">
         <name>.text:PinTypeI2C</name>
         <load_address>0x20008c32</load_address>
         <run_address>0x20008c32</run_address>
         <size>0x1c</size>
         <input_file_ref idref="fl-f5"/>
      </object_component>
      <object_component id="oc-189">
         <name>.text:UARTCharGetNonBlocking</name>
         <load_address>0x20008c4e</load_address>
         <run_address>0x20008c4e</run_address>
         <size>0x1c</size>
         <input_file_ref idref="fl-f8"/>
      </object_component>
      <object_component id="oc-353">
         <name>.text</name>
         <load_address>0x20008c6a</load_address>
         <run_address>0x20008c6a</run_address>
         <size>0x1c</size>
         <input_file_ref idref="fl-eb"/>
      </object_component>
      <object_component id="oc-211">
         <name>.text:GPIOIntEnable</name>
         <load_address>0x20008c86</load_address>
         <run_address>0x20008c86</run_address>
         <size>0x1a</size>
         <input_file_ref idref="fl-f1"/>
      </object_component>
      <object_component id="oc-1e0">
         <name>.text:PinTypeUART</name>
         <load_address>0x20008ca0</load_address>
         <run_address>0x20008ca0</run_address>
         <size>0x1a</size>
         <input_file_ref idref="fl-f5"/>
      </object_component>
      <object_component id="oc-223">
         <name>.text:GPIOPinRead</name>
         <load_address>0x20008cba</load_address>
         <run_address>0x20008cba</run_address>
         <size>0x18</size>
         <input_file_ref idref="fl-f1"/>
      </object_component>
      <object_component id="oc-183">
         <name>.text:UARTCharsAvail</name>
         <load_address>0x20008cd2</load_address>
         <run_address>0x20008cd2</run_address>
         <size>0x18</size>
         <input_file_ref idref="fl-f8"/>
      </object_component>
      <object_component id="oc-6d">
         <name>.text</name>
         <load_address>0x20008cec</load_address>
         <run_address>0x20008cec</run_address>
         <size>0x18</size>
         <input_file_ref idref="fl-e4"/>
      </object_component>
      <object_component id="oc-253">
         <name>.text:I2CMasterDataPut</name>
         <load_address>0x20008d04</load_address>
         <run_address>0x20008d04</run_address>
         <size>0x16</size>
         <input_file_ref idref="fl-f3"/>
      </object_component>
      <object_component id="oc-30b">
         <name>.text:I2CMasterEnable</name>
         <load_address>0x20008d1a</load_address>
         <run_address>0x20008d1a</run_address>
         <size>0x16</size>
         <input_file_ref idref="fl-f3"/>
      </object_component>
      <object_component id="oc-1c1">
         <name>.text:PRCMHIBRegRead</name>
         <load_address>0x20008d30</load_address>
         <run_address>0x20008d30</run_address>
         <size>0x16</size>
         <input_file_ref idref="fl-f6"/>
      </object_component>
      <object_component id="oc-1c7">
         <name>.text:PRCMHIBRegWrite</name>
         <load_address>0x20008d46</load_address>
         <run_address>0x20008d46</run_address>
         <size>0x16</size>
         <input_file_ref idref="fl-f6"/>
      </object_component>
      <object_component id="oc-34d">
         <name>.text</name>
         <load_address>0x20008d5c</load_address>
         <run_address>0x20008d5c</run_address>
         <size>0x16</size>
         <input_file_ref idref="fl-ef"/>
      </object_component>
      <object_component id="oc-1ab">
         <name>.text:CPUcpsie</name>
         <load_address>0x20008d72</load_address>
         <run_address>0x20008d72</run_address>
         <size>0x14</size>
         <input_file_ref idref="fl-fa"/>
      </object_component>
      <object_component id="oc-20b">
         <name>.text:GPIOIntClear</name>
         <load_address>0x20008d86</load_address>
         <run_address>0x20008d86</run_address>
         <size>0x14</size>
         <input_file_ref idref="fl-f1"/>
      </object_component>
      <object_component id="oc-10e">
         <name>.text:IntVTableBaseSet</name>
         <load_address>0x20008d9c</load_address>
         <run_address>0x20008d9c</run_address>
         <size>0x14</size>
         <input_file_ref idref="fl-f4"/>
      </object_component>
      <object_component id="oc-14e">
         <name>.text</name>
         <load_address>0x20008db0</load_address>
         <run_address>0x20008db0</run_address>
         <size>0x14</size>
         <input_file_ref idref="fl-e2"/>
      </object_component>
      <object_component id="oc-f3">
         <name>.text</name>
         <load_address>0x20008dc4</load_address>
         <run_address>0x20008dc4</run_address>
         <size>0x14</size>
         <input_file_ref idref="fl-e0"/>
      </object_component>
      <object_component id="oc-241">
         <name>.text:I2CMasterControl</name>
         <load_address>0x20008dd8</load_address>
         <run_address>0x20008dd8</run_address>
         <size>0x12</size>
         <input_file_ref idref="fl-f3"/>
      </object_component>
      <object_component id="oc-235">
         <name>.text:I2CMasterIntClearEx</name>
         <load_address>0x20008dea</load_address>
         <run_address>0x20008dea</run_address>
         <size>0x12</size>
         <input_file_ref idref="fl-f3"/>
      </object_component>
      <object_component id="oc-23b">
         <name>.text:I2CMasterTimeoutSet</name>
         <load_address>0x20008dfc</load_address>
         <run_address>0x20008dfc</run_address>
         <size>0x12</size>
         <input_file_ref idref="fl-f3"/>
      </object_component>
      <object_component id="oc-259">
         <name>.text:I2CMasterDataGet</name>
         <load_address>0x20008e0e</load_address>
         <run_address>0x20008e0e</run_address>
         <size>0xe</size>
         <input_file_ref idref="fl-f3"/>
      </object_component>
      <object_component id="oc-12">
         <name>.text:decompress:none</name>
         <load_address>0x20008e1c</load_address>
         <run_address>0x20008e1c</run_address>
         <size>0xe</size>
         <input_file_ref idref="fl-c5"/>
      </object_component>
      <object_component id="oc-2d">
         <name>.text</name>
         <load_address>0x20008e2a</load_address>
         <run_address>0x20008e2a</run_address>
         <size>0xe</size>
         <input_file_ref idref="fl-6"/>
      </object_component>
      <object_component id="oc-114">
         <name>.text:IntMasterEnable</name>
         <load_address>0x20008e38</load_address>
         <run_address>0x20008e38</run_address>
         <size>0xa</size>
         <input_file_ref idref="fl-f4"/>
      </object_component>
      <object_component id="oc-38e">
         <name>.text</name>
         <load_address>0x20008e42</load_address>
         <run_address>0x20008e42</run_address>
         <size>0x8</size>
         <input_file_ref idref="fl-ec"/>
      </object_component>
      <object_component id="oc-13e">
         <name>.text:UtilsDelay</name>
         <load_address>0x20008e4a</load_address>
         <run_address>0x20008e4a</run_address>
         <size>0x6</size>
         <input_file_ref idref="fl-f9"/>
      </object_component>
      <object_component id="oc-18">
         <name>.text:decompress:rle24</name>
         <load_address>0x20008e50</load_address>
         <run_address>0x20008e50</run_address>
         <size>0x6</size>
         <input_file_ref idref="fl-c6"/>
      </object_component>
      <object_component id="oc-61">
         <name>.text</name>
         <load_address>0x20008e56</load_address>
         <run_address>0x20008e56</run_address>
         <size>0x4</size>
         <input_file_ref idref="fl-dd"/>
      </object_component>
      <object_component id="oc-3a7">
         <name>.const:.string:_ctypes_</name>
         <load_address>0x20008e60</load_address>
         <run_address>0x20008e60</run_address>
         <size>0x101</size>
         <input_file_ref idref="fl-e8"/>
      </object_component>
      <object_component id="oc-37c">
         <name>.const:g_ulPinToPadMap</name>
         <load_address>0x20008f64</load_address>
         <run_address>0x20008f64</run_address>
         <size>0x100</size>
         <input_file_ref idref="fl-f5"/>
      </object_component>
      <object_component id="oc-2e2">
         <name>.const:g_pulRegs</name>
         <load_address>0x20009064</load_address>
         <run_address>0x20009064</run_address>
         <size>0xd4</size>
         <input_file_ref idref="fl-f4"/>
      </object_component>
      <object_component id="oc-2ca">
         <name>.const:PRCM_PeriphRegsList</name>
         <load_address>0x20009138</load_address>
         <run_address>0x20009138</run_address>
         <size>0xa8</size>
         <input_file_ref idref="fl-f6"/>
      </object_component>
      <object_component id="oc-1b7">
         <name>.const</name>
         <load_address>0x200091e0</load_address>
         <run_address>0x200091e0</run_address>
         <size>0x80</size>
         <input_file_ref idref="fl-f4"/>
      </object_component>
      <object_component id="oc-31f">
         <name>.const:$O1$$</name>
         <load_address>0x20009260</load_address>
         <run_address>0x20009260</run_address>
         <size>0x30</size>
         <input_file_ref idref="fl-c8"/>
      </object_component>
      <object_component id="oc-13f">
         <name>.const:.string:pcDigits</name>
         <load_address>0x20009290</load_address>
         <run_address>0x20009290</run_address>
         <size>0xb</size>
         <input_file_ref idref="fl-4"/>
      </object_component>
      <object_component id="oc-142">
         <name>.const:.string:$P$T0$1</name>
         <load_address>0x2000929b</load_address>
         <run_address>0x2000929b</run_address>
         <size>0x5</size>
         <input_file_ref idref="fl-4"/>
      </object_component>
      <object_component id="oc-3ed">
         <name>.cinit..data.load</name>
         <load_address>0x200092a0</load_address>
         <run_address>0x200092a0</run_address>
         <size>0x37</size>
      </object_component>
      <object_component id="oc-3ee">
         <name>.cinit..bss.load</name>
         <load_address>0x200092d8</load_address>
         <run_address>0x200092d8</run_address>
         <size>0x9</size>
      </object_component>
      <object_component id="oc-3eb">
         <name>__TI_handler_table</name>
         <load_address>0x200092e4</load_address>
         <run_address>0x200092e4</run_address>
         <size>0x8</size>
      </object_component>
      <object_component id="oc-3ec">
         <name>__TI_cinit_table</name>
         <load_address>0x200092ec</load_address>
         <run_address>0x200092ec</run_address>
         <size>0x10</size>
      </object_component>
      <object_component id="oc-22b">
         <name>.data:ulReg</name>
         <load_address>0x20017800</load_address>
         <run_address>0x20017800</run_address>
         <size>0x14</size>
         <input_file_ref idref="fl-2"/>
      </object_component>
      <object_component id="oc-21d">
         <name>.data</name>
         <load_address>0x2001782c</load_address>
         <run_address>0x2001782c</run_address>
         <size>0xc</size>
         <input_file_ref idref="fl-2"/>
      </object_component>
      <object_component id="oc-31c">
         <name>.data</name>
         <load_address>0x20017840</load_address>
         <run_address>0x20017840</run_address>
         <size>0x4</size>
         <input_file_ref idref="fl-ca"/>
      </object_component>
      <object_component id="oc-b4">
         <name>.data:$O1$$</name>
         <load_address>0x20017814</load_address>
         <run_address>0x20017814</run_address>
         <size>0xc</size>
         <input_file_ref idref="fl-cb"/>
      </object_component>
      <object_component id="oc-2bb">
         <name>.data:$O1$$</name>
         <load_address>0x20017820</load_address>
         <run_address>0x20017820</run_address>
         <size>0xc</size>
         <input_file_ref idref="fl-da"/>
      </object_component>
      <object_component id="oc-79">
         <name>.data</name>
         <load_address>0x20017844</load_address>
         <run_address>0x20017844</run_address>
         <size>0x4</size>
         <input_file_ref idref="fl-df"/>
      </object_component>
      <object_component id="oc-b7">
         <name>.data:$O1$$</name>
         <load_address>0x20017838</load_address>
         <run_address>0x20017838</run_address>
         <size>0x8</size>
         <input_file_ref idref="fl-e2"/>
      </object_component>
      <object_component id="oc-19b">
         <name>.bss</name>
         <uninitialized>true</uninitialized>
         <run_address>0x20017848</run_address>
         <size>0x4</size>
         <input_file_ref idref="fl-8"/>
      </object_component>
      <object_component id="oc-220">
         <name>.common:g_ucLED1Pin</name>
         <uninitialized>true</uninitialized>
         <run_address>0x2001784c</run_address>
         <size>0x1</size>
      </object_component>
      <object_component id="oc-229">
         <name>.common:g_ucLED2Pin</name>
         <uninitialized>true</uninitialized>
         <run_address>0x2001784d</run_address>
         <size>0x1</size>
      </object_component>
      <object_component id="oc-22a">
         <name>.common:g_ucLED3Pin</name>
         <uninitialized>true</uninitialized>
         <run_address>0x2001784e</run_address>
         <size>0x1</size>
      </object_component>
      <object_component id="oc-2a">
         <name>.sysmem</name>
         <uninitialized>true</uninitialized>
         <run_address>0x20017000</run_address>
         <size>0x8</size>
         <input_file_ref idref="fl-da"/>
      </object_component>
      <object_component id="oc-3f0">
         <name>.sysmem</name>
         <uninitialized>true</uninitialized>
         <run_address>0x20017000</run_address>
         <size>0x0</size>
      </object_component>
      <object_component id="oc-29">
         <name>.stack</name>
         <uninitialized>true</uninitialized>
         <run_address>0x2002f800</run_address>
         <size>0x0</size>
         <input_file_ref idref="fl-c4"/>
      </object_component>
      <object_component id="oc-3ef">
         <name>.stack</name>
         <uninitialized>true</uninitialized>
         <run_address>0x2002f800</run_address>
         <size>0x0</size>
      </object_component>
      <object_component id="oc-221">
         <name>.debug_info</name>
         <load_address>0x0</load_address>
         <run_address>0x0</run_address>
         <size>0x29e</size>
         <input_file_ref idref="fl-2"/>
      </object_component>
      <object_component id="oc-22c">
         <name>.debug_info</name>
         <load_address>0x29e</load_address>
         <run_address>0x29e</run_address>
         <size>0xb6</size>
         <input_file_ref idref="fl-2"/>
      </object_component>
      <object_component id="oc-21e">
         <name>.debug_info</name>
         <load_address>0x354</load_address>
         <run_address>0x354</run_address>
         <size>0x117</size>
         <input_file_ref idref="fl-2"/>
      </object_component>
      <object_component id="oc-12d">
         <name>.debug_info</name>
         <load_address>0x46b</load_address>
         <run_address>0x46b</run_address>
         <size>0xb37</size>
         <input_file_ref idref="fl-2"/>
      </object_component>
      <object_component id="oc-377">
         <name>.debug_info</name>
         <load_address>0xfa2</load_address>
         <run_address>0xfa2</run_address>
         <size>0x62</size>
         <input_file_ref idref="fl-2"/>
      </object_component>
      <object_component id="oc-84">
         <name>.debug_info</name>
         <load_address>0x1004</load_address>
         <run_address>0x1004</run_address>
         <size>0x84</size>
         <input_file_ref idref="fl-2"/>
      </object_component>
      <object_component id="oc-1b2">
         <name>.debug_info</name>
         <load_address>0x1088</load_address>
         <run_address>0x1088</run_address>
         <size>0x2c</size>
         <input_file_ref idref="fl-2"/>
      </object_component>
      <object_component id="oc-1a0">
         <name>.debug_info</name>
         <load_address>0x10b4</load_address>
         <run_address>0x10b4</run_address>
         <size>0x4e</size>
         <input_file_ref idref="fl-2"/>
      </object_component>
      <object_component id="oc-26b">
         <name>.debug_info</name>
         <load_address>0x1102</load_address>
         <run_address>0x1102</run_address>
         <size>0x3b3</size>
         <input_file_ref idref="fl-3"/>
      </object_component>
      <object_component id="oc-134">
         <name>.debug_info</name>
         <load_address>0x14b5</load_address>
         <run_address>0x14b5</run_address>
         <size>0x90d</size>
         <input_file_ref idref="fl-3"/>
      </object_component>
      <object_component id="oc-1a5">
         <name>.debug_info</name>
         <load_address>0x1dc2</load_address>
         <run_address>0x1dc2</run_address>
         <size>0x110</size>
         <input_file_ref idref="fl-3"/>
      </object_component>
      <object_component id="oc-266">
         <name>.debug_info</name>
         <load_address>0x1ed2</load_address>
         <run_address>0x1ed2</run_address>
         <size>0x8b</size>
         <input_file_ref idref="fl-3"/>
      </object_component>
      <object_component id="oc-2ff">
         <name>.debug_info</name>
         <load_address>0x1f5d</load_address>
         <run_address>0x1f5d</run_address>
         <size>0x18b</size>
         <input_file_ref idref="fl-3"/>
      </object_component>
      <object_component id="oc-144">
         <name>.debug_info</name>
         <load_address>0x20e8</load_address>
         <run_address>0x20e8</run_address>
         <size>0x3df</size>
         <input_file_ref idref="fl-4"/>
      </object_component>
      <object_component id="oc-140">
         <name>.debug_info</name>
         <load_address>0x24c7</load_address>
         <run_address>0x24c7</run_address>
         <size>0xb9</size>
         <input_file_ref idref="fl-4"/>
      </object_component>
      <object_component id="oc-ae">
         <name>.debug_info</name>
         <load_address>0x2580</load_address>
         <run_address>0x2580</run_address>
         <size>0x6a3</size>
         <input_file_ref idref="fl-4"/>
      </object_component>
      <object_component id="oc-128">
         <name>.debug_info</name>
         <load_address>0x2c23</load_address>
         <run_address>0x2c23</run_address>
         <size>0x1fe</size>
         <input_file_ref idref="fl-5"/>
      </object_component>
      <object_component id="oc-35">
         <name>.debug_info</name>
         <load_address>0x2e21</load_address>
         <run_address>0x2e21</run_address>
         <size>0xde</size>
         <input_file_ref idref="fl-6"/>
      </object_component>
      <object_component id="oc-10">
         <name>.debug_info</name>
         <load_address>0x2eff</load_address>
         <run_address>0x2eff</run_address>
         <size>0xc9</size>
         <input_file_ref idref="fl-6"/>
      </object_component>
      <object_component id="oc-2f">
         <name>.debug_info</name>
         <load_address>0x2fc8</load_address>
         <run_address>0x2fc8</run_address>
         <size>0x228</size>
         <input_file_ref idref="fl-6"/>
      </object_component>
      <object_component id="oc-28c">
         <name>.debug_info</name>
         <load_address>0x31f0</load_address>
         <run_address>0x31f0</run_address>
         <size>0x1b0</size>
         <input_file_ref idref="fl-7"/>
      </object_component>
      <object_component id="oc-139">
         <name>.debug_info</name>
         <load_address>0x33a0</load_address>
         <run_address>0x33a0</run_address>
         <size>0x8b8</size>
         <input_file_ref idref="fl-7"/>
      </object_component>
      <object_component id="oc-19f">
         <name>.debug_info</name>
         <load_address>0x3c58</load_address>
         <run_address>0x3c58</run_address>
         <size>0x340</size>
         <input_file_ref idref="fl-8"/>
      </object_component>
      <object_component id="oc-19c">
         <name>.debug_info</name>
         <load_address>0x3f98</load_address>
         <run_address>0x3f98</run_address>
         <size>0xc0</size>
         <input_file_ref idref="fl-8"/>
      </object_component>
      <object_component id="oc-109">
         <name>.debug_info</name>
         <load_address>0x4058</load_address>
         <run_address>0x4058</run_address>
         <size>0x627</size>
         <input_file_ref idref="fl-8"/>
      </object_component>
      <object_component id="oc-27">
         <name>.debug_info</name>
         <load_address>0x467f</load_address>
         <run_address>0x467f</run_address>
         <size>0x17c</size>
         <input_file_ref idref="fl-c4"/>
      </object_component>
      <object_component id="oc-41">
         <name>.debug_info</name>
         <load_address>0x47fb</load_address>
         <run_address>0x47fb</run_address>
         <size>0x15c</size>
         <input_file_ref idref="fl-c5"/>
      </object_component>
      <object_component id="oc-14">
         <name>.debug_info</name>
         <load_address>0x4957</load_address>
         <run_address>0x4957</run_address>
         <size>0x1fb</size>
         <input_file_ref idref="fl-c5"/>
      </object_component>
      <object_component id="oc-3c">
         <name>.debug_info</name>
         <load_address>0x4b52</load_address>
         <run_address>0x4b52</run_address>
         <size>0x46</size>
         <input_file_ref idref="fl-c5"/>
      </object_component>
      <object_component id="oc-8a">
         <name>.debug_info</name>
         <load_address>0x4b98</load_address>
         <run_address>0x4b98</run_address>
         <size>0x2c</size>
         <input_file_ref idref="fl-c5"/>
      </object_component>
      <object_component id="oc-49">
         <name>.debug_info</name>
         <load_address>0x4bc4</load_address>
         <run_address>0x4bc4</run_address>
         <size>0x150</size>
         <input_file_ref idref="fl-c6"/>
      </object_component>
      <object_component id="oc-45">
         <name>.debug_info</name>
         <load_address>0x4d14</load_address>
         <run_address>0x4d14</run_address>
         <size>0x263</size>
         <input_file_ref idref="fl-c6"/>
      </object_component>
      <object_component id="oc-1b">
         <name>.debug_info</name>
         <load_address>0x4f77</load_address>
         <run_address>0x4f77</run_address>
         <size>0x1cd</size>
         <input_file_ref idref="fl-c6"/>
      </object_component>
      <object_component id="oc-4a">
         <name>.debug_info</name>
         <load_address>0x5144</load_address>
         <run_address>0x5144</run_address>
         <size>0x39</size>
         <input_file_ref idref="fl-c6"/>
      </object_component>
      <object_component id="oc-94">
         <name>.debug_info</name>
         <load_address>0x517d</load_address>
         <run_address>0x517d</run_address>
         <size>0x2c</size>
         <input_file_ref idref="fl-c6"/>
      </object_component>
      <object_component id="oc-329">
         <name>.debug_info</name>
         <load_address>0x51a9</load_address>
         <run_address>0x51a9</run_address>
         <size>0x21d</size>
         <input_file_ref idref="fl-c8"/>
      </object_component>
      <object_component id="oc-320">
         <name>.debug_info</name>
         <load_address>0x53c6</load_address>
         <run_address>0x53c6</run_address>
         <size>0x139</size>
         <input_file_ref idref="fl-c8"/>
      </object_component>
      <object_component id="oc-277">
         <name>.debug_info</name>
         <load_address>0x54ff</load_address>
         <run_address>0x54ff</run_address>
         <size>0xb9d</size>
         <input_file_ref idref="fl-c8"/>
      </object_component>
      <object_component id="oc-32b">
         <name>.debug_info</name>
         <load_address>0x609c</load_address>
         <run_address>0x609c</run_address>
         <size>0x39</size>
         <input_file_ref idref="fl-c8"/>
      </object_component>
      <object_component id="oc-389">
         <name>.debug_info</name>
         <load_address>0x60d5</load_address>
         <run_address>0x60d5</run_address>
         <size>0x165</size>
         <input_file_ref idref="fl-c9"/>
      </object_component>
      <object_component id="oc-319">
         <name>.debug_info</name>
         <load_address>0x623a</load_address>
         <run_address>0x623a</run_address>
         <size>0x267</size>
         <input_file_ref idref="fl-c9"/>
      </object_component>
      <object_component id="oc-31d">
         <name>.debug_info</name>
         <load_address>0x64a1</load_address>
         <run_address>0x64a1</run_address>
         <size>0x10f</size>
         <input_file_ref idref="fl-ca"/>
      </object_component>
      <object_component id="oc-bb">
         <name>.debug_info</name>
         <load_address>0x65b0</load_address>
         <run_address>0x65b0</run_address>
         <size>0x250</size>
         <input_file_ref idref="fl-cb"/>
      </object_component>
      <object_component id="oc-b5">
         <name>.debug_info</name>
         <load_address>0x6800</load_address>
         <run_address>0x6800</run_address>
         <size>0x1a1</size>
         <input_file_ref idref="fl-cb"/>
      </object_component>
      <object_component id="oc-75">
         <name>.debug_info</name>
         <load_address>0x69a1</load_address>
         <run_address>0x69a1</run_address>
         <size>0x230</size>
         <input_file_ref idref="fl-cb"/>
      </object_component>
      <object_component id="oc-26f">
         <name>.debug_info</name>
         <load_address>0x6bd1</load_address>
         <run_address>0x6bd1</run_address>
         <size>0x160</size>
         <input_file_ref idref="fl-cc"/>
      </object_component>
      <object_component id="oc-e2">
         <name>.debug_info</name>
         <load_address>0x6d31</load_address>
         <run_address>0x6d31</run_address>
         <size>0x13c</size>
         <input_file_ref idref="fl-cd"/>
      </object_component>
      <object_component id="oc-e7">
         <name>.debug_info</name>
         <load_address>0x6e6d</load_address>
         <run_address>0x6e6d</run_address>
         <size>0x13e</size>
         <input_file_ref idref="fl-cd"/>
      </object_component>
      <object_component id="oc-27d">
         <name>.debug_info</name>
         <load_address>0x6fab</load_address>
         <run_address>0x6fab</run_address>
         <size>0x14e</size>
         <input_file_ref idref="fl-ce"/>
      </object_component>
      <object_component id="oc-274">
         <name>.debug_info</name>
         <load_address>0x70f9</load_address>
         <run_address>0x70f9</run_address>
         <size>0x14e</size>
         <input_file_ref idref="fl-cf"/>
      </object_component>
      <object_component id="oc-288">
         <name>.debug_info</name>
         <load_address>0x7247</load_address>
         <run_address>0x7247</run_address>
         <size>0x152</size>
         <input_file_ref idref="fl-d0"/>
      </object_component>
      <object_component id="oc-ff">
         <name>.debug_info</name>
         <load_address>0x7399</load_address>
         <run_address>0x7399</run_address>
         <size>0x154</size>
         <input_file_ref idref="fl-d1"/>
      </object_component>
      <object_component id="oc-eb">
         <name>.debug_info</name>
         <load_address>0x74ed</load_address>
         <run_address>0x74ed</run_address>
         <size>0x160</size>
         <input_file_ref idref="fl-d2"/>
      </object_component>
      <object_component id="oc-104">
         <name>.debug_info</name>
         <load_address>0x764d</load_address>
         <run_address>0x764d</run_address>
         <size>0x14e</size>
         <input_file_ref idref="fl-d3"/>
      </object_component>
      <object_component id="oc-db">
         <name>.debug_info</name>
         <load_address>0x779b</load_address>
         <run_address>0x779b</run_address>
         <size>0x140</size>
         <input_file_ref idref="fl-d4"/>
      </object_component>
      <object_component id="oc-f0">
         <name>.debug_info</name>
         <load_address>0x78db</load_address>
         <run_address>0x78db</run_address>
         <size>0x142</size>
         <input_file_ref idref="fl-d5"/>
      </object_component>
      <object_component id="oc-282">
         <name>.debug_info</name>
         <load_address>0x7a1d</load_address>
         <run_address>0x7a1d</run_address>
         <size>0x140</size>
         <input_file_ref idref="fl-d6"/>
      </object_component>
      <object_component id="oc-fb">
         <name>.debug_info</name>
         <load_address>0x7b5d</load_address>
         <run_address>0x7b5d</run_address>
         <size>0x13d</size>
         <input_file_ref idref="fl-d7"/>
      </object_component>
      <object_component id="oc-39">
         <name>.debug_info</name>
         <load_address>0x7c9a</load_address>
         <run_address>0x7c9a</run_address>
         <size>0x12d</size>
         <input_file_ref idref="fl-d8"/>
      </object_component>
      <object_component id="oc-2ba">
         <name>.debug_info</name>
         <load_address>0x7dc7</load_address>
         <run_address>0x7dc7</run_address>
         <size>0x148</size>
         <input_file_ref idref="fl-d9"/>
      </object_component>
      <object_component id="oc-191">
         <name>.debug_info</name>
         <load_address>0x7f0f</load_address>
         <run_address>0x7f0f</run_address>
         <size>0x1c7</size>
         <input_file_ref idref="fl-d9"/>
      </object_component>
      <object_component id="oc-7f">
         <name>.debug_info</name>
         <load_address>0x80d6</load_address>
         <run_address>0x80d6</run_address>
         <size>0x23e</size>
         <input_file_ref idref="fl-da"/>
      </object_component>
      <object_component id="oc-2b">
         <name>.debug_info</name>
         <load_address>0x8314</load_address>
         <run_address>0x8314</run_address>
         <size>0x11d</size>
         <input_file_ref idref="fl-da"/>
      </object_component>
      <object_component id="oc-2bc">
         <name>.debug_info</name>
         <load_address>0x8431</load_address>
         <run_address>0x8431</run_address>
         <size>0x168</size>
         <input_file_ref idref="fl-da"/>
      </object_component>
      <object_component id="oc-196">
         <name>.debug_info</name>
         <load_address>0x8599</load_address>
         <run_address>0x8599</run_address>
         <size>0x8a7</size>
         <input_file_ref idref="fl-da"/>
      </object_component>
      <object_component id="oc-c1">
         <name>.debug_info</name>
         <load_address>0x8e40</load_address>
         <run_address>0x8e40</run_address>
         <size>0x2c</size>
         <input_file_ref idref="fl-da"/>
      </object_component>
      <object_component id="oc-c6">
         <name>.debug_info</name>
         <load_address>0x8e6c</load_address>
         <run_address>0x8e6c</run_address>
         <size>0x62</size>
         <input_file_ref idref="fl-da"/>
      </object_component>
      <object_component id="oc-50">
         <name>.debug_info</name>
         <load_address>0x8ece</load_address>
         <run_address>0x8ece</run_address>
         <size>0x15b</size>
         <input_file_ref idref="fl-db"/>
      </object_component>
      <object_component id="oc-5d">
         <name>.debug_info</name>
         <load_address>0x9029</load_address>
         <run_address>0x9029</run_address>
         <size>0x154</size>
         <input_file_ref idref="fl-dc"/>
      </object_component>
      <object_component id="oc-64">
         <name>.debug_info</name>
         <load_address>0x917d</load_address>
         <run_address>0x917d</run_address>
         <size>0x164</size>
         <input_file_ref idref="fl-dd"/>
      </object_component>
      <object_component id="oc-39a">
         <name>.debug_info</name>
         <load_address>0x92e1</load_address>
         <run_address>0x92e1</run_address>
         <size>0x198</size>
         <input_file_ref idref="fl-de"/>
      </object_component>
      <object_component id="oc-323">
         <name>.debug_info</name>
         <load_address>0x9479</load_address>
         <run_address>0x9479</run_address>
         <size>0x202</size>
         <input_file_ref idref="fl-de"/>
      </object_component>
      <object_component id="oc-395">
         <name>.debug_info</name>
         <load_address>0x967b</load_address>
         <run_address>0x967b</run_address>
         <size>0x2c</size>
         <input_file_ref idref="fl-de"/>
      </object_component>
      <object_component id="oc-7a">
         <name>.debug_info</name>
         <load_address>0x96a7</load_address>
         <run_address>0x96a7</run_address>
         <size>0x125</size>
         <input_file_ref idref="fl-df"/>
      </object_component>
      <object_component id="oc-167">
         <name>.debug_info</name>
         <load_address>0x97cc</load_address>
         <run_address>0x97cc</run_address>
         <size>0x106</size>
         <input_file_ref idref="fl-e0"/>
      </object_component>
      <object_component id="oc-f4">
         <name>.debug_info</name>
         <load_address>0x98d2</load_address>
         <run_address>0x98d2</run_address>
         <size>0x27c</size>
         <input_file_ref idref="fl-e0"/>
      </object_component>
      <object_component id="oc-2ac">
         <name>.debug_info</name>
         <load_address>0x9b4e</load_address>
         <run_address>0x9b4e</run_address>
         <size>0x1e4</size>
         <input_file_ref idref="fl-e1"/>
      </object_component>
      <object_component id="oc-17e">
         <name>.debug_info</name>
         <load_address>0x9d32</load_address>
         <run_address>0x9d32</run_address>
         <size>0x378</size>
         <input_file_ref idref="fl-e1"/>
      </object_component>
      <object_component id="oc-2ad">
         <name>.debug_info</name>
         <load_address>0xa0aa</load_address>
         <run_address>0xa0aa</run_address>
         <size>0x2c</size>
         <input_file_ref idref="fl-e1"/>
      </object_component>
      <object_component id="oc-2b2">
         <name>.debug_info</name>
         <load_address>0xa0d6</load_address>
         <run_address>0xa0d6</run_address>
         <size>0x69</size>
         <input_file_ref idref="fl-e1"/>
      </object_component>
      <object_component id="oc-156">
         <name>.debug_info</name>
         <load_address>0xa13f</load_address>
         <run_address>0xa13f</run_address>
         <size>0x140</size>
         <input_file_ref idref="fl-e2"/>
      </object_component>
      <object_component id="oc-b8">
         <name>.debug_info</name>
         <load_address>0xa27f</load_address>
         <run_address>0xa27f</run_address>
         <size>0x12f</size>
         <input_file_ref idref="fl-e2"/>
      </object_component>
      <object_component id="oc-150">
         <name>.debug_info</name>
         <load_address>0xa3ae</load_address>
         <run_address>0xa3ae</run_address>
         <size>0x23b</size>
         <input_file_ref idref="fl-e2"/>
      </object_component>
      <object_component id="oc-360">
         <name>.debug_info</name>
         <load_address>0xa5e9</load_address>
         <run_address>0xa5e9</run_address>
         <size>0x3a7</size>
         <input_file_ref idref="fl-e3"/>
      </object_component>
      <object_component id="oc-2a6">
         <name>.debug_info</name>
         <load_address>0xa990</load_address>
         <run_address>0xa990</run_address>
         <size>0x180a</size>
         <input_file_ref idref="fl-e3"/>
      </object_component>
      <object_component id="oc-361">
         <name>.debug_info</name>
         <load_address>0xc19a</load_address>
         <run_address>0xc19a</run_address>
         <size>0x86</size>
         <input_file_ref idref="fl-e3"/>
      </object_component>
      <object_component id="oc-3ae">
         <name>.debug_info</name>
         <load_address>0xc220</load_address>
         <run_address>0xc220</run_address>
         <size>0x46</size>
         <input_file_ref idref="fl-e3"/>
      </object_component>
      <object_component id="oc-366">
         <name>.debug_info</name>
         <load_address>0xc266</load_address>
         <run_address>0xc266</run_address>
         <size>0x39</size>
         <input_file_ref idref="fl-e3"/>
      </object_component>
      <object_component id="oc-b3">
         <name>.debug_info</name>
         <load_address>0xc29f</load_address>
         <run_address>0xc29f</run_address>
         <size>0x182</size>
         <input_file_ref idref="fl-e4"/>
      </object_component>
      <object_component id="oc-6e">
         <name>.debug_info</name>
         <load_address>0xc421</load_address>
         <run_address>0xc421</run_address>
         <size>0x183</size>
         <input_file_ref idref="fl-e4"/>
      </object_component>
      <object_component id="oc-147">
         <name>.debug_info</name>
         <load_address>0xc5a4</load_address>
         <run_address>0xc5a4</run_address>
         <size>0x5e</size>
         <input_file_ref idref="fl-e4"/>
      </object_component>
      <object_component id="oc-3ab">
         <name>.debug_info</name>
         <load_address>0xc602</load_address>
         <run_address>0xc602</run_address>
         <size>0x130</size>
         <input_file_ref idref="fl-e5"/>
      </object_component>
      <object_component id="oc-35a">
         <name>.debug_info</name>
         <load_address>0xc732</load_address>
         <run_address>0xc732</run_address>
         <size>0x18d</size>
         <input_file_ref idref="fl-e5"/>
      </object_component>
      <object_component id="oc-ab">
         <name>.debug_info</name>
         <load_address>0xc8bf</load_address>
         <run_address>0xc8bf</run_address>
         <size>0x305</size>
         <input_file_ref idref="fl-e6"/>
      </object_component>
      <object_component id="oc-69">
         <name>.debug_info</name>
         <load_address>0xcbc4</load_address>
         <run_address>0xcbc4</run_address>
         <size>0x1ac</size>
         <input_file_ref idref="fl-e6"/>
      </object_component>
      <object_component id="oc-d0">
         <name>.debug_info</name>
         <load_address>0xcd70</load_address>
         <run_address>0xcd70</run_address>
         <size>0x39</size>
         <input_file_ref idref="fl-e6"/>
      </object_component>
      <object_component id="oc-d5">
         <name>.debug_info</name>
         <load_address>0xcda9</load_address>
         <run_address>0xcda9</run_address>
         <size>0xcd</size>
         <input_file_ref idref="fl-e6"/>
      </object_component>
      <object_component id="oc-cc">
         <name>.debug_info</name>
         <load_address>0xce76</load_address>
         <run_address>0xce76</run_address>
         <size>0x1fc</size>
         <input_file_ref idref="fl-e7"/>
      </object_component>
      <object_component id="oc-a0">
         <name>.debug_info</name>
         <load_address>0xd072</load_address>
         <run_address>0xd072</run_address>
         <size>0x19f</size>
         <input_file_ref idref="fl-e7"/>
      </object_component>
      <object_component id="oc-15c">
         <name>.debug_info</name>
         <load_address>0xd211</load_address>
         <run_address>0xd211</run_address>
         <size>0x2c</size>
         <input_file_ref idref="fl-e7"/>
      </object_component>
      <object_component id="oc-3c5">
         <name>.debug_info</name>
         <load_address>0xd23d</load_address>
         <run_address>0xd23d</run_address>
         <size>0x10a</size>
         <input_file_ref idref="fl-e8"/>
      </object_component>
      <object_component id="oc-3a8">
         <name>.debug_info</name>
         <load_address>0xd347</load_address>
         <run_address>0xd347</run_address>
         <size>0x116</size>
         <input_file_ref idref="fl-e8"/>
      </object_component>
      <object_component id="oc-33d">
         <name>.debug_info</name>
         <load_address>0xd45d</load_address>
         <run_address>0xd45d</run_address>
         <size>0x142</size>
         <input_file_ref idref="fl-e9"/>
      </object_component>
      <object_component id="oc-3a0">
         <name>.debug_info</name>
         <load_address>0xd59f</load_address>
         <run_address>0xd59f</run_address>
         <size>0x168</size>
         <input_file_ref idref="fl-ea"/>
      </object_component>
      <object_component id="oc-342">
         <name>.debug_info</name>
         <load_address>0xd707</load_address>
         <run_address>0xd707</run_address>
         <size>0x1de</size>
         <input_file_ref idref="fl-ea"/>
      </object_component>
      <object_component id="oc-3a6">
         <name>.debug_info</name>
         <load_address>0xd8e5</load_address>
         <run_address>0xd8e5</run_address>
         <size>0x10d</size>
         <input_file_ref idref="fl-eb"/>
      </object_component>
      <object_component id="oc-354">
         <name>.debug_info</name>
         <load_address>0xd9f2</load_address>
         <run_address>0xd9f2</run_address>
         <size>0x1c7</size>
         <input_file_ref idref="fl-eb"/>
      </object_component>
      <object_component id="oc-392">
         <name>.debug_info</name>
         <load_address>0xdbb9</load_address>
         <run_address>0xdbb9</run_address>
         <size>0x170</size>
         <input_file_ref idref="fl-ec"/>
      </object_component>
      <object_component id="oc-3a2">
         <name>.debug_info</name>
         <load_address>0xdd29</load_address>
         <run_address>0xdd29</run_address>
         <size>0x15b</size>
         <input_file_ref idref="fl-ed"/>
      </object_component>
      <object_component id="oc-34a">
         <name>.debug_info</name>
         <load_address>0xde84</load_address>
         <run_address>0xde84</run_address>
         <size>0x1a5</size>
         <input_file_ref idref="fl-ed"/>
      </object_component>
      <object_component id="oc-a5">
         <name>.debug_info</name>
         <load_address>0xe029</load_address>
         <run_address>0xe029</run_address>
         <size>0x161</size>
         <input_file_ref idref="fl-ee"/>
      </object_component>
      <object_component id="oc-3a4">
         <name>.debug_info</name>
         <load_address>0xe18a</load_address>
         <run_address>0xe18a</run_address>
         <size>0x111</size>
         <input_file_ref idref="fl-ef"/>
      </object_component>
      <object_component id="oc-34e">
         <name>.debug_info</name>
         <load_address>0xe29b</load_address>
         <run_address>0xe29b</run_address>
         <size>0x296</size>
         <input_file_ref idref="fl-ef"/>
      </object_component>
      <object_component id="oc-33a">
         <name>.debug_info</name>
         <load_address>0xe531</load_address>
         <run_address>0xe531</run_address>
         <size>0x199</size>
         <input_file_ref idref="fl-f0"/>
      </object_component>
      <object_component id="oc-2f3">
         <name>.debug_info</name>
         <load_address>0xe6ca</load_address>
         <run_address>0xe6ca</run_address>
         <size>0x17a</size>
         <input_file_ref idref="fl-f1"/>
      </object_component>
      <object_component id="oc-2e7">
         <name>.debug_info</name>
         <load_address>0xe844</load_address>
         <run_address>0xe844</run_address>
         <size>0x1aa</size>
         <input_file_ref idref="fl-f1"/>
      </object_component>
      <object_component id="oc-1ed">
         <name>.debug_info</name>
         <load_address>0xe9ee</load_address>
         <run_address>0xe9ee</run_address>
         <size>0x1e9</size>
         <input_file_ref idref="fl-f1"/>
      </object_component>
      <object_component id="oc-1fa">
         <name>.debug_info</name>
         <load_address>0xebd7</load_address>
         <run_address>0xebd7</run_address>
         <size>0x1f4</size>
         <input_file_ref idref="fl-f1"/>
      </object_component>
      <object_component id="oc-212">
         <name>.debug_info</name>
         <load_address>0xedcb</load_address>
         <run_address>0xedcb</run_address>
         <size>0x1cb</size>
         <input_file_ref idref="fl-f1"/>
      </object_component>
      <object_component id="oc-20c">
         <name>.debug_info</name>
         <load_address>0xef96</load_address>
         <run_address>0xef96</run_address>
         <size>0x1c9</size>
         <input_file_ref idref="fl-f1"/>
      </object_component>
      <object_component id="oc-206">
         <name>.debug_info</name>
         <load_address>0xf15f</load_address>
         <run_address>0xf15f</run_address>
         <size>0x214</size>
         <input_file_ref idref="fl-f1"/>
      </object_component>
      <object_component id="oc-224">
         <name>.debug_info</name>
         <load_address>0xf373</load_address>
         <run_address>0xf373</run_address>
         <size>0x1bb</size>
         <input_file_ref idref="fl-f1"/>
      </object_component>
      <object_component id="oc-218">
         <name>.debug_info</name>
         <load_address>0xf52e</load_address>
         <run_address>0xf52e</run_address>
         <size>0x1e0</size>
         <input_file_ref idref="fl-f1"/>
      </object_component>
      <object_component id="oc-260">
         <name>.debug_info</name>
         <load_address>0xf70e</load_address>
         <run_address>0xf70e</run_address>
         <size>0x24e</size>
         <input_file_ref idref="fl-f3"/>
      </object_component>
      <object_component id="oc-30c">
         <name>.debug_info</name>
         <load_address>0xf95c</load_address>
         <run_address>0xf95c</run_address>
         <size>0x199</size>
         <input_file_ref idref="fl-f3"/>
      </object_component>
      <object_component id="oc-230">
         <name>.debug_info</name>
         <load_address>0xfaf5</load_address>
         <run_address>0xfaf5</run_address>
         <size>0x1d6</size>
         <input_file_ref idref="fl-f3"/>
      </object_component>
      <object_component id="oc-236">
         <name>.debug_info</name>
         <load_address>0xfccb</load_address>
         <run_address>0xfccb</run_address>
         <size>0x1e4</size>
         <input_file_ref idref="fl-f3"/>
      </object_component>
      <object_component id="oc-24e">
         <name>.debug_info</name>
         <load_address>0xfeaf</load_address>
         <run_address>0xfeaf</run_address>
         <size>0x21b</size>
         <input_file_ref idref="fl-f3"/>
      </object_component>
      <object_component id="oc-242">
         <name>.debug_info</name>
         <load_address>0x100ca</load_address>
         <run_address>0x100ca</run_address>
         <size>0x1ca</size>
         <input_file_ref idref="fl-f3"/>
      </object_component>
      <object_component id="oc-248">
         <name>.debug_info</name>
         <load_address>0x10294</load_address>
         <run_address>0x10294</run_address>
         <size>0x1af</size>
         <input_file_ref idref="fl-f3"/>
      </object_component>
      <object_component id="oc-254">
         <name>.debug_info</name>
         <load_address>0x10443</load_address>
         <run_address>0x10443</run_address>
         <size>0x1ca</size>
         <input_file_ref idref="fl-f3"/>
      </object_component>
      <object_component id="oc-25a">
         <name>.debug_info</name>
         <load_address>0x1060d</load_address>
         <run_address>0x1060d</run_address>
         <size>0x19f</size>
         <input_file_ref idref="fl-f3"/>
[...]
         <name>__TI_decompress_none</name>
         <value>0x20008e1d</value>
         <object_component_ref idref="oc-12"/>
      </symbol>
      <symbol id="sm-21b">
         <name>__TI_decompress_rle24</name>
         <value>0x20008e51</value>
         <object_component_ref idref="oc-18"/>
      </symbol>
      <symbol id="sm-2ab">
         <name>pow</name>
         <value>0x200054fd</value>
         <object_component_ref idref="oc-276"/>
      </symbol>
      <symbol id="sm-2ac">
         <name>powl</name>
         <value>0x200054fd</value>
         <object_component_ref idref="oc-276"/>
      </symbol>
      <symbol id="sm-2d0">
         <name>sqrtl</name>
         <value>0x200077b9</value>
         <object_component_ref idref="oc-316"/>
      </symbol>
      <symbol id="sm-2d1">
         <name>sqrt</name>
         <value>0x200077b9</value>
         <object_component_ref idref="oc-316"/>
      </symbol>
      <symbol id="sm-2d9">
         <name>errno</name>
         <value>0x20017840</value>
         <object_component_ref idref="oc-31c"/>
      </symbol>
      <symbol id="sm-2fa">
         <name>C$$EXIT</name>
         <value>0x20008705</value>
         <object_component_ref idref="oc-73"/>
      </symbol>
      <symbol id="sm-2fb">
         <name>abort</name>
         <value>0x20008709</value>
         <object_component_ref idref="oc-73"/>
      </symbol>
      <symbol id="sm-2fc">
         <name>exit</name>
         <value>0x20008711</value>
         <object_component_ref idref="oc-73"/>
      </symbol>
      <symbol id="sm-2fd">
         <name>__TI_dtors_ptr</name>
         <value>0x20017818</value>
         <object_component_ref idref="oc-b4"/>
      </symbol>
      <symbol id="sm-2fe">
         <name>__TI_cleanup_ptr</name>
         <value>0x20017814</value>
         <object_component_ref idref="oc-b4"/>
      </symbol>
      <symbol id="sm-2ff">
         <name>__TI_enable_exit_profile_output</name>
         <value>0x2001781c</value>
         <object_component_ref idref="oc-b4"/>
      </symbol>
      <symbol id="sm-316">
         <name>__aeabi_dsub</name>
         <value>0x20007489</value>
         <object_component_ref idref="oc-26c"/>
      </symbol>
      <symbol id="sm-317">
         <name>__aeabi_dadd</name>
         <value>0x20007493</value>
         <object_component_ref idref="oc-26c"/>
      </symbol>
      <symbol id="sm-339">
         <name>__aeabi_cdcmpeq</name>
         <value>0x2000800d</value>
         <object_component_ref idref="oc-df"/>
      </symbol>
      <symbol id="sm-33a">
         <name>__aeabi_cdcmple</name>
         <value>0x2000800d</value>
         <object_component_ref idref="oc-df"/>
      </symbol>
      <symbol id="sm-33b">
         <name>__aeabi_cdrcmple</name>
         <value>0x20008093</value>
         <object_component_ref idref="oc-e4"/>
      </symbol>
      <symbol id="sm-34f">
         <name>__aeabi_ddiv</name>
         <value>0x20007929</value>
         <object_component_ref idref="oc-27c"/>
      </symbol>
      <symbol id="sm-35a">
         <name>__aeabi_dmul</name>
         <value>0x20007a5f</value>
         <object_component_ref idref="oc-271"/>
      </symbol>
      <symbol id="sm-366">
         <name>__aeabi_d2f</name>
         <value>0x2000846d</value>
         <object_component_ref idref="oc-286"/>
      </symbol>
      <symbol id="sm-377">
         <name>__aeabi_fadd</name>
         <value>0x20007b5f</value>
         <object_component_ref idref="oc-fe"/>
      </symbol>
      <symbol id="sm-378">
         <name>__aeabi_fsub</name>
         <value>0x20007b5b</value>
         <object_component_ref idref="oc-fe"/>
      </symbol>
      <symbol id="sm-386">
         <name>__aeabi_cfcmpeq</name>
         <value>0x20008545</value>
         <object_component_ref idref="oc-e9"/>
      </symbol>
      <symbol id="sm-387">
         <name>__aeabi_cfcmple</name>
         <value>0x20008545</value>
         <object_component_ref idref="oc-e9"/>
      </symbol>
      <symbol id="sm-391">
         <name>__aeabi_fmul</name>
         <value>0x2000821f</value>
         <object_component_ref idref="oc-103"/>
      </symbol>
      <symbol id="sm-39c">
         <name>__aeabi_f2d</name>
         <value>0x2000893d</value>
         <object_component_ref idref="oc-da"/>
      </symbol>
      <symbol id="sm-3a6">
         <name>__aeabi_f2iz</name>
         <value>0x20008975</value>
         <object_component_ref idref="oc-ee"/>
      </symbol>
      <symbol id="sm-3b0">
         <name>__aeabi_i2d</name>
         <value>0x20008a7d</value>
         <object_component_ref idref="oc-281"/>
      </symbol>
      <symbol id="sm-3bb">
         <name>__aeabi_i2f</name>
         <value>0x200089ad</value>
         <object_component_ref idref="oc-f9"/>
      </symbol>
      <symbol id="sm-3d6">
         <name>memcpy</name>
         <value>0x20007dcd</value>
         <object_component_ref idref="oc-36"/>
      </symbol>
      <symbol id="sm-3d7">
         <name>__aeabi_memcpy</name>
         <value>0x20007dcd</value>
         <object_component_ref idref="oc-36"/>
      </symbol>
      <symbol id="sm-3d8">
         <name>__aeabi_memcpy8</name>
         <value>0x20007dcd</value>
         <object_component_ref idref="oc-36"/>
      </symbol>
      <symbol id="sm-3d9">
         <name>__aeabi_memcpy4</name>
         <value>0x20007dcd</value>
         <object_component_ref idref="oc-36"/>
      </symbol>
      <symbol id="sm-3e9">
         <name>memmove</name>
         <value>0x20008b51</value>
         <object_component_ref idref="oc-18f"/>
      </symbol>
      <symbol id="sm-45d">
         <name>_sys_memory</name>
         <value>0x20017000</value>
         <object_component_ref idref="oc-2a"/>
      </symbol>
      <symbol id="sm-45e">
         <name>free</name>
         <value>0x200063a3</value>
         <object_component_ref idref="oc-195"/>
      </symbol>
      <symbol id="sm-45f">
         <name>realloc</name>
         <value>0x20006465</value>
         <object_component_ref idref="oc-195"/>
      </symbol>
      <symbol id="sm-460">
         <name>memalign</name>
         <value>0x20006571</value>
         <object_component_ref idref="oc-195"/>
      </symbol>
      <symbol id="sm-461">
         <name>calloc</name>
         <value>0x20006655</value>
         <object_component_ref idref="oc-195"/>
      </symbol>
      <symbol id="sm-462">
         <name>malloc</name>
         <value>0x2000633b</value>
         <object_component_ref idref="oc-195"/>
      </symbol>
      <symbol id="sm-463">
         <name>minit</name>
         <value>0x200062ad</value>
         <object_component_ref idref="oc-195"/>
      </symbol>
      <symbol id="sm-472">
         <name>__aeabi_memset</name>
         <value>0x2000829b</value>
         <object_component_ref idref="oc-4f"/>
      </symbol>
      <symbol id="sm-473">
         <name>memset</name>
         <value>0x200082a1</value>
         <object_component_ref idref="oc-4f"/>
      </symbol>
      <symbol id="sm-474">
         <name>__aeabi_memset8</name>
         <value>0x2000829b</value>
         <object_component_ref idref="oc-4f"/>
      </symbol>
      <symbol id="sm-475">
         <name>__aeabi_memset4</name>
         <value>0x2000829b</value>
         <object_component_ref idref="oc-4f"/>
      </symbol>
      <symbol id="sm-476">
         <name>__aeabi_memclr8</name>
         <value>0x20008299</value>
         <object_component_ref idref="oc-4f"/>
      </symbol>
      <symbol id="sm-477">
         <name>__aeabi_memclr4</name>
         <value>0x20008299</value>
         <object_component_ref idref="oc-4f"/>
      </symbol>
      <symbol id="sm-478">
         <name>__aeabi_memclr</name>
         <value>0x20008299</value>
         <object_component_ref idref="oc-4f"/>
      </symbol>
      <symbol id="sm-482">
         <name>__mpu_init</name>
         <value>0x2000763f</value>
         <object_component_ref idref="oc-5b"/>
      </symbol>
      <symbol id="sm-48c">
         <name>_system_pre_init</name>
         <value>0x20008e57</value>
         <object_component_ref idref="oc-61"/>
      </symbol>
      <symbol id="sm-4af">
         <name>scalbn</name>
         <value>0x20007c55</value>
         <object_component_ref idref="oc-322"/>
      </symbol>
      <symbol id="sm-4b0">
         <name>scalbnl</name>
         <value>0x20007c55</value>
         <object_component_ref idref="oc-322"/>
      </symbol>
      <symbol id="sm-4b1">
         <name>ldexpl</name>
         <value>0x20007c55</value>
         <object_component_ref idref="oc-322"/>
      </symbol>
      <symbol id="sm-4b2">
         <name>ldexp</name>
         <value>0x20007c55</value>
         <object_component_ref idref="oc-322"/>
      </symbol>
      <symbol id="sm-4ba">
         <name>main_func_sp</name>
         <value>0x20017844</value>
         <object_component_ref idref="oc-79"/>
      </symbol>
      <symbol id="sm-4c8">
         <name>strlen</name>
         <value>0x20008dc5</value>
         <object_component_ref idref="oc-f3"/>
      </symbol>
      <symbol id="sm-4e9">
         <name>vsnprintf</name>
         <value>0x20007f85</value>
         <object_component_ref idref="oc-17d"/>
      </symbol>
      <symbol id="sm-502">
         <name>_nop</name>
         <value>0x20008dbf</value>
         <object_component_ref idref="oc-14e"/>
      </symbol>
      <symbol id="sm-503">
         <name>_lock</name>
         <value>0x20017838</value>
         <object_component_ref idref="oc-b7"/>
      </symbol>
      <symbol id="sm-504">
         <name>_unlock</name>
         <value>0x2001783c</value>
         <object_component_ref idref="oc-b7"/>
      </symbol>
      <symbol id="sm-505">
         <name>_register_lock</name>
         <value>0x20008db7</value>
         <object_component_ref idref="oc-14e"/>
      </symbol>
      <symbol id="sm-506">
         <name>_register_unlock</name>
         <value>0x20008db1</value>
         <object_component_ref idref="oc-14e"/>
      </symbol>
      <symbol id="sm-60d">
         <name>__TI_printfi</name>
         <value>0x200051f7</value>
         <object_component_ref idref="oc-2a5"/>
      </symbol>
      <symbol id="sm-621">
         <name>_args_main</name>
         <value>0x20008ced</value>
         <object_component_ref idref="oc-6d"/>
      </symbol>
      <symbol id="sm-637">
         <name>atoi</name>
         <value>0x20008759</value>
         <object_component_ref idref="oc-359"/>
      </symbol>
      <symbol id="sm-65c">
         <name>__TI_auto_init</name>
         <value>0x200083fd</value>
         <object_component_ref idref="oc-67"/>
      </symbol>
      <symbol id="sm-676">
         <name>copy_in</name>
         <value>0x200087a5</value>
         <object_component_ref idref="oc-9e"/>
      </symbol>
      <symbol id="sm-681">
         <name>_ctypes_</name>
         <value>0x20008e60</value>
         <object_component_ref idref="oc-3a7"/>
      </symbol>
      <symbol id="sm-68b">
         <name>__aeabi_d2iz</name>
         <value>0x20008839</value>
         <object_component_ref idref="oc-33c"/>
      </symbol>
      <symbol id="sm-69a">
         <name>ltoa</name>
         <value>0x20008659</value>
         <object_component_ref idref="oc-341"/>
      </symbol>
      <symbol id="sm-6aa">
         <name>memccpy</name>
         <value>0x20008c6b</value>
         <object_component_ref idref="oc-353"/>
      </symbol>
      <symbol id="sm-6b4">
         <name>copysign</name>
         <value>0x20008e43</value>
         <object_component_ref idref="oc-38e"/>
      </symbol>
      <symbol id="sm-6b5">
         <name>copysignl</name>
         <value>0x20008e43</value>
         <object_component_ref idref="oc-38e"/>
      </symbol>
      <symbol id="sm-6c9">
         <name>frexpl</name>
         <value>0x200085a5</value>
         <object_component_ref idref="oc-347"/>
      </symbol>
      <symbol id="sm-6ca">
         <name>frexp</name>
         <value>0x200085a5</value>
         <object_component_ref idref="oc-347"/>
      </symbol>
      <symbol id="sm-6d4">
         <name>_system_post_cinit</name>
         <value>0x200086af</value>
         <object_component_ref idref="oc-a4"/>
      </symbol>
      <symbol id="sm-6e4">
         <name>strchr</name>
         <value>0x20008d5d</value>
         <object_component_ref idref="oc-34d"/>
      </symbol>
      <symbol id="sm-700">
         <name>__aeabi_uldivmod</name>
         <value>0x20007295</value>
         <object_component_ref idref="oc-337"/>
      </symbol>
      <symbol id="sm-756">
         <name>GPIOIntRegister</name>
         <value>0x20008bd9</value>
         <object_component_ref idref="oc-205"/>
      </symbol>
      <symbol id="sm-757">
         <name>GPIOIntEnable</name>
         <value>0x20008c87</value>
         <object_component_ref idref="oc-211"/>
      </symbol>
      <symbol id="sm-758">
         <name>GPIOIntTypeSet</name>
         <value>0x2000819d</value>
         <object_component_ref idref="oc-1f9"/>
      </symbol>
      <symbol id="sm-759">
         <name>GPIOIntClear</name>
         <value>0x20008d87</value>
         <object_component_ref idref="oc-20b"/>
      </symbol>
      <symbol id="sm-75a">
         <name>GPIOPinRead</name>
         <value>0x20008cbb</value>
         <object_component_ref idref="oc-223"/>
      </symbol>
      <symbol id="sm-75b">
         <name>GPIODirModeSet</name>
         <value>0x200089e5</value>
         <object_component_ref idref="oc-1ec"/>
      </symbol>
      <symbol id="sm-75c">
         <name>GPIOPinWrite</name>
         <value>0x20008b97</value>
         <object_component_ref idref="oc-217"/>
      </symbol>
      <symbol id="sm-7bc">
         <name>I2CMasterDataPut</name>
         <value>0x20008d05</value>
         <object_component_ref idref="oc-253"/>
      </symbol>
      <symbol id="sm-7bd">
         <name>I2CMasterInitExpClk</name>
         <value>0x20008119</value>
         <object_component_ref idref="oc-25f"/>
      </symbol>
      <symbol id="sm-7be">
         <name>I2CMasterIntClearEx</name>
         <value>0x20008deb</value>
         <object_component_ref idref="oc-235"/>
      </symbol>
      <symbol id="sm-7bf">
         <name>I2CMasterSlaveAddrSet</name>
         <value>0x20008b75</value>
         <object_component_ref idref="oc-24d"/>
      </symbol>
      <symbol id="sm-7c0">
         <name>I2CMasterDataGet</name>
         <value>0x20008e0f</value>
         <object_component_ref idref="oc-259"/>
      </symbol>
      <symbol id="sm-7c1">
         <name>I2CMasterErr</name>
         <value>0x20008aab</value>
         <object_component_ref idref="oc-247"/>
      </symbol>
      <symbol id="sm-7c2">
         <name>I2CMasterTimeoutSet</name>
         <value>0x20008dfd</value>
         <object_component_ref idref="oc-23b"/>
      </symbol>
      <symbol id="sm-7c3">
         <name>I2CMasterControl</name>
         <value>0x20008dd9</value>
         <object_component_ref idref="oc-241"/>
      </symbol>
      <symbol id="sm-7c4">
         <name>I2CMasterEnable</name>
         <value>0x20008d1b</value>
         <object_component_ref idref="oc-30b"/>
      </symbol>
      <symbol id="sm-7c5">
         <name>I2CMasterIntStatusEx</name>
         <value>0x20008bf7</value>
         <object_component_ref idref="oc-22f"/>
      </symbol>
      <symbol id="sm-817">
         <name>IntPrioritySet</name>
         <value>0x200086b1</value>
         <object_component_ref idref="oc-1ff"/>
      </symbol>
      <symbol id="sm-818">
         <name>IntVTableBaseSet</name>
         <value>0x20008d9d</value>
         <object_component_ref idref="oc-10e"/>
      </symbol>
      <symbol id="sm-819">
         <name>IntEnable</name>
         <value>0x20007d25</value>
         <object_component_ref idref="oc-11a"/>
      </symbol>
      <symbol id="sm-81a">
         <name>IntRegister</name>
         <value>0x20008bb9</value>
         <object_component_ref idref="oc-2ec"/>
      </symbol>
      <symbol id="sm-81b">
         <name>IntMasterEnable</name>
         <value>0x20008e39</value>
         <object_component_ref idref="oc-114"/>
      </symbol>
      <symbol id="sm-85a">
         <name>PinTypeI2C</name>
         <value>0x20008c33</value>
         <object_component_ref idref="oc-1f2"/>
      </symbol>
      <symbol id="sm-85b">
         <name>PinTypeUART</name>
         <value>0x20008ca1</value>
         <object_component_ref idref="oc-1e0"/>
      </symbol>
      <symbol id="sm-85c">
         <name>PinTypeGPIO</name>
         <value>0x20008a1b</value>
         <object_component_ref idref="oc-1e6"/>
      </symbol>
      <symbol id="sm-85d">
         <name>PinConfigSet</name>
         <value>0x20007efd</value>
         <object_component_ref idref="oc-2d7"/>
      </symbol>
      <symbol id="sm-85e">
         <name>PinModeSet</name>
         <value>0x20008881</value>
         <object_component_ref idref="oc-2d1"/>
      </symbol>
      <symbol id="sm-8e4">
         <name>PRCMPeripheralReset</name>
         <value>0x20008601</value>
         <object_component_ref idref="oc-1d3"/>
      </symbol>
      <symbol id="sm-8e5">
         <name>PRCMPeripheralClkEnable</name>
         <value>0x20008901</value>
         <object_component_ref idref="oc-1cd"/>
      </symbol>
      <symbol id="sm-8e6">
         <name>PRCMPeripheralClockGet</name>
         <value>0x20007e69</value>
         <object_component_ref idref="oc-16b"/>
      </symbol>
      <symbol id="sm-8e7">
         <name>PRCMCC3200MCUInit</name>
         <value>0x20007641</value>
         <object_component_ref idref="oc-120"/>
      </symbol>
      <symbol id="sm-8e8">
         <name>PRCMHIBRegWrite</name>
         <value>0x20008d47</value>
         <object_component_ref idref="oc-1c7"/>
      </symbol>
      <symbol id="sm-8e9">
         <name>PRCMSysResetCauseGet</name>
         <value>0x20008ad9</value>
         <object_component_ref idref="oc-1bb"/>
      </symbol>
      <symbol id="sm-8ea">
         <name>PRCMPeripheralClkDisable</name>
         <value>0x20008b05</value>
         <object_component_ref idref="oc-1d9"/>
      </symbol>
      <symbol id="sm-8eb">
         <name>PRCMHIBRegRead</name>
         <value>0x20008d31</value>
         <object_component_ref idref="oc-1c1"/>
      </symbol>
      <symbol id="sm-928">
         <name>UARTConfigSetExpClk</name>
         <value>0x20008313</value>
         <object_component_ref idref="oc-171"/>
      </symbol>
      <symbol id="sm-929">
         <name>UARTDisable</name>
         <value>0x20008a4d</value>
         <object_component_ref idref="oc-297"/>
      </symbol>
      <symbol id="sm-92a">
         <name>UARTCharsAvail</name>
         <value>0x20008cd3</value>
         <object_component_ref idref="oc-183"/>
      </symbol>
      <symbol id="sm-92b">
         <name>UARTCharGetNonBlocking</name>
         <value>0x20008c4f</value>
         <object_component_ref idref="oc-189"/>
      </symbol>
      <symbol id="sm-92c">
         <name>UARTCharPut</name>
         <value>0x20008c15</value>
         <object_component_ref idref="oc-177"/>
      </symbol>
      <symbol id="sm-92d">
         <name>UARTEnable</name>
         <value>0x20008b2d</value>
         <object_component_ref idref="oc-29d"/>
      </symbol>
      <symbol id="sm-931">
         <name>UtilsDelay</name>
         <value>0x20008e4b</value>
         <object_component_ref idref="oc-13e"/>
      </symbol>
      <symbol id="sm-93b">
         <name>CPUcpsie</name>
         <value>0x20008d73</value>
         <object_component_ref idref="oc-1ab"/>
      </symbol>
      <symbol id="sm-93d">
         <name>__TI_static_base__</name>
         <value>0x200092a0</value>
      </symbol>
      <symbol id="sm-940">
         <name>SHT$$INIT_ARRAY$$Limit</name>
         <value>0x0</value>
      </symbol>
      <symbol id="sm-941">
         <name>SHT$$INIT_ARRAY$$Base</name>
         <value>0x0</value>
      </symbol>
   </symbol_table>
   <title>Link successful</title>
</link_info>
