******************************************************************************
                  TI ARM Linker PC v15.12.1                    
******************************************************************************
>> Linked Wed Jul 08 17:00:51 2020

OUTPUT FILE NAME:   <DY-IoT-PB_KEY.out>
ENTRY POINT SYMBOL: "_c_int00"  address: 20005001


MEMORY CONFIGURATION

         name            origin    length      used     unused   attr    fill
----------------------  --------  ---------  --------  --------  ----  --------
  SRAM_CODE             20004000   00012fff  00001606  000119f9  RW X
  SRAM_DATA             20017000   00019000  0000054f  00018ab1  RW X


SEGMENT ALLOCATION MAP

run origin  load origin   length   init length attrs members
----------  ----------- ---------- ----------- ----- -------
20004000    20004000    0000160c   0000160c    r-x
  20004000    20004000    00000400   00000400    r-- .intvecs
  20004400    20004400    00000eb6   00000eb6    r-x .text
  200052b8    200052b8    000002fc   000002fc    r-- .const
  200055b8    200055b8    00000054   00000054    r-- .cinit
20017000    20017000    0000003d   00000000    rw-
  20017000    20017000    00000038   00000000    rw- .data
  20017038    20017038    00000005   00000000    rw- .bss
2002faec    2002faec    00000512   00000000    rw-
  2002faec    2002faec    00000512   00000000    rw- .stack


SECTION ALLOCATION MAP

 output                                  attributes/
section   page    origin      length       input sections
--------  ----  ----------  ----------   ----------------
.intvecs   0    20004000    00000400     
                  20004000    00000400     startup_ccs.obj (.intvecs)

.init_array 
*          0    20004000    00000000     UNINITIALIZED

.text      0    20004400    00000eb6     
                  20004400    00000254     gpio_if.obj (.text)
                  20004654    00000178     driverlib.a : prcm.obj (.text:PRCMCC3200MCUInit)
                  200047cc    00000150     main.obj (.text)
                  2000491c    00000114     pin_mux_config.obj (.text)
                  20004a30    000000a8     driverlib.a : interrupt.obj (.text:IntEnable)
                  20004ad8    0000009c     rtsv7M4_T_le_eabi.lib : memcpy_t2.obj (.text)
                  20004b74    00000088     driverlib.a : pin.obj (.text:PinConfigSet)
                  20004bfc    00000082                 : gpio.obj (.text:GPIOIntTypeSet)
                  20004c7e    0000007a     rtsv7M4_T_le_eabi.lib : memset_t2.obj (.text)
                  20004cf8    00000070                           : autoinit.obj (.text)
                  20004d68    0000006a                           : copy_decompress_rle.obj (.text)
                  20004dd2    00000002                           : mpu_init.obj (.text)
                  20004dd4    00000058     driverlib.a : interrupt.obj (.text:IntPendClear)
                  20004e2c    00000058                 : prcm.obj (.text:PRCMPeripheralReset)
                  20004e84    00000054                 : interrupt.obj (.text:IntPrioritySet)
                  20004ed8    00000054     rtsv7M4_T_le_eabi.lib : exit.obj (.text)
                  20004f2c    0000004c                           : cpy_tbl.obj (.text)
                  20004f78    00000048     driverlib.a : gpio.obj (.text:GPIOGetIntNumber)
                  20004fc0    00000040                 : pin.obj (.text:PinModeSet)
                  20005000    00000040     rtsv7M4_T_le_eabi.lib : boot.obj (.text)
                  20005040    0000003c     driverlib.a : prcm.obj (.text:PRCMPeripheralClkEnable)
                  2000507c    00000036                 : gpio.obj (.text:GPIODirModeSet)
                  200050b2    00000030                 : pin.obj (.text:PinTypeGPIO)
                  200050e2    00000002     rtsv7M4_T_le_eabi.lib : startup.obj (.text)
                  200050e4    0000002c     driverlib.a : prcm.obj (.text:PRCMSysResetCauseGet)
                  20005110    00000028                 : prcm.obj (.text:PRCMPeripheralClkDisable)
                  20005138    00000022                 : gpio.obj (.text:GPIOIntStatus)
                  2000515a    00000020                 : gpio.obj (.text:GPIOPinWrite)
                  2000517a    00000002     --HOLE-- [fill = 0]
                  2000517c    00000020                 : interrupt.obj (.text:IntRegister)
                  2000519c    0000001e                 : gpio.obj (.text:GPIOIntRegister)
                  200051ba    0000001a                 : gpio.obj (.text:GPIOIntEnable)
                  200051d4    00000018                 : gpio.obj (.text:GPIOPinRead)
                  200051ec    00000018     rtsv7M4_T_le_eabi.lib : args_main.obj (.text)
                  20005204    00000016     driverlib.a : prcm.obj (.text:PRCMHIBRegRead)
                  2000521a    00000016                 : prcm.obj (.text:PRCMHIBRegWrite)
                  20005230    00000014                 : cpu.obj (.text:CPUcpsie)
                  20005244    00000014                 : gpio.obj (.text:GPIOIntClear)
                  20005258    00000014                 : interrupt.obj (.text:IntVTableBaseSet)
                  2000526c    00000014     rtsv7M4_T_le_eabi.lib : _lock.obj (.text)
                  20005280    0000000e                           : copy_decompress_none.obj (.text:decompress:none)
                  2000528e    0000000e     startup_ccs.obj (.text)
                  2000529c    0000000a     driverlib.a : interrupt.obj (.text:IntMasterEnable)
                  200052a6    00000006                 : utils.obj (.text:UtilsDelay)
                  200052ac    00000006     rtsv7M4_T_le_eabi.lib : copy_decompress_rle.obj (.text:decompress:rle24)
                  200052b2    00000004                           : pre_init.obj (.text)

.const     0    200052b8    000002fc     
                  200052b8    00000100     driverlib.a : pin.obj (.const:g_ulPinToPadMap)
                  200053b8    000000d4                 : interrupt.obj (.const:g_pulRegs)
                  2000548c    000000a8                 : prcm.obj (.const:PRCM_PeriphRegsList)
                  20005534    00000080                 : interrupt.obj (.const)

.cinit     0    200055b8    00000054     
                  200055b8    0000002c     (.cinit..data.load) [load image, compression = rle]
                  200055e4    00000004     --HOLE-- [fill = 0]
                  200055e8    00000009     (.cinit..bss.load) [load image, compression = rle]
                  200055f1    00000003     --HOLE-- [fill = 0]
                  200055f4    00000008     (__TI_handler_table)
                  200055fc    00000010     (__TI_cinit_table)

.data      0    20017000    00000038     UNINITIALIZED
                  20017000    00000014     gpio_if.obj (.data:ulReg)
                  20017014    0000000c     rtsv7M4_T_le_eabi.lib : exit.obj (.data:$O1$$)
                  20017020    0000000c     gpio_if.obj (.data)
                  2001702c    00000008     rtsv7M4_T_le_eabi.lib : _lock.obj (.data:$O1$$)
                  20017034    00000004                           : stkdepth_vars.obj (.data)

.bss       0    20017038    00000005     UNINITIALIZED
                  20017038    00000001     (.common:g_ucLED1Pin)
                  20017039    00000001     (.common:g_ucLED2Pin)
                  2001703a    00000001     (.common:g_ucLED3Pin)
                  2001703b    00000001     (.common:key3flag)
                  2001703c    00000001     (.common:key4flag)

.stack     0    2002faec    00000512     UNINITIALIZED
                  2002faec    00000512     --HOLE--

MODULE SUMMARY

       Module                     code   ro data   rw data
       ------                     ----   -------   -------
    .\
       startup_ccs.obj            14     1024      0      
       gpio_if.obj                596    0         35     
       main.obj                   336    0         2      
       pin_mux_config.obj         276    0         0      
    +--+--------------------------+------+---------+---------+
       Total:                     1222   1024      37     
                                                          
    C:/ti/CC3200SDK_1.2.0/cc3200-sdk/driverlib/ccs/Release/driverlib.a
       prcm.obj                   652    168       0      
       interrupt.obj              402    340       0      
       pin.obj                    248    256       0      
       gpio.obj                   422    0         0      
       cpu.obj                    20     0         0      
       utils.obj                  6      0         0      
    +--+--------------------------+------+---------+---------+
       Total:                     1750   764       0      
                                                          
    D:\ti\ccsv6\tools\compiler\ti-cgt-arm_15.12.1.LTS\lib\rtsv7M4_T_le_eabi.lib
       memcpy_t2.obj              156    0         0      
       memset_t2.obj              122    0         0      
       autoinit.obj               112    0         0      
       copy_decompress_rle.obj    112    0         0      
       exit.obj                   84     0         12     
       cpy_tbl.obj                76     0         0      
       boot.obj                   64     0         0      
       _lock.obj                  20     0         8      
       args_main.obj              24     0         0      
       copy_decompress_none.obj   14     0         0      
       pre_init.obj               4      0         0      
       stkdepth_vars.obj          0      0         4      
       mpu_init.obj               2      0         0      
       startup.obj                2      0         0      
    +--+--------------------------+------+---------+---------+
       Total:                     792    0         24     
                                                          
       Stack:                     0      0         1298   
       Linker Generated:          0      77        0      
    +--+--------------------------+------+---------+---------+
       Grand Total:               3764   1865      1359   


LINKER GENERATED COPY TABLES

__TI_cinit_table @ 200055fc records: 2, size/record: 8, table size: 16
	.data: load addr=200055b8, load size=0000002c bytes, run addr=20017000, run size=00000038 bytes, compression=rle
	.bss: load addr=200055e8, load size=00000009 bytes, run addr=20017038, run size=00000005 bytes, compression=rle


LINKER GENERATED HANDLER TABLE

__TI_handler_table @ 200055f4 records: 2, size/record: 4, table size: 8
	index: 0, handler: __TI_decompress_rle24
	index: 1, handler: __TI_decompress_none


GLOBAL SYMBOLS: SORTED ALPHABETICALLY BY Name 

address   name                           
-------   ----                           
20004ed9  C$$EXIT                        
20005231  CPUcpsie                       
2000507d  GPIODirModeSet                 
20005245  GPIOIntClear                   
200051bb  GPIOIntEnable                  
2000519d  GPIOIntRegister                
20005139  GPIOIntStatus                  
20004bfd  GPIOIntTypeSet                 
200051d5  GPIOPinRead                    
2000515b  GPIOPinWrite                   
20004603  GPIO_IF_ConfigureNIntEnable    
20004417  GPIO_IF_Get                    
20004595  GPIO_IF_GetPortNPin            
200045b3  GPIO_IF_LedConfigure           
200044f5  GPIO_IF_LedOff                 
20004471  GPIO_IF_LedOn                  
2000442f  GPIO_IF_LedStatus              
20004579  GPIO_IF_LedToggle              
20004401  GPIO_IF_Set                    
20004a31  IntEnable                      
2000529d  IntMasterEnable                
20004dd5  IntPendClear                   
20004e85  IntPrioritySet                 
2000517d  IntRegister                    
20005259  IntVTableBaseSet               
200048dd  Key3Handler                    
200048bd  Key4Handler                    
200047e5  Keyinit                        
20004655  PRCMCC3200MCUInit              
20005205  PRCMHIBRegRead                 
2000521b  PRCMHIBRegWrite                
20005111  PRCMPeripheralClkDisable       
20005041  PRCMPeripheralClkEnable        
20004e2d  PRCMPeripheralReset            
200050e5  PRCMSysResetCauseGet           
20004b75  PinConfigSet                   
20004fc1  PinModeSet                     
2000491d  PinMuxConfig                   
200050b3  PinTypeGPIO                    
2000528f  ResetISR                       
UNDEFED   SHT$$INIT_ARRAY$$Base          
UNDEFED   SHT$$INIT_ARRAY$$Limit         
200052a7  UtilsDelay                     
2002fffe  __STACK_END                    
00000512  __STACK_SIZE                   
200055fc  __TI_CINIT_Base                
2000560c  __TI_CINIT_Limit               
200055f4  __TI_Handler_Table_Base        
200055fc  __TI_Handler_Table_Limit       
20004cf9  __TI_auto_init                 
20017014  __TI_cleanup_ptr               
20005281  __TI_decompress_none           
200052ad  __TI_decompress_rle24          
20017018  __TI_dtors_ptr                 
2001701c  __TI_enable_exit_profile_output
ffffffff  __TI_pprof_out_hndl            
ffffffff  __TI_prof_data_size            
ffffffff  __TI_prof_data_start           
200055b8  __TI_static_base__             
20004c7f  __aeabi_memclr                 
20004c7f  __aeabi_memclr4                
20004c7f  __aeabi_memclr8                
20004ad9  __aeabi_memcpy                 
20004ad9  __aeabi_memcpy4                
20004ad9  __aeabi_memcpy8                
20004c81  __aeabi_memset                 
20004c81  __aeabi_memset4                
20004c81  __aeabi_memset8                
ffffffff  __binit__                      
ffffffff  __c_args__                     
20004dd3  __mpu_init                     
2002faec  __stack                        
200051ed  _args_main                     
20005001  _c_int00                       
2001702c  _lock                          
2000527b  _nop                           
20005273  _register_lock                 
2000526d  _register_unlock               
200050e3  _system_post_cinit             
200052b3  _system_pre_init               
20017030  _unlock                        
20004edd  abort                          
ffffffff  binit                          
20004f2d  copy_in                        
20004ee5  exit                           
20004000  g_pfnVectors                   
20017038  g_ucLED1Pin                    
20017039  g_ucLED2Pin                    
2001703a  g_ucLED3Pin                    
20017020  g_uiLED1Port                   
20017024  g_uiLED2Port                   
20017028  g_uiLED3Port                   
2001703b  key3flag                       
2001703c  key4flag                       
20004859  main                           
20017034  main_func_sp                   
20004ad9  memcpy                         
20004c87  memset                         


GLOBAL SYMBOLS: SORTED BY Symbol Address 

address   name                           
-------   ----                           
00000512  __STACK_SIZE                   
20004000  g_pfnVectors                   
20004401  GPIO_IF_Set                    
20004417  GPIO_IF_Get                    
2000442f  GPIO_IF_LedStatus              
20004471  GPIO_IF_LedOn                  
200044f5  GPIO_IF_LedOff                 
20004579  GPIO_IF_LedToggle              
20004595  GPIO_IF_GetPortNPin            
200045b3  GPIO_IF_LedConfigure           
20004603  GPIO_IF_ConfigureNIntEnable    
20004655  PRCMCC3200MCUInit              
200047e5  Keyinit                        
20004859  main                           
200048bd  Key4Handler                    
200048dd  Key3Handler                    
2000491d  PinMuxConfig                   
20004a31  IntEnable                      
20004ad9  __aeabi_memcpy                 
20004ad9  __aeabi_memcpy4                
20004ad9  __aeabi_memcpy8                
20004ad9  memcpy                         
20004b75  PinConfigSet                   
20004bfd  GPIOIntTypeSet                 
20004c7f  __aeabi_memclr                 
20004c7f  __aeabi_memclr4                
20004c7f  __aeabi_memclr8                
20004c81  __aeabi_memset                 
20004c81  __aeabi_memset4                
20004c81  __aeabi_memset8                
20004c87  memset                         
20004cf9  __TI_auto_init                 
20004dd3  __mpu_init                     
20004dd5  IntPendClear                   
20004e2d  PRCMPeripheralReset            
20004e85  IntPrioritySet                 
20004ed9  C$$EXIT                        
20004edd  abort                          
20004ee5  exit                           
20004f2d  copy_in                        
20004fc1  PinModeSet                     
20005001  _c_int00                       
20005041  PRCMPeripheralClkEnable        
2000507d  GPIODirModeSet                 
200050b3  PinTypeGPIO                    
200050e3  _system_post_cinit             
200050e5  PRCMSysResetCauseGet           
20005111  PRCMPeripheralClkDisable       
20005139  GPIOIntStatus                  
2000515b  GPIOPinWrite                   
2000517d  IntRegister                    
2000519d  GPIOIntRegister                
200051bb  GPIOIntEnable                  
200051d5  GPIOPinRead                    
200051ed  _args_main                     
20005205  PRCMHIBRegRead                 
2000521b  PRCMHIBRegWrite                
20005231  CPUcpsie                       
20005245  GPIOIntClear                   
20005259  IntVTableBaseSet               
2000526d  _register_unlock               
20005273  _register_lock                 
2000527b  _nop                           
20005281  __TI_decompress_none           
2000528f  ResetISR                       
2000529d  IntMasterEnable                
200052a7  UtilsDelay                     
200052ad  __TI_decompress_rle24          
200052b3  _system_pre_init               
200055b8  __TI_static_base__             
200055f4  __TI_Handler_Table_Base        
200055fc  __TI_CINIT_Base                
200055fc  __TI_Handler_Table_Limit       
2000560c  __TI_CINIT_Limit               
20017014  __TI_cleanup_ptr               
20017018  __TI_dtors_ptr                 
2001701c  __TI_enable_exit_profile_output
20017020  g_uiLED1Port                   
20017024  g_uiLED2Port                   
20017028  g_uiLED3Port                   
2001702c  _lock                          
20017030  _unlock                        
20017034  main_func_sp                   
20017038  g_ucLED1Pin                    
20017039  g_ucLED2Pin                    
2001703a  g_ucLED3Pin                    
2001703b  key3flag                       
2001703c  key4flag                       
2002faec  __stack                        
2002fffe  __STACK_END                    
ffffffff  __TI_pprof_out_hndl            
ffffffff  __TI_prof_data_size            
ffffffff  __TI_prof_data_start           
ffffffff  __binit__                      
ffffffff  __c_args__                     
ffffffff  binit                          
UNDEFED   SHT$$INIT_ARRAY$$Base          
UNDEFED   SHT$$INIT_ARRAY$$Limit         

[98 symbols]
