******************************************************************************
                  TI ARM Linker PC v15.12.1                    
******************************************************************************
>> Linked Mon Jul 06 09:48:16 2020

OUTPUT FILE NAME:   <wlan_ap.out>
ENTRY POINT SYMBOL: "_c_int00"  address: 2000f161


MEMORY CONFIGURATION

         name            origin    length      used     unused   attr    fill
----------------------  --------  ---------  --------  --------  ----  --------
  SRAM_CODE             20004000   00013000  0000f44a  00003bb6  RW X
  SRAM_DATA             20017000   00019000  0000ba1e  0000d5e2  RW X


SEGMENT ALLOCATION MAP

run origin  load origin   length   init length attrs members
----------  ----------- ---------- ----------- ----- -------
20004000    20004000    0000f454   0000f454    r-x
  20004000    20004000    0000030c   0000030c    r-- .resetVecs
  20004310    20004310    0000ca42   0000ca42    r-x .text
  20010d54    20010d54    000023f0   000023f0    r-- .const
  20013148    20013148    0000030c   0000030c    r-- .cinit
20017000    20017000    00009a20   00000000    rw-
  20017000    20017000    00009612   00000000    rw- .bss
  20020614    20020614    0000040c   00000000    rw- .data
2002e000    2002e000    00002000   00000000    rw-
  2002e000    2002e000    00002000   00000000    rw- .stack


SECTION ALLOCATION MAP

 output                                  attributes/
section   page    origin      length       input sections
--------  ----  ----------  ----------   ----------------
.init_array 
*          0    20004000    00000000     UNINITIALIZED

.resetVecs 
*          0    20004000    0000030c     
                  20004000    0000030c     app_pem4.oem4 (.resetVecs)

.text      0    20004310    0000ca42     
                  20004310    000010fc     rtsv7M4_T_le_eabi.lib : _printfi.obj (.text)
                  2000540c    00000d58     main.obj (.text)
                  20006164    00000590     simplelink.a : driver.obj (.text:_SlDrvMsgRead)
                  200066f4    00000544     ti_rtos.a : osi_tirtos.obj (.text)
                  20006c38    00000430     sysbios.aem4 : BIOS.obj (.text:ti_sysbios_family_arm_m3_Hwi_excDumpRegs__I)
                  20007068    0000033c     ti.targets.arm.rtsarm.aem4 : System.oem4 (.text:xdc_runtime_System_doPrint__I)
                  200073a4    00000324     rtsv7M4_T_le_eabi.lib : trgdrv.obj (.text)
                  200076c8    00000314     sysbios.aem4 : BIOS.obj (.text:ti_sysbios_knl_Semaphore_pend__E)
                  200079dc    00000280     uart_if.obj (.text)
                  20007c5c    00000004     ti.targets.arm.rtsarm.aem4 : LoggerBuf.oem4 (.text:LoggerBuf_instanceStartup)
                  20007c60    00000254     sysbios.aem4 : BIOS.obj (.text:ti_sysbios_heaps_HeapMem_free__E)
                  20007eb4    00000004     app_pem4.oem4 (.text:ti_sysbios_BIOS_RtsGateProxy_enter__E)
                  20007eb8    00000240     sysbios.aem4 : BIOS.obj (.text:ti_sysbios_heaps_HeapMem_alloc__E)
                  200080f8    0000022c                  : BIOS.obj (.text:ti_sysbios_knl_Task_Instance_finalize__E)
                  20008324    00000004     app_pem4.oem4 (.text:ti_sysbios_BIOS_RtsGateProxy_leave__E)
                  20008328    00000200     sysbios.aem4 : BIOS.obj (.text:ti_sysbios_knl_Task_sleep__E)
                  20008528    000001fc     simplelink.a : driver.obj (.text:_SlDrvRxHdrRead)
                  20008724    00000004     app_pem4.oem4 (.text:ti_sysbios_family_arm_m3_Hwi_delete)
                  20008728    000001fc     sysbios.aem4 : BIOS.obj (.text:ti_sysbios_family_arm_m3_Hwi_excHandlerMax__I)
                  20008924    000001f4     rtsv7M4_T_le_eabi.lib : ull_div_t2.obj (.text)
                  20008b18    000001d0     simplelink.a : driver.obj (.text:_SlDrvReleasePoolObj)
                  20008ce8    000001c8     sysbios.aem4 : BIOS.obj (.text:ti_sysbios_knl_Task_Instance_init__E)
                  20008eb0    000001b6     rtsv7M4_T_le_eabi.lib : fd_add_t2.obj (.text)
                  20009066    00000002                           : i_div0.obj (.text)
                  20009068    0000019c     simplelink.a : driver.obj (.text:_SlDrvMsgWrite)
                  20009204    00000004     app_pem4.oem4 (.text:ti_sysbios_family_arm_m3_TaskSupport_Module__startupDone__S)
                  20009208    0000019c     sysbios.aem4 : BIOS.obj (.text:ti_sysbios_knl_Task_Module_startup__E)
                  200093a4    00000198     simplelink.a : netapp.obj (.text:sl_NetAppPingStart)
                  2000953c    00000190                  : driver.obj (.text:_SlDrvDriverCBInit)
                  200096cc    00000190                  : driver.obj (.text:_SlDrvWaitForPoolObj)
                  2000985c    00000178     driverlib.a : prcm.obj (.text:PRCMCC3200MCUInit)
                  200099d4    00000004     app_pem4.oem4 (.text:ti_sysbios_heaps_HeapMem_Module_GateProxy_enter__E)
                  200099d8    00000174     sysbios.aem4 : BIOS.obj (.text:ti_sysbios_family_arm_m3_Hwi_excBusFault__I)
                  20009b4c    00000170     simplelink.a : driver.obj (.text:_SlFindAndSetActiveObj)
                  20009cbc    00000004     app_pem4.oem4 (.text:ti_sysbios_heaps_HeapMem_Module_GateProxy_leave__E)
                  20009cc0    00000164     sysbios.aem4 : BIOS.obj (.text:ti_sysbios_family_arm_m3_Hwi_excUsageFault__I)
                  20009e24    00000004     app_pem4.oem4 (.text:ti_sysbios_knl_Clock_TimerProxy_getMaxTicks__E)
                  20009e28    00000158     sysbios.aem4 : BIOS.obj (.text:ti_sysbios_knl_Mailbox_Instance_init__E)
                  20009f80    00000150     simplelink.a : cc_pal.obj (.text:spi_Open)
                  2000a0d0    00000148     sysbios.aem4 : BIOS.obj (.text:ti_sysbios_family_arm_m3_Hwi_dispatchC__I)
                  2000a218    00000148                  : BIOS.obj (.text:ti_sysbios_family_arm_m3_Hwi_excMemFault__I)
                  2000a360    00000140                  : BIOS.obj (.text:ti_sysbios_knl_Semaphore_post__E)
                  2000a4a0    0000013c                  : BIOS.obj (.text:ti_sysbios_heaps_HeapMem_Instance_init__E)
                  2000a5dc    00000136     rtsv7M4_T_le_eabi.lib : fd_div_t2.obj (.text)
                  2000a712    00000006     driverlib.a : utils.obj (.text:UtilsDelay)
                  2000a718    00000134     sysbios.aem4 : BIOS.obj (.text:ti_sysbios_knl_Clock_workFunc__E)
                  2000a84c    00000130     ti.targets.arm.rtsarm.aem4 : LoggerBuf.oem4 (.text:xdc_runtime_LoggerBuf_write8__E)
                  2000a97c    00000120     simplelink.a : driver.obj (.text:_SlDrvMsgReadCmdCtx)
                  2000aa9c    00000120     ti.targets.arm.rtsarm.aem4 : Error.oem4 (.text:xdc_runtime_Error_policyDefault__E)
                  2000abbc    00000004     app_pem4.oem4 (.text:ti_sysbios_knl_Mailbox_delete)
                  2000abc0    0000011c     sysbios.aem4 : BIOS.obj (.text:ti_sysbios_knl_Swi_run__I)
                  2000acdc    00000118     simplelink.a : driver.obj (.text:_SlDrvDriverCBDeinit)
                  2000adf4    00000104                  : netapp.obj (.text:_SlDrvNetAppEventHandler)
                  2000aef8    00000104     ti.targets.arm.rtsarm.aem4 : Core-mem.oem4 (.text:xdc_runtime_Core_createObject__I)
                  2000affc    000000fc     rtsv7M4_T_le_eabi.lib : fd_mul_t2.obj (.text)
                  2000b0f8    000000fc     ti.targets.arm.rtsarm.aem4 : Startup.oem4 (.text:xdc_runtime_Startup_startMods__I)
                  2000b1f4    000000f8     app_pem4.oem4 (.text:xdc_runtime_System_printfExtend__I)
                  2000b2ec    000000f0     driverlib.a : udma.obj (.text:uDMAChannelTransferSet)
                  2000b3dc    000000e8     simplelink.a : driver.obj (.text:_SlAsyncEventGenericHandler)
                  2000b4c4    000000e4                  : device.obj (.text:sl_Stop)
                  2000b5a8    000000e0                  : device.obj (.text:sl_Start)
                  2000b688    000000dc                  : driver.obj (.text:_SlDrvClassifyRxMsg)
                  2000b764    000000dc                  : cc_pal.obj (.text:spi_Read)
                  2000b840    000000d4                  : driver.obj (.text:_SlDrvMsgReadSpawnCtx)
                  2000b914    000000d4     ti.targets.arm.rtsarm.aem4 : LoggerBuf.oem4 (.text:xdc_runtime_LoggerBuf_write4__E)
                  2000b9e8    000000d0     rtsv7M4_T_le_eabi.lib : s_scalbn.obj (.text)
                  2000bab8    000000d0     sysbios.aem4 : m3_Hwi_asm.obj (.text:ti_sysbios_family_arm_m3_Hwi_dispatch__I)
                  2000bb88    000000cc     simplelink.a : netapp.obj (.text:_sl_HandleAsync_DnsGetHostByService)
                  2000bc54    00000004     app_pem4.oem4 (.text:ti_sysbios_knl_Queue_destruct)
                  2000bc58    000000cc     sysbios.aem4 : BIOS.obj (.text:ti_sysbios_knl_Task_schedule__I)
                  2000bd24    000000cc     ti.targets.arm.rtsarm.aem4 : Core-smem.oem4 (.text:xdc_runtime_Core_constructObject__I)
                  2000bdf0    000000c8     simplelink.a : netapp.obj (.text:sl_NetAppMDNSRegisterUnregisterService)
                  2000beb8    000000c4                  : driver.obj (.text:_SlRemoveFromList)
                  2000bf7c    00000004     app_pem4.oem4 (.text:ti_sysbios_knl_Semaphore_delete)
                  2000bf80    000000c4     sysbios.aem4 : BIOS.obj (.text:ti_sysbios_family_arm_m3_Hwi_Module_startup__E)
                  2000c044    000000c0     simplelink.a : driver.obj (.text:_SlDrvCmdOp)
                  2000c104    000000c0                  : netcfg.obj (.text:sl_NetCfgGet)
                  2000c1c4    00000004     app_pem4.oem4 (.text:ti_sysbios_knl_Semaphore_destruct)
                  2000c1c8    000000c0     sysbios.aem4 : BIOS.obj (.text:ti_sysbios_knl_Task_exit__E)
                  2000c288    000000bc                  : BIOS.obj (.text:ti_sysbios_family_arm_m3_Hwi_excDebugMon__I)
                  2000c344    00000004     app_pem4.oem4 (.text:ti_sysbios_knl_Task_delete)
                  2000c348    000000bc     sysbios.aem4 : BIOS.obj (.text:ti_sysbios_family_arm_m3_Hwi_excHardFault__I)
                  2000c404    00000004     ti.targets.arm.rtsarm.aem4 : Error.oem4 (.text:xdc_runtime_Error_getSite__E)
                  2000c408    000000bc     sysbios.aem4 : BIOS.obj (.text:ti_sysbios_knl_Task_startCore__E)
                  2000c4c4    000000b4     simplelink.a : device.obj (.text:sl_DevGet)
                  2000c578    000000b4     sysbios.aem4 : BIOS.obj (.text:ti_sysbios_gates_GateMutex_enter__E)
                  2000c62c    00000004     app_pem4.oem4 (.text:xdc_runtime_LoggerBuf_Module_GateProxy_enter__E)
                  2000c630    000000b4     sysbios.aem4 : BIOS.obj (.text:ti_sysbios_knl_Task_checkStacks__E)
                  2000c6e4    00000004     app_pem4.oem4 (.text:xdc_runtime_LoggerBuf_Module_GateProxy_leave__E)
                  2000c6e8    000000b4     sysbios.aem4 : BIOS.obj (.text:ti_sysbios_knl_Task_yield__E)
                  2000c79c    00000004     app_pem4.oem4 (.text:xdc_runtime_System_Module_GateProxy_enter__E)
                  2000c7a0    000000b0     sysbios.aem4 : BIOS.obj (.text:ti_sysbios_knl_Task_postInit__I)
                  2000c850    000000ac                  : BIOS.obj (.text:ti_sysbios_knl_Swi_post__E)
                  2000c8fc    000000a8     driverlib.a : interrupt.obj (.text:IntEnable)
                  2000c9a4    00000004     app_pem4.oem4 (.text:xdc_runtime_System_Module_GateProxy_leave__E)
                  2000c9a8    000000a8     sysbios.aem4 : BIOS.obj (.text:ti_sysbios_knl_Task_blockI__E)
                  2000ca50    000000a0     driverlib.a : spi.obj (.text:SPIConfigSetExpClk)
                  2000caf0    000000a0     simplelink.a : driver.obj (.text:_SlDriverHandleError)
                  2000cb90    000000a0     auto_init.aem4 : auto_init.oem4 (.text)
                  2000cc30    000000a0     sysbios.aem4 : BIOS.obj (.text:ti_sysbios_family_arm_m3_Hwi_Instance_init__E)
                  2000ccd0    0000009c     rtsv7M4_T_le_eabi.lib : memcpy_t2.obj (.text)
                  2000cd6c    00000004     ti.targets.arm.rtsarm.aem4 : System.oem4 (.text:xdc_runtime_System_aprintf_va__F)
                  2000cd70    0000009c     sysbios.aem4 : BIOS.obj (.text:ti_sysbios_knl_Semaphore_Instance_init__E)
                  2000ce0c    0000009a     simplelink.a : device.obj (.text:_SlDrvDeviceEventHandler)
                  2000cea6    00000002     app_pem4.oem4 (.text:ti_sysbios_BIOS_nullFunc__I)
                  2000cea8    0000009a     ti.targets.arm.rtsarm.aem4 : Text.oem4 (.text:xdc_runtime_Text_putSite__E)
                  2000cf42    00000006     rtsv7M4_T_le_eabi.lib : copy_decompress_rle.obj (.text:decompress:rle24)
                  2000cf48    00000098     sysbios.aem4 : BIOS.obj (.text:ti_sysbios_knl_Mailbox_post__E)
                  2000cfe0    00000094     driverlib.a : prcm.obj (.text:PRCMPeripheralClockGet)
                  2000d074    00000094     ti.targets.arm.rtsarm.aem4 : Text.oem4 (.text:xdc_runtime_Text_putMod__E)
                  2000d108    00000090     simplelink.a : netapp.obj (.text:_sl_HandleAsync_DnsGetHostByName)
                  2000d198    00000090                  : netapp.obj (.text:_sl_HandleAsync_PingResponse)
                  2000d228    00000090     sysbios.aem4 : BIOS.obj (.text:ti_sysbios_knl_Task_unblockI__E)
                  2000d2b8    0000008c     simplelink.a : cc_pal.obj (.text:SetupDMAReceive)
                  2000d344    0000008c                  : cc_pal.obj (.text:SetupDMASend)
                  2000d3d0    0000008c                  : cc_pal.obj (.text:spi_Write)
                  2000d45c    00000004     ti.targets.arm.rtsarm.aem4 : System.oem4 (.text:xdc_runtime_System_printf_va__F)
                  2000d460    0000008c     sysbios.aem4 : BIOS.obj (.text:ti_sysbios_knl_Mailbox_pend__E)
                  2000d4ec    00000088     driverlib.a : pin.obj (.text:PinConfigSet)
                  2000d574    00000088     rtsv7M4_T_le_eabi.lib : vsnprintf.obj (.text)
                  2000d5fc    00000002     app_pem4.oem4 (.text:xdc_runtime_Startup_reset__I)
                  2000d5fe    00000002     --HOLE-- [fill = 0]
                  2000d600    00000088     sysbios.aem4 : BIOS.obj (.text:ti_sysbios_family_arm_m3_Hwi_initNVIC__E)
                  2000d688    00000088                  : BIOS.obj (.text:ti_sysbios_knl_Mailbox_Module_startup__E)
                  2000d710    00000086     rtsv7M4_T_le_eabi.lib : fd_cmp_t2.obj (.text:__aeabi_cdcmple)
                  2000d796    00000086                           : fd_cmp_t2.obj (.text:__aeabi_cdrcmple)
                  2000d81c    00000080     simplelink.a : socket.obj (.text:_sl_HandleAsync_Connect)
                  2000d89c    00000080                  : device.obj (.text:_sl_HandleAsync_InitComplete)
                  2000d91c    00000080                  : cc_pal.obj (.text:spi_Read_CPU)
                  2000d99c    00000080                  : cc_pal.obj (.text:spi_Write_CPU)
                  2000da1c    00000080     ti.targets.arm.rtsarm.aem4 : LoggerBuf.oem4 (.text:xdc_runtime_LoggerBuf_setFilterLevel__E)
                  2000da9c    0000007c     simplelink.a : netcfg.obj (.text:sl_NetCfgSet)
                  2000db18    0000007c                  : wlan.obj (.text:sl_WlanSet)
                  2000db94    0000007a     rtsv7M4_T_le_eabi.lib : memset_t2.obj (.text)
                  2000dc0e    00000002     --HOLE-- [fill = 0]
                  2000dc10    00000078     simplelink.a : wlan.obj (.text:sl_WlanPolicySet)
                  2000dc88    00000078                  : cc_pal.obj (.text:spi_Close)
                  2000dd00    00000076     driverlib.a : uart.obj (.text:UARTConfigSetExpClk)
                  2000dd76    00000002     --HOLE-- [fill = 0]
                  2000dd78    00000074     sysbios.aem4 : BIOS.obj (.text:ti_sysbios_family_arm_m3_Hwi_postInit__I)
                  2000ddec    00000004     --HOLE-- [fill = 0]
                  2000ddf0    00000070                  : BIOS.obj (.text:ti_sysbios_knl_Mailbox_Instance_finalize__E)
                  2000de60    00000070     ti.targets.arm.rtsarm.aem4 : Memory.oem4 (.text:xdc_runtime_Memory_alloc__E)
                  2000ded0    0000006c     simplelink.a : driver.obj (.text:_SlDrvCmdSend)
                  2000df3c    0000006c                  : netapp.obj (.text:_sl_NetAppSendTokenValue)
                  2000dfa8    0000006c                  : wlan.obj (.text:sl_WlanRxFilterSet)
                  2000e014    0000006c     ti.targets.arm.rtsarm.aem4 : Error.oem4 (.text:xdc_runtime_Error_print__E)
                  2000e080    0000006c                                : LoggerBuf.oem4 (.text:xdc_runtime_LoggerBuf_getFilterLevel__E)
                  2000e0ec    0000006a     rtsv7M4_T_le_eabi.lib : copy_decompress_rle.obj (.text)
                  2000e156    00000002     --HOLE-- [fill = 0]
                  2000e158    00000068                           : trgmsg.obj (.text)
                  2000e1c0    00000066     ti.targets.arm.rtsarm.aem4 : Core-mem.oem4 (.text:xdc_runtime_Core_deleteObject__I)
                  2000e226    00000002     --HOLE-- [fill = 0]
                  2000e228    00000064     simplelink.a : socket.obj (.text:_sl_HandleAsync_Accept)
                  2000e28c    00000064     app_pem4.oem4 (.text:ti_sysbios_family_arm_m3_Hwi_create)
                  2000e2f0    00000064     sysbios.aem4 : BIOS.obj (.text:ti_sysbios_family_arm_m3_TimestampProvider_get64__E)
                  2000e354    00000064     app_pem4.oem4 (.text:ti_sysbios_knl_Mailbox_create)
                  2000e3b8    00000064     driverlib.a : udma.obj (.text:uDMAChannelAttributeDisable)
                  2000e41c    00000064                 : udma.obj (.text:uDMAChannelAttributeEnable)
                  2000e480    00000060     sysbios.aem4 : BIOS.obj (.text:ti_sysbios_knl_Clock_logTick__E)
                  2000e4e0    00000060     ti.targets.arm.rtsarm.aem4 : System.oem4 (.text:xdc_runtime_System_formatNum__I)
                  2000e540    0000005c     rtsv7M4_T_le_eabi.lib : s_frexp.obj (.text)
                  2000e59c    00000004     --HOLE-- [fill = 0]
                  2000e5a0    0000005c     sysbios.aem4 : BIOS.obj (.text:ti_sysbios_knl_Swi_restoreHwi__E)
                  2000e5fc    00000004     --HOLE-- [fill = 0]
                  2000e600    0000005c                  : BIOS.obj (.text:ti_sysbios_knl_Swi_schedule__I)
                  2000e65c    0000005c     app_pem4.oem4 (.text:ti_sysbios_knl_Task_create)
                  2000e6b8    0000005c     app_pem4.oem4 (.text:xdc_runtime_LoggerBuf_Object__create__S)
                  2000e714    0000005b     ti.targets.arm.rtsarm.aem4 : Text.oem4 (.text:xdc_runtime_Text_putLab__E)
                  2000e76f    00000001     --HOLE-- [fill = 0]
                  2000e770    00000058     driverlib.a : interrupt.obj (.text:IntPendClear)
                  2000e7c8    00000058                 : prcm.obj (.text:PRCMPeripheralReset)
                  2000e820    00000058     sysbios.aem4 : BIOS.obj (.text:ti_sysbios_family_arm_m3_Timer_setPeriod__E)
                  2000e878    00000056     rtsv7M4_T_le_eabi.lib : ltoa.obj (.text)
                  2000e8ce    00000002     --HOLE-- [fill = 0]
                  2000e8d0    00000054     simplelink.a : socket.obj (.text:_sl_HandleAsync_Select)
                  2000e924    00000054     rtsv7M4_T_le_eabi.lib : exit.obj (.text)
                  2000e978    00000054     sysbios.aem4 : BIOS.obj (.text:ti_sysbios_family_arm_m3_Timer_start__E)
                  2000e9cc    00000050     simplelink.a : driver.obj (.text:_SlDrvRxIrqHandler)
                  2000ea1c    00000050                  : device.obj (.text:_sl_HandleAsync_Stop)
                  2000ea6c    00000050     ti.targets.arm.rtsarm.aem4 : Startup.oem4 (.text:xdc_runtime_Startup_exec__E)
                  2000eabc    00000050                                : Text.oem4 (.text:xdc_runtime_Text_visitRope2__I)
                  2000eb0c    0000004c     driverlib.a : spi.obj (.text:SPIIntEnable)
                  2000eb58    0000004c     simplelink.a : driver.obj (.text:_SlDrvProtectAsyncRespSetting)
                  2000eba4    0000004c     rtsv7M4_T_le_eabi.lib : atoi.obj (.text)
                  2000ebf0    0000004c                           : cpy_tbl.obj (.text)
                  2000ec3c    0000004c     sysbios.aem4 : m3_TaskSupport_asm.obj (.text:ti_sysbios_family_arm_m3_TaskSupport_buildTaskStack)
                  2000ec88    0000004c                  : BIOS.obj (.text:ti_sysbios_heaps_HeapMem_getStats__E)
                  2000ecd4    00000004     --HOLE-- [fill = 0]
                  2000ecd8    0000004c                  : BIOS.obj (.text:ti_sysbios_knl_Swi_runLoop__I)
                  2000ed24    00000004     --HOLE-- [fill = 0]
                  2000ed28    0000004c                  : BIOS.obj (.text:ti_sysbios_knl_Task_allBlockedFunction__I)
                  2000ed74    0000004c     driverlib.a : udma.obj (.text:uDMAChannelAssign)
                  2000edc0    00000048                 : spi.obj (.text:SPIIntClear)
                  2000ee08    00000048     simplelink.a : driver.obj (.text:_SlDrvBasicCmd)
                  2000ee50    00000048     rtsv7M4_T_le_eabi.lib : fd_toi_t2.obj (.text)
                  2000ee98    00000048     simplelink.a : netapp.obj (.text:sl_NetAppMDNSUnRegisterService)
                  2000eee0    00000048     sysbios.aem4 : BIOS.obj (.text:ti_sysbios_family_arm_m3_Hwi_disableInterrupt__E)
                  2000ef28    00000048                  : BIOS.obj (.text:ti_sysbios_family_arm_m3_Hwi_enableInterrupt__E)
                  2000ef70    00000048                  : BIOS.obj (.text:ti_sysbios_family_arm_m3_Hwi_excReserved__I)
                  2000efb8    00000048                  : m3_Hwi_asm_switch.obj (.text:ti_sysbios_family_arm_m3_Hwi_initStacks__E)
                  2000f000    00000048                  : BIOS.obj (.text:ti_sysbios_family_arm_m3_Timer_initDevice__I)
                  2000f048    00000048     ti.targets.arm.rtsarm.aem4 : Assert.oem4 (.text:xdc_runtime_Assert_raise__I)
                  2000f090    00000046                                : Core-params.oem4 (.text:xdc_runtime_Core_assignParams__I)
                  2000f0d6    00000002     --HOLE-- [fill = 0]
                  2000f0d8    00000044     driverlib.a : spi.obj (.text:SPIDmaMaskGet)
                  2000f11c    00000044     simplelink.a : driver.obj (.text:_SlDrvHandleHttpServerEvents)
                  2000f160    00000044     boot.aem4 : boot.oem4 (.text)
                  2000f1a4    00000044     simplelink.a : cc_pal.obj (.text:cc_SetupTransfer)
                  2000f1e8    00000044                  : wlan.obj (.text:sl_WlanProfileDel)
                  2000f22c    00000044                  : wlan.obj (.text:sl_WlanSetMode)
                  2000f270    00000044     sysbios.aem4 : BIOS.obj (.text:ti_sysbios_family_arm_m3_Hwi_getStackInfo__E)
                  2000f2b4    00000004     --HOLE-- [fill = 0]
                  2000f2b8    00000044                  : BIOS.obj (.text:ti_sysbios_knl_Mailbox_postInit__I)
                  2000f2fc    00000044     ti.targets.arm.rtsarm.aem4 : Error.oem4 (.text:xdc_runtime_Error_setX__E)
                  2000f340    00000044                                : LoggerBuf.oem4 (.text:xdc_runtime_LoggerBuf_filterOutEvent__I)
                  2000f384    00000044                                : SysMin.oem4 (.text:xdc_runtime_SysMin_flush__E)
                  2000f3c8    00000040     driverlib.a : pin.obj (.text:PinModeSet)
                  2000f408    00000040     simplelink.a : driver.obj (.text:_SlDrvHandleNetAppEvents)
                  2000f448    00000040                  : driver.obj (.text:_SlDrvHandleWlanEvents)
                  2000f488    00000040                  : driver.obj (.text:_SlDrvSyncObjWaitTimeout)
                  2000f4c8    00000040     rtsv7M4_T_le_eabi.lib : u_divt2.obj (.text)
                  2000f508    00000040     sysbios.aem4 : BIOS.obj (.text:ti_sysbios_family_arm_m3_Timer_Module_startup__E)
                  2000f548    0000003e     app_pem4.oem4 (.text:realloc)
                  2000f586    0000003c     simplelink.a : netapp.obj (.text:CopyPingResultsToReport)
                  2000f5c2    00000002     --HOLE-- [fill = 0]
                  2000f5c4    0000003c     driverlib.a : prcm.obj (.text:PRCMPeripheralClkEnable)
                  2000f600    0000003c     sysbios.aem4 : BIOS.obj (.text:ti_sysbios_family_arm_m3_Hwi_excSvCall__I)
                  2000f63c    00000004     --HOLE-- [fill = 0]
                  2000f640    0000003c                  : BIOS.obj (.text:ti_sysbios_family_arm_m3_TaskSupport_start__E)
                  2000f67c    00000004     --HOLE-- [fill = 0]
                  2000f680    0000003c                  : BIOS.obj (.text:ti_sysbios_heaps_HeapMem_init__I)
                  2000f6bc    00000004     --HOLE-- [fill = 0]
                  2000f6c0    0000003c                  : BIOS.obj (.text:ti_sysbios_knl_Swi_startup__E)
                  2000f6fc    0000003c     driverlib.a : udma.obj (.text:uDMAChannelControlSet)
                  2000f738    0000003c     ti.targets.arm.rtsarm.aem4 : Text.oem4 (.text:xdc_runtime_Text_xprintf__I)
                  2000f774    0000003a                                : LoggerBuf.oem4 (.text:xdc_runtime_LoggerBuf_Instance_init__E)
                  2000f7ae    00000002     --HOLE-- [fill = 0]
                  2000f7b0    00000038     simplelink.a : cc_pal.obj (.text:NwpPowerOff)
                  2000f7e8    00000038     sysbios.aem4 : BIOS.obj (.text:ti_sysbios_family_arm_m3_Hwi_excNoIsr__I)
                  2000f820    00000038                  : BIOS.obj (.text:ti_sysbios_knl_Task_processVitalTaskFlag__I)
                  2000f858    00000038     ti.targets.arm.rtsarm.aem4 : SysMin.oem4 (.text:xdc_runtime_SysMin_putch__E)
                  2000f890    00000038                                : System.oem4 (.text:xdc_runtime_System_atexit__E)
                  2000f8c8    00000034     driverlib.a : prcm.obj (.text:PRCMPeripheralStatusGet)
                  2000f8fc    00000034                 : spi.obj (.text:SPIFIFOLevelSet)
                  2000f930    00000034     sysbios.aem4 : BIOS.obj (.text:ti_sysbios_family_arm_m3_Hwi_excNmi__I)
                  2000f964    00000004     --HOLE-- [fill = 0]
                  2000f968    00000034                  : BIOS.obj (.text:ti_sysbios_family_arm_m3_Timer_periodicStub__I)
                  2000f99c    00000004     --HOLE-- [fill = 0]
                  2000f9a0    00000034                  : BIOS.obj (.text:ti_sysbios_hal_Hwi_checkStack)
                  2000f9d4    00000034     app_pem4.oem4 (.text:ti_sysbios_knl_Semaphore_create)
                  2000fa08    00000034     ti.targets.arm.rtsarm.aem4 : Core-label.oem4 (.text:xdc_runtime_Core_assignLabel__I)
                  2000fa3c    00000033                                : Text.oem4 (.text:xdc_runtime_Text_printVisFxn__I)
                  2000fa6f    00000001     --HOLE-- [fill = 0]
                  2000fa70    00000032     sysbios.aem4 : BIOS.obj (.text:ti_sysbios_hal_Hwi_initStack)
                  2000faa2    00000006     ti.targets.arm.rtsarm.aem4 : System.oem4 (.text:xdc_runtime_System_Module_startup__E)
                  2000faa8    00000032     sysbios.aem4 : BIOS.obj (.text:ti_sysbios_knl_Semaphore_pendTimeout__I)
                  2000fada    00000002     --HOLE-- [fill = 0]
                  2000fadc    00000030     driverlib.a : uart.obj (.text:UARTDisable)
                  2000fb0c    00000030     rtsv7M4_T_le_eabi.lib : strncpy.obj (.text)
                  2000fb3c    00000030     app_pem4.oem4 (.text:ti_sysbios_BIOS_atExitFunc__I)
                  2000fb6c    00000030     app_pem4.oem4 (.text:ti_sysbios_gates_GateHwi_Object__create__S)
                  2000fb9c    00000030     app_pem4.oem4 (.text:ti_sysbios_gates_GateMutex_Object__create__S)
                  2000fbcc    00000030     app_pem4.oem4 (.text:ti_sysbios_heaps_HeapMem_Object__create__S)
                  2000fbfc    00000030     app_pem4.oem4 (.text:ti_sysbios_knl_Semaphore_construct)
                  2000fc2c    00000030     ti.targets.arm.rtsarm.aem4 : SysMin.oem4 (.text:xdc_runtime_SysMin_abort__E)
                  2000fc5c    00000030                                : System.oem4 (.text:xdc_runtime_System_processAtExit__E)
                  2000fc8c    0000002e     app_pem4.oem4 (.text:malloc)
                  2000fcba    0000002e     rtsv7M4_T_le_eabi.lib : i_tofd_t2.obj (.text)
                  2000fce8    0000002c     simplelink.a : cc_pal.obj (.text:DmaSpiSwIntHandler)
                  2000fd14    0000002c     driverlib.a : prcm.obj (.text:PRCMSysResetCauseGet)
                  2000fd40    0000002c     app_pem4.oem4 (.text:ti_sysbios_knl_Clock_doTick__I)
                  2000fd6c    0000002c     app_pem4.oem4 (.text:ti_sysbios_knl_Queue_construct)
                  2000fd98    0000002c     sysbios.aem4 : BIOS.obj (.text:ti_sysbios_knl_Task_restore__E)
                  2000fdc4    0000002c     ti.targets.arm.rtsarm.aem4 : Text.oem4 (.text:xdc_runtime_Text_cordText__E)
                  2000fdf0    0000002a                                : System.oem4 (.text:xdc_runtime_System_putchar__I)
                  2000fe1a    00000002     --HOLE-- [fill = 0]
                  2000fe1c    00000028     driverlib.a : prcm.obj (.text:PRCMPeripheralClkDisable)
                  2000fe44    00000028     simplelink.a : driver.obj (.text:_SlDrvObjGlobalLockWaitForever)
                  2000fe6c    00000028                  : driver.obj (.text:_SlDrvProtectionObjLockWaitForever)
                  2000fe94    00000004     --HOLE-- [fill = 0]
                  2000fe98    00000028     sysbios.aem4 : BIOS.obj (.text:ti_sysbios_family_arm_m3_Hwi_Instance_finalize__E)
                  2000fec0    00000028                  : BIOS.obj (.text:ti_sysbios_knl_Swi_Module_startup__E)
                  2000fee8    00000028     ti.targets.arm.rtsarm.aem4 : LoggerBuf.oem4 (.text:xdc_runtime_LoggerBuf_Module_startup__E)
                  2000ff10    00000026     simplelink.a : cc_pal.obj (.text:NwpRegisterInterruptHandler)
                  2000ff36    00000026     network_common.obj (.text)
                  2000ff5c    00000026     ti.targets.arm.rtsarm.aem4 : System.oem4 (.text:xdc_runtime_System_avprintf__E)
                  2000ff82    00000024     driverlib.a : uart.obj (.text:UARTEnable)
                  2000ffa6    00000002     --HOLE-- [fill = 0]
                  2000ffa8    00000024     simplelink.a : driver.obj (.text:_SlDrvGlobalObjUnLock)
                  2000ffcc    00000024                  : driver.obj (.text:_SlDrvProtectionObjUnLock)
                  2000fff0    00000024                  : driver.obj (.text:_SlDrvSyncObjWaitForever)
                  20010014    00000024     rtsv7M4_T_le_eabi.lib : memmov.obj (.text)
                  20010038    00000024     app_pem4.oem4 (.text:ti_sysbios_BIOS_errorRaiseHook__I)
                  2001005c    00000024     app_pem4.oem4 (.text:ti_sysbios_BIOS_registerRTSLock__I)
                  20010080    00000024     app_pem4.oem4 (.text:ti_sysbios_BIOS_removeRTSLock__I)
                  200100a4    00000024     app_pem4.oem4 (.text:ti_sysbios_BIOS_startFunc__I)
                  200100c8    00000024     sysbios.aem4 : BIOS.obj (.text:ti_sysbios_family_arm_m3_Hwi_doTaskRestore__I)
                  200100ec    00000004     --HOLE-- [fill = 0]
                  200100f0    00000024                  : BIOS.obj (.text:ti_sysbios_family_arm_m3_Timer_startup__E)
                  20010114    00000024     app_pem4.oem4 (.text:ti_sysbios_gates_GateMutex_Object__delete__S)
                  20010138    00000024     sysbios.aem4 : BIOS.obj (.text:ti_sysbios_knl_Clock_Module_startup__E)
                  2001015c    00000024     app_pem4.oem4 (.text:ti_sysbios_knl_Semaphore_Object__delete__S)
                  20010180    00000024     ti.targets.arm.rtsarm.aem4 : System.oem4 (.text:xdc_runtime_System_vprintf__E)
                  200101a4    00000022     driverlib.a : spi.obj (.text:SPIReset)
                  200101c6    00000022                 : spi.obj (.text:SPIWordCountSet)
                  200101e8    00000022     app_pem4.oem4 (.text:xdc_runtime_SysMin_output__I)
                  2001020a    00000002     --HOLE-- [fill = 0]
                  2001020c    00000020     simplelink.a : cc_pal.obj (.text:NwpPowerOn)
                  2001022c    00000020                  : wlan.obj (.text:sl_WlanDisconnect)
                  2001024c    00000020     app_pem4.oem4 (.text:ti_sysbios_BIOS_rtsLock__I)
                  2001026c    00000020     app_pem4.oem4 (.text:ti_sysbios_family_arm_m3_Hwi_Object__delete__S)
                  2001028c    00000020     sysbios.aem4 : m3_Hwi_asm.obj (.text:ti_sysbios_family_arm_m3_Hwi_excHandlerAsm__I)
                  200102ac    00000004     --HOLE-- [fill = 0]
                  200102b0    00000020                  : BIOS.obj (.text:ti_sysbios_family_arm_m3_Hwi_excHandler__I)
                  200102d0    00000020                  : BIOS.obj (.text:ti_sysbios_family_arm_m3_TimestampProvider_Module_startup__E)
                  200102f0    00000020     app_pem4.oem4 (.text:ti_sysbios_gates_GateHwi_Object__delete__S)
                  20010310    00000020     app_pem4.oem4 (.text:ti_sysbios_heaps_HeapMem_Object__delete__S)
                  20010330    00000020     sysbios.aem4 : BIOS.obj (.text:ti_sysbios_knl_Idle_run__E)
                  20010350    00000020     app_pem4.oem4 (.text:ti_sysbios_knl_Mailbox_Object__delete__S)
                  20010370    00000020     app_pem4.oem4 (.text:ti_sysbios_knl_Semaphore_Object__destruct__S)
                  20010390    00000020     app_pem4.oem4 (.text:ti_sysbios_knl_Task_Object__delete__S)
                  200103b0    00000020     app_pem4.oem4 (.text:xdc_runtime_LoggerBuf_Object__delete__S)
                  200103d0    00000020     ti.targets.arm.rtsarm.aem4 : LoggerBuf.oem4 (.text:xdc_runtime_LoggerBuf_reset__E)
                  200103f0    00000020                                : Registry.oem4 (.text:xdc_runtime_Registry_findById__E)
                  20010410    00000020                                : SysMin.oem4 (.text:xdc_runtime_SysMin_Module_startup__E)
                  20010430    0000001e     driverlib.a : uart.obj (.text:UARTCharPut)
                  2001044e    0000001e     simplelink.a : driver.obj (.text:_SlDrvSyncObjSignal)
                  2001046c    0000001e                  : cc_pal.obj (.text:cc_UDMAChannelSelect)
                  2001048a    0000001e     sysbios.aem4 : m3_Hwi_asm_switch.obj (.text:ti_sysbios_family_xxx_Hwi_switchAndRunFunc)
                  200104a8    0000001c     driverlib.a : uart.obj (.text:UARTCharGetNonBlocking)
                  200104c4    0000001c     pinmux.obj (.text)
                  200104e0    0000001c     rtsv7M4_T_le_eabi.lib : memccpy.obj (.text)
                  200104fc    00000004     --HOLE-- [fill = 0]
                  20010500    0000001c     sysbios.aem4 : BIOS.obj (.text:ti_sysbios_family_arm_m3_Hwi_setPriority__E)
                  2001051c    00000004     --HOLE-- [fill = 0]
                  20010520    0000001c                  : BIOS.obj (.text:ti_sysbios_gates_GateMutex_Instance_init__E)
                  2001053c    0000001c     app_pem4.oem4 (.text:ti_sysbios_knl_Queue_Object__destruct__S)
                  20010558    0000001c     sysbios.aem4 : BIOS.obj (.text:ti_sysbios_knl_Task_enter__I)
                  20010574    0000001c     driverlib.a : udma.obj (.text:uDMAChannelEnable)
                  20010590    0000001c     ti.targets.arm.rtsarm.aem4 : Error.oem4 (.text:xdc_runtime_Error_raiseX__E)
                  200105ac    0000001c                                : Memory.oem4 (.text:xdc_runtime_Memory_valloc__E)
                  200105c8    0000001c                                : SysMin.oem4 (.text:xdc_runtime_SysMin_exit__E)
                  200105e4    0000001c                                : System.oem4 (.text:xdc_runtime_System_abort__E)
                  20010600    0000001a     driverlib.a : pin.obj (.text:PinTypeUART)
                  2001061a    0000001a                 : spi.obj (.text:SPIDmaDisable)
                  20010634    0000001a                 : spi.obj (.text:SPIDmaEnable)
                  2001064e    0000001a                 : spi.obj (.text:SPIFIFODisable)
                  20010668    0000001a                 : spi.obj (.text:SPIFIFOEnable)
                  20010682    0000001a     app_pem4.oem4 (.text:ti_sysbios_family_arm_m3_Hwi_Handle__label__S)
                  2001069c    0000001a     sysbios.aem4 : m3_Hwi_asm.obj (.text:ti_sysbios_family_arm_m3_Hwi_pendSV__I)
                  200106b6    0000001a     app_pem4.oem4 (.text:ti_sysbios_gates_GateHwi_Handle__label__S)
                  200106d0    0000001a     app_pem4.oem4 (.text:ti_sysbios_gates_GateMutex_Handle__label__S)
                  200106ea    0000001a     app_pem4.oem4 (.text:ti_sysbios_heaps_HeapMem_Handle__label__S)
                  20010704    0000001a     app_pem4.oem4 (.text:ti_sysbios_knl_Swi_Handle__label__S)
                  2001071e    0000001a     app_pem4.oem4 (.text:ti_sysbios_knl_Task_Handle__label__S)
                  20010738    0000001a     sysbios.aem4 : BIOS.obj (.text:ti_sysbios_knl_Task_sleepTimeout__I)
                  20010752    0000001a     app_pem4.oem4 (.text:xdc_runtime_LoggerBuf_Handle__label__S)
                  2001076c    0000001a     app_pem4.oem4 (.text:xdc_runtime_System_aprintf__E)
                  20010786    0000001a     app_pem4.oem4 (.text:xdc_runtime_System_printf__E)
                  200107a0    00000018     driverlib.a : spi.obj (.text:SPICSDisable)
                  200107b8    00000018                 : spi.obj (.text:SPICSEnable)
                  200107d0    00000018                 : spi.obj (.text:SPIDisable)
                  200107e8    00000018                 : spi.obj (.text:SPIEnable)
                  20010800    00000018                 : uart.obj (.text:UARTCharsAvail)
                  20010818    00000018     simplelink.a : device.obj (.text:_sl_GetStartResponseConvert)
                  20010830    00000018     app_pem4.oem4 (.text:free)
                  20010848    00000018     rtsv7M4_T_le_eabi.lib : args_main.obj (.text)
                  20010860    00000018     app_pem4.oem4 (.text:ti_sysbios_BIOS_rtsUnlock__I)
                  20010878    00000018     app_pem4.oem4 (.text:ti_sysbios_family_arm_m3_Hwi_Module__startupDone__F)
                  20010890    00000018     app_pem4.oem4 (.text:ti_sysbios_family_arm_m3_Timer_Module__startupDone__F)
                  200108a8    00000018     sysbios.aem4 : BIOS.obj (.text:ti_sysbios_gates_GateMutex_leave__E)
                  200108c0    00000018     ti.targets.arm.rtsarm.aem4 : Error.oem4 (.text:xdc_runtime_Error_check__E)
                  200108d8    00000018                                : System.oem4 (.text:xdc_runtime_System_exit__E)
                  200108f0    00000018                                : Text.oem4 (.text:xdc_runtime_Text_ropeText__E)
                  20010908    00000016     driverlib.a : prcm.obj (.text:PRCMHIBRegRead)
                  2001091e    00000016                 : prcm.obj (.text:PRCMHIBRegWrite)
                  20010934    00000016     simplelink.a : driver.obj (.text:_SlDrvMemZero)
                  2001094a    00000016     rtsv7M4_T_le_eabi.lib : strchr.obj (.text)
                  20010960    00000016     app_pem4.oem4 (.text:ti_sysbios_BIOS_exitFunc__I)
                  20010976    00000014     driverlib.a : cpu.obj (.text:CPUcpsie)
                  2001098a    00000002     --HOLE-- [fill = 0]
                  2001098c    00000014     rtsv7M4_T_le_eabi.lib : _lock.obj (.text)
                  200109a0    00000014                           : strcpy.obj (.text)
                  200109b4    00000014                           : strlen.obj (.text)
                  200109c8    00000014     app_pem4.oem4 (.text:ti_sysbios_family_arm_m3_Hwi_Object__get__S)
                  200109dc    00000004     --HOLE-- [fill = 0]
                  200109e0    00000014     sysbios.aem4 : BIOS.obj (.text:ti_sysbios_family_arm_m3_Hwi_switchFromBootStack__E)
                  200109f4    00000014     app_pem4.oem4 (.text:ti_sysbios_heaps_HeapMem_Object__get__S)
                  20010a08    00000014     app_pem4.oem4 (.text:ti_sysbios_knl_Swi_Object__get__S)
                  20010a1c    00000014     app_pem4.oem4 (.text:xdc_runtime_LoggerBuf_Object__get__S)
                  20010a30    00000012     sysbios.aem4 : BIOS.obj (.text:ti_sysbios_hal_Hwi_Module_startup__E)
                  20010a42    00000006     --HOLE-- [fill = 0]
                  20010a48    00000012                  : BIOS.obj (.text:ti_sysbios_hal_Timer_Module_startup__E)
                  20010a5a    00000012     ti.targets.arm.rtsarm.aem4 : LoggerBuf.oem4 (.text:xdc_runtime_LoggerBuf_Instance_finalize__E)
                  20010a6c    00000012                                : LoggerBuf.oem4 (.text:xdc_runtime_LoggerBuf_write1__E)
                  20010a7e    00000012                                : LoggerBuf.oem4 (.text:xdc_runtime_LoggerBuf_write2__E)
                  20010a90    00000012     app_pem4.oem4 (.text:xdc_runtime_Startup_exec__I)
                  20010aa2    00000010     simplelink.a : driver.obj (.text:_SlDrvDispatchHttpServerEvents)
                  20010ab2    00000006     --HOLE-- [fill = 0]
                  20010ab8    00000010     sysbios.aem4 : BIOS.obj (.text:ti_sysbios_BIOS_setThreadType__E)
                  20010ac8    00000010                  : BIOS.obj (.text:ti_sysbios_BIOS_start__E)
                  20010ad8    00000010                  : BIOS.obj (.text:ti_sysbios_family_arm_m3_Hwi_getHandle__E)
                  20010ae8    00000010                  : m3_TaskSupport_asm.obj (.text:ti_sysbios_family_arm_m3_TaskSupport_glue)
                  20010af8    00000010                  : m3_TaskSupport_asm.obj (.text:ti_sysbios_family_arm_m3_TaskSupport_swap__E)
                  20010b08    00000010                  : BIOS.obj (.text:ti_sysbios_gates_GateMutex_Instance_finalize__E)
                  20010b18    00000010     app_pem4.oem4 (.text:ti_sysbios_knl_Mailbox_Object__get__S)
                  20010b28    00000010     sysbios.aem4 : BIOS.obj (.text:ti_sysbios_knl_Semaphore_Instance_finalize__E)
                  20010b38    00000010                  : BIOS.obj (.text:ti_sysbios_knl_Swi_disable__E)
                  20010b48    00000010     app_pem4.oem4 (.text:ti_sysbios_knl_Task_Object__get__S)
                  20010b58    00000010     sysbios.aem4 : BIOS.obj (.text:ti_sysbios_knl_Task_disable__E)
                  20010b68    00000010     ti.targets.arm.rtsarm.aem4 : Gate.oem4 (.text:xdc_runtime_Gate_leaveSystem__E)
                  20010b78    00000010                                : LoggerBuf.oem4 (.text:xdc_runtime_LoggerBuf_write0__E)
                  20010b88    00000010                                : Memory.oem4 (.text:xdc_runtime_Memory_free__E)
                  20010b98    00000010                                : SysMin.oem4 (.text:xdc_runtime_SysMin_ready__E)
                  20010ba8    00000010                                : System.oem4 (.text:xdc_runtime_System_vsnprintf__E)
                  20010bb8    00000010     app_pem4.oem4 (.text:xdc_runtime_Text_visitRope__I)
                  20010bc8    0000000e     simplelink.a : driver.obj (.text:_SlDrvResetCmdExt)
                  20010bd6    0000000e     rtsv7M4_T_le_eabi.lib : copy_decompress_none.obj (.text:decompress:none)
                  20010be4    00000004     --HOLE-- [fill = 0]
                  20010be8    0000000e     sysbios.aem4 : BIOS.obj (.text:ti_sysbios_knl_Idle_loop__E)
                  20010bf6    00000002     --HOLE-- [fill = 0]
                  20010bf8    0000000e                  : BIOS.obj (.text:ti_sysbios_knl_Queue_empty__E)
                  20010c06    00000002     --HOLE-- [fill = 0]
                  20010c08    0000000c     simplelink.a : cc_pal.obj (.text:NwpMaskInterrupt)
                  20010c14    0000000c                  : cc_pal.obj (.text:NwpUnMaskInterrupt)
                  20010c20    0000000c     app_pem4.oem4 (.text:ti_sysbios_family_arm_m3_Hwi_Params__init__S)
                  20010c2c    00000004     --HOLE-- [fill = 0]
                  20010c30    0000000c     sysbios.aem4 : BIOS.obj (.text:ti_sysbios_family_arm_m3_Hwi_disableFxn__E)
                  20010c3c    00000004     --HOLE-- [fill = 0]
                  20010c40    0000000c                  : BIOS.obj (.text:ti_sysbios_family_arm_m3_TaskSupport_checkStack__E)
                  20010c4c    00000004     --HOLE-- [fill = 0]
                  20010c50    0000000c                  : BIOS.obj (.text:ti_sysbios_family_arm_m3_TaskSupport_getStackAlignment__E)
                  20010c5c    00000004     --HOLE-- [fill = 0]
                  20010c60    0000000c                  : BIOS.obj (.text:ti_sysbios_gates_GateHwi_enter__E)
                  20010c6c    0000000c     app_pem4.oem4 (.text:ti_sysbios_knl_Queue_Object__get__S)
                  20010c78    0000000c     app_pem4.oem4 (.text:ti_sysbios_knl_Semaphore_Params__init__S)
                  20010c84    0000000c     app_pem4.oem4 (.text:ti_sysbios_knl_Task_Params__init__S)
                  20010c90    0000000c     ti.targets.arm.rtsarm.aem4 : Error.oem4 (.text:xdc_runtime_Error_init__E)
                  20010c9c    0000000c                                : Gate.oem4 (.text:xdc_runtime_Gate_enterSystem__E)
                  20010ca8    0000000c                                : Memory.oem4 (.text:xdc_runtime_Memory_calloc__E)
                  20010cb4    0000000c                                : Memory.oem4 (.text:xdc_runtime_Memory_getMaxDefaultTypeAlign__E)
                  20010cc0    0000000a     driverlib.a : interrupt.obj (.text:IntMasterEnable)
                  20010cca    0000000a     app_pem4.oem4 (.text:xdc_runtime_IHeap_alloc)
                  20010cd4    0000000a     app_pem4.oem4 (.text:xdc_runtime_IHeap_free)
                  20010cde    0000000a     ti.targets.arm.rtsarm.aem4 : LoggerBuf.oem4 (.text:xdc_runtime_LoggerBuf_disable__E)
                  20010ce8    0000000a                                : LoggerBuf.oem4 (.text:xdc_runtime_LoggerBuf_enable__E)
                  20010cf2    00000008     rtsv7M4_T_le_eabi.lib : s_copysign.obj (.text)
                  20010cfa    00000006     --HOLE-- [fill = 0]
                  20010d00    00000008     sysbios.aem4 : BIOS.obj (.text:ti_sysbios_family_arm_m3_Hwi_doSwiRestore__I)
                  20010d08    00000008                  : BIOS.obj (.text:ti_sysbios_family_arm_m3_Hwi_startup__E)
                  20010d10    00000006                  : BIOS.obj (.text:ti_sysbios_family_arm_m3_Hwi_restoreFxn__E)
                  20010d16    00000002     --HOLE-- [fill = 0]
                  20010d18    00000006                  : BIOS.obj (.text:ti_sysbios_gates_GateHwi_leave__E)
                  20010d1e    00000002     --HOLE-- [fill = 0]
                  20010d20    00000006                  : BIOS.obj (.text:ti_sysbios_heaps_HeapMem_isBlocking__E)
                  20010d26    00000002     --HOLE-- [fill = 0]
                  20010d28    00000006                  : BIOS.obj (.text:ti_sysbios_knl_Queue_Instance_init__E)
                  20010d2e    00000002     --HOLE-- [fill = 0]
                  20010d30    00000004                  : BIOS.obj (.text:ti_sysbios_family_arm_m3_Timer_getMaxTicks__E)
                  20010d34    00000004     --HOLE-- [fill = 0]
                  20010d38    00000004                  : BIOS.obj (.text:ti_sysbios_gates_GateHwi_query__E)
                  20010d3c    00000004     --HOLE-- [fill = 0]
                  20010d40    00000004                  : BIOS.obj (.text:ti_sysbios_gates_GateMutex_query__E)
                  20010d44    00000004     --HOLE-- [fill = 0]
                  20010d48    00000004                  : BIOS.obj (.text:ti_sysbios_knl_Task_startup__E)
                  20010d4c    00000004     --HOLE-- [fill = 0]
                  20010d50    00000002                  : BIOS.obj (.text:ti_sysbios_gates_GateHwi_Instance_init__E)

.const     0    20010d54    000023f0     
                  20010d54    0000178e     app_pem4.oem4 (.const:xdc_runtime_Text_charTab__A)
                  200124e2    00000101     rtsv7M4_T_le_eabi.lib : ctype.obj (.const:.string:_ctypes_)
                  200125e3    00000001     app_pem4.oem4 (.const:xdc_runtime_Error_policy__C)
                  200125e4    00000100     driverlib.a : pin.obj (.const:g_ulPinToPadMap)
                  200126e4    000000b8     app_pem4.oem4 (.const:xdc_runtime_Text_nodeTab__A)
                  2001279c    000000a8     driverlib.a : prcm.obj (.const:PRCM_PeriphRegsList)
                  20012844    00000080                 : interrupt.obj (.const)
                  200128c4    00000048     app_pem4.oem4 (.const:.string)
                  2001290c    0000003c     simplelink.a : driver.obj (.const:OpcodeTranslateTable)
                  20012948    0000003c                  : wlan.obj (.const)
                  20012984    0000003c     app_pem4.oem4 (.const:ti_sysbios_knl_Task_Object__PARAMS__C)
                  200129c0    0000003c     app_pem4.oem4 (.const:xdc_runtime_LoggerBuf_Module__FXNS__C)
                  200129fc    00000038     simplelink.a : driver.obj (.const:_SlActionLookupTable)
                  20012a34    00000038                  : driver.obj (.const)
                  20012a6c    00000034     app_pem4.oem4 (.const:ti_sysbios_knl_Mailbox_Object__PARAMS__C)
                  20012aa0    00000030     app_pem4.oem4 (.const:ti_sysbios_family_arm_m3_Hwi_Object__PARAMS__C)
                  20012ad0    00000030     app_pem4.oem4 (.const:xdc_runtime_Startup_sfxnTab__A)
                  20012b00    0000002c     main.obj (.const:$P$T1$2)
                  20012b2c    00000028     simplelink.a : netapp.obj (.const)
                  20012b54    00000028     app_pem4.oem4 (.const:ti_sysbios_heaps_HeapMem_Module__FXNS__C)
                  20012b7c    00000024     app_pem4.oem4 (.const:ti_sysbios_gates_GateHwi_Module__FXNS__C)
                  20012ba0    00000024     app_pem4.oem4 (.const:ti_sysbios_gates_GateMutex_Module__FXNS__C)
                  20012bc4    00000024     app_pem4.oem4 (.const:ti_sysbios_heaps_HeapMem_Object__PARAMS__C)
                  20012be8    00000024     app_pem4.oem4 (.const:ti_sysbios_knl_Semaphore_Object__PARAMS__C)
                  20012c0c    00000024     app_pem4.oem4 (.const:xdc_runtime_LoggerBuf_Object__PARAMS__C)
                  20012c30    00000022     main.obj (.const:.string:$P$T0$1)
                  20012c52    00000002     app_pem4.oem4 (.const:ti_sysbios_family_arm_m3_Hwi_Module__id__C)
                  20012c54    00000020     app_pem4.oem4 (.const:ti_sysbios_family_arm_m3_Hwi_Object__DESC__C)
                  20012c74    00000020     app_pem4.oem4 (.const:ti_sysbios_gates_GateHwi_Object__DESC__C)
                  20012c94    00000020     app_pem4.oem4 (.const:ti_sysbios_gates_GateMutex_Object__DESC__C)
                  20012cb4    00000020     app_pem4.oem4 (.const:ti_sysbios_heaps_HeapMem_Object__DESC__C)
                  20012cd4    00000020     app_pem4.oem4 (.const:ti_sysbios_knl_Mailbox_Object__DESC__C)
                  20012cf4    00000020     app_pem4.oem4 (.const:ti_sysbios_knl_Queue_Object__DESC__C)
                  20012d14    00000020     app_pem4.oem4 (.const:ti_sysbios_knl_Semaphore_Object__DESC__C)
                  20012d34    00000020     app_pem4.oem4 (.const:ti_sysbios_knl_Task_Object__DESC__C)
                  20012d54    00000020     app_pem4.oem4 (.const:xdc_runtime_LoggerBuf_Object__DESC__C)
                  20012d74    0000001c     simplelink.a : device.obj (.const)
                  20012d90    00000018     driverlib.a : spi.obj (.const)
                  20012da8    00000018     app_pem4.oem4 (.const:ti_sysbios_gates_GateHwi_Object__PARAMS__C)
                  20012dc0    00000018     app_pem4.oem4 (.const:ti_sysbios_gates_GateMutex_Object__PARAMS__C)
                  20012dd8    00000018     app_pem4.oem4 (.const:ti_sysbios_knl_Queue_Object__PARAMS__C)
                  20012df0    00000018     app_pem4.oem4 (.const:xdc_runtime_Startup_sfxnRts__A)
                  20012e08    00000014     main.obj (.const:$P$T2$3)
                  20012e1c    00000011     ti.targets.arm.rtsarm.aem4 : System.oem4 (.const:.string)
                  20012e2d    00000001     --HOLE-- [fill = 0]
                  20012e2e    00000002     app_pem4.oem4 (.const:ti_sysbios_family_arm_m3_Hwi_Module__loggerDefined__C)
                  20012e30    00000010     main.obj (.const:$P$T6$7)
                  20012e40    0000000e     main.obj (.const:.string:$P$T3$4)
                  20012e4e    00000002     app_pem4.oem4 (.const:ti_sysbios_family_arm_m3_Timer_Module__id__C)
                  20012e50    0000000c     app_pem4.oem4 (.const:xdc_runtime_Startup_firstFxns__A)
                  20012e5c    0000000b     main.obj (.const:.string:$P$T5$6)
                  20012e67    00000009     main.obj (.const:.string:$P$T4$5)
                  20012e70    00000008     simplelink.a : netcfg.obj (.const)
                  20012e78    00000008     app_pem4.oem4 (.const:ti_sysbios_family_arm_m3_Hwi_excHookFuncs__A)
                  20012e80    00000008     app_pem4.oem4 (.const:ti_sysbios_knl_Idle_funcList__C)
                  20012e88    00000008     app_pem4.oem4 (.const:xdc_runtime_Startup_firstFxns__C)
                  20012e90    00000008     app_pem4.oem4 (.const:xdc_runtime_Startup_lastFxns__C)
                  20012e98    00000005     main.obj (.const:.string:$P$T7$8)
                  20012e9d    00000001     --HOLE-- [fill = 0]
                  20012e9e    00000002     app_pem4.oem4 (.const:ti_sysbios_family_arm_m3_TimestampProvider_configTimer__C)
                  20012ea0    00000004     app_pem4.oem4 (.const:ti_sysbios_family_arm_m3_Hwi_E_NMI__C)
                  20012ea4    00000004     app_pem4.oem4 (.const:ti_sysbios_family_arm_m3_Hwi_E_alreadyDefined__C)
                  20012ea8    00000004     app_pem4.oem4 (.const:ti_sysbios_family_arm_m3_Hwi_E_busFault__C)
                  20012eac    00000004     app_pem4.oem4 (.const:ti_sysbios_family_arm_m3_Hwi_E_debugMon__C)
                  20012eb0    00000004     app_pem4.oem4 (.const:ti_sysbios_family_arm_m3_Hwi_E_hardFault__C)
                  20012eb4    00000004     app_pem4.oem4 (.const:ti_sysbios_family_arm_m3_Hwi_E_memFault__C)
                  20012eb8    00000004     app_pem4.oem4 (.const:ti_sysbios_family_arm_m3_Hwi_E_noIsr__C)
                  20012ebc    00000004     app_pem4.oem4 (.const:ti_sysbios_family_arm_m3_Hwi_E_reserved__C)
                  20012ec0    00000004     app_pem4.oem4 (.const:ti_sysbios_family_arm_m3_Hwi_E_svCall__C)
                  20012ec4    00000004     app_pem4.oem4 (.const:ti_sysbios_family_arm_m3_Hwi_E_usageFault__C)
                  20012ec8    00000004     app_pem4.oem4 (.const:ti_sysbios_family_arm_m3_Hwi_LD_end__C)
                  20012ecc    00000004     app_pem4.oem4 (.const:ti_sysbios_family_arm_m3_Hwi_LM_begin__C)
                  20012ed0    00000004     app_pem4.oem4 (.const:ti_sysbios_family_arm_m3_Hwi_Module__diagsEnabled__C)
                  20012ed4    00000004     app_pem4.oem4 (.const:ti_sysbios_family_arm_m3_Hwi_Module__diagsIncluded__C)
                  20012ed8    00000004     app_pem4.oem4 (.const:ti_sysbios_family_arm_m3_Hwi_Module__diagsMask__C)
                  20012edc    00000004     app_pem4.oem4 (.const:ti_sysbios_family_arm_m3_Hwi_Module__loggerFxn1__C)
                  20012ee0    00000004     app_pem4.oem4 (.const:ti_sysbios_family_arm_m3_Hwi_Module__loggerFxn8__C)
                  20012ee4    00000004     app_pem4.oem4 (.const:ti_sysbios_family_arm_m3_Hwi_Module__loggerObj__C)
                  20012ee8    00000004     app_pem4.oem4 (.const:ti_sysbios_family_arm_m3_Hwi_NUM_INTERRUPTS__C)
                  20012eec    00000004     app_pem4.oem4 (.const:ti_sysbios_family_arm_m3_Hwi_Object__count__C)
                  20012ef0    00000004     app_pem4.oem4 (.const:ti_sysbios_family_arm_m3_Hwi_ccr__C)
                  20012ef4    00000004     app_pem4.oem4 (.const:ti_sysbios_family_arm_m3_Hwi_excHandlerFunc__C)
                  20012ef8    00000004     app_pem4.oem4 (.const:ti_sysbios_family_arm_m3_Hwi_excHookFuncs__C)
                  20012efc    00000004     app_pem4.oem4 (.const:ti_sysbios_family_arm_m3_Hwi_nullIsrFunc__C)
                  20012f00    00000004     app_pem4.oem4 (.const:ti_sysbios_family_arm_m3_Hwi_priGroup__C)
                  20012f04    00000004     app_pem4.oem4 (.const:ti_sysbios_family_arm_m3_TaskSupport_stackAlignment__C)
                  20012f08    00000004     app_pem4.oem4 (.const:ti_sysbios_family_arm_m3_Timer_E_cannotSupport__C)
                  20012f0c    00000004     app_pem4.oem4 (.const:ti_sysbios_family_arm_m3_Timer_startupNeeded__C)
                  20012f10    00000004     app_pem4.oem4 (.const:ti_sysbios_gates_GateMutex_A_badContext__C)
                  20012f14    00000004     app_pem4.oem4 (.const:ti_sysbios_gates_GateMutex_Instance_State_sem__O)
                  20012f18    00000004     app_pem4.oem4 (.const:ti_sysbios_gates_GateMutex_Module__diagsEnabled__C)
                  20012f1c    00000004     app_pem4.oem4 (.const:ti_sysbios_gates_GateMutex_Module__diagsIncluded__C)
                  20012f20    00000004     app_pem4.oem4 (.const:ti_sysbios_gates_GateMutex_Module__diagsMask__C)
                  20012f24    00000004     app_pem4.oem4 (.const:ti_sysbios_hal_Hwi_E_stackOverflow__C)
                  20012f28    00000004     app_pem4.oem4 (.const:ti_sysbios_heaps_HeapMem_A_align__C)
                  20012f2c    00000004     app_pem4.oem4 (.const:ti_sysbios_heaps_HeapMem_A_heapSize__C)
                  20012f30    00000004     app_pem4.oem4 (.const:ti_sysbios_heaps_HeapMem_A_invalidFree__C)
                  20012f34    00000004     app_pem4.oem4 (.const:ti_sysbios_heaps_HeapMem_A_zeroBlock__C)
                  20012f38    00000004     app_pem4.oem4 (.const:ti_sysbios_heaps_HeapMem_E_memory__C)
                  20012f3c    00000004     app_pem4.oem4 (.const:ti_sysbios_heaps_HeapMem_Module__diagsEnabled__C)
                  20012f40    00000004     app_pem4.oem4 (.const:ti_sysbios_heaps_HeapMem_Module__diagsIncluded__C)
                  20012f44    00000004     app_pem4.oem4 (.const:ti_sysbios_heaps_HeapMem_Module__diagsMask__C)
                  20012f48    00000004     app_pem4.oem4 (.const:ti_sysbios_heaps_HeapMem_Module__gateObj__C)
                  20012f4c    00000004     app_pem4.oem4 (.const:ti_sysbios_heaps_HeapMem_Object__count__C)
                  20012f50    00000004     app_pem4.oem4 (.const:ti_sysbios_heaps_HeapMem_reqAlign__C)
                  20012f54    00000004     app_pem4.oem4 (.const:ti_sysbios_knl_Clock_LM_begin__C)
                  20012f58    00000004     app_pem4.oem4 (.const:ti_sysbios_knl_Clock_LM_tick__C)
                  20012f5c    00000004     app_pem4.oem4 (.const:ti_sysbios_knl_Clock_LW_delayed__C)
                  20012f60    00000004     app_pem4.oem4 (.const:ti_sysbios_knl_Clock_Module_State_clockQ__O)
                  20012f64    00000004     app_pem4.oem4 (.const:ti_sysbios_knl_Clock_Module__diagsEnabled__C)
                  20012f68    00000004     app_pem4.oem4 (.const:ti_sysbios_knl_Clock_Module__diagsIncluded__C)
                  20012f6c    00000004     app_pem4.oem4 (.const:ti_sysbios_knl_Clock_Module__diagsMask__C)
                  20012f70    00000004     app_pem4.oem4 (.const:ti_sysbios_knl_Clock_Module__loggerFxn1__C)
                  20012f74    00000004     app_pem4.oem4 (.const:ti_sysbios_knl_Clock_Module__loggerFxn2__C)
                  20012f78    00000004     app_pem4.oem4 (.const:ti_sysbios_knl_Clock_Module__loggerObj__C)
                  20012f7c    00000004     app_pem4.oem4 (.const:ti_sysbios_knl_Clock_tickPeriod__C)
                  20012f80    00000004     app_pem4.oem4 (.const:ti_sysbios_knl_Idle_funcList__A)
                  20012f84    00000004     app_pem4.oem4 (.const:ti_sysbios_knl_Mailbox_A_invalidBufSize__C)
                  20012f88    00000004     app_pem4.oem4 (.const:ti_sysbios_knl_Mailbox_Instance_State_dataQue__O)
                  20012f8c    00000004     app_pem4.oem4 (.const:ti_sysbios_knl_Mailbox_Instance_State_dataSem__O)
                  20012f90    00000004     app_pem4.oem4 (.const:ti_sysbios_knl_Mailbox_Instance_State_freeQue__O)
                  20012f94    00000004     app_pem4.oem4 (.const:ti_sysbios_knl_Mailbox_Instance_State_freeSem__O)
                  20012f98    00000004     app_pem4.oem4 (.const:ti_sysbios_knl_Mailbox_Module__diagsEnabled__C)
                  20012f9c    00000004     app_pem4.oem4 (.const:ti_sysbios_knl_Mailbox_Module__diagsIncluded__C)
                  20012fa0    00000004     app_pem4.oem4 (.const:ti_sysbios_knl_Mailbox_Module__diagsMask__C)
                  20012fa4    00000004     app_pem4.oem4 (.const:ti_sysbios_knl_Mailbox_Object__count__C)
                  20012fa8    00000004     app_pem4.oem4 (.const:ti_sysbios_knl_Mailbox_maxTypeAlign__C)
                  20012fac    00000004     app_pem4.oem4 (.const:ti_sysbios_knl_Semaphore_A_badContext__C)
                  20012fb0    00000004     app_pem4.oem4 (.const:ti_sysbios_knl_Semaphore_A_noEvents__C)
                  20012fb4    00000004     app_pem4.oem4 (.const:ti_sysbios_knl_Semaphore_A_overflow__C)
                  20012fb8    00000004     app_pem4.oem4 (.const:ti_sysbios_knl_Semaphore_A_pendTaskDisabled__C)
                  20012fbc    00000004     app_pem4.oem4 (.const:ti_sysbios_knl_Semaphore_Instance_State_pendQ__O)
                  20012fc0    00000004     app_pem4.oem4 (.const:ti_sysbios_knl_Semaphore_LM_pend__C)
                  20012fc4    00000004     app_pem4.oem4 (.const:ti_sysbios_knl_Semaphore_LM_post__C)
                  20012fc8    00000004     app_pem4.oem4 (.const:ti_sysbios_knl_Semaphore_Module__diagsEnabled__C)
                  20012fcc    00000004     app_pem4.oem4 (.const:ti_sysbios_knl_Semaphore_Module__diagsIncluded__C)
                  20012fd0    00000004     app_pem4.oem4 (.const:ti_sysbios_knl_Semaphore_Module__diagsMask__C)
                  20012fd4    00000004     app_pem4.oem4 (.const:ti_sysbios_knl_Semaphore_Module__loggerFxn2__C)
                  20012fd8    00000004     app_pem4.oem4 (.const:ti_sysbios_knl_Semaphore_Module__loggerFxn4__C)
                  20012fdc    00000004     app_pem4.oem4 (.const:ti_sysbios_knl_Semaphore_Module__loggerObj__C)
                  20012fe0    00000004     app_pem4.oem4 (.const:ti_sysbios_knl_Swi_LD_end__C)
                  20012fe4    00000004     app_pem4.oem4 (.const:ti_sysbios_knl_Swi_LM_begin__C)
                  20012fe8    00000004     app_pem4.oem4 (.const:ti_sysbios_knl_Swi_LM_post__C)
                  20012fec    00000004     app_pem4.oem4 (.const:ti_sysbios_knl_Swi_Module__diagsEnabled__C)
                  20012ff0    00000004     app_pem4.oem4 (.const:ti_sysbios_knl_Swi_Module__diagsIncluded__C)
                  20012ff4    00000004     app_pem4.oem4 (.const:ti_sysbios_knl_Swi_Module__diagsMask__C)
                  20012ff8    00000004     app_pem4.oem4 (.const:ti_sysbios_knl_Swi_Module__loggerFxn1__C)
                  20012ffc    00000004     app_pem4.oem4 (.const:ti_sysbios_knl_Swi_Module__loggerFxn4__C)
                  20013000    00000004     app_pem4.oem4 (.const:ti_sysbios_knl_Swi_Module__loggerObj__C)
                  20013004    00000004     app_pem4.oem4 (.const:ti_sysbios_knl_Swi_Object__count__C)
                  20013008    00000004     app_pem4.oem4 (.const:ti_sysbios_knl_Task_A_badPriority__C)
                  2001300c    00000004     app_pem4.oem4 (.const:ti_sysbios_knl_Task_A_badTaskState__C)
                  20013010    00000004     app_pem4.oem4 (.const:ti_sysbios_knl_Task_A_badThreadType__C)
                  20013014    00000004     app_pem4.oem4 (.const:ti_sysbios_knl_Task_A_badTimeout__C)
                  20013018    00000004     app_pem4.oem4 (.const:ti_sysbios_knl_Task_A_noPendElem__C)
                  2001301c    00000004     app_pem4.oem4 (.const:ti_sysbios_knl_Task_A_sleepTaskDisabled__C)
                  20013020    00000004     app_pem4.oem4 (.const:ti_sysbios_knl_Task_E_spOutOfBounds__C)
                  20013024    00000004     app_pem4.oem4 (.const:ti_sysbios_knl_Task_E_stackOverflow__C)
                  20013028    00000004     app_pem4.oem4 (.const:ti_sysbios_knl_Task_LD_block__C)
                  2001302c    00000004     app_pem4.oem4 (.const:ti_sysbios_knl_Task_LD_exit__C)
                  20013030    00000004     app_pem4.oem4 (.const:ti_sysbios_knl_Task_LD_ready__C)
                  20013034    00000004     app_pem4.oem4 (.const:ti_sysbios_knl_Task_LM_sleep__C)
                  20013038    00000004     app_pem4.oem4 (.const:ti_sysbios_knl_Task_LM_switch__C)
                  2001303c    00000004     app_pem4.oem4 (.const:ti_sysbios_knl_Task_LM_yield__C)
                  20013040    00000004     app_pem4.oem4 (.const:ti_sysbios_knl_Task_Module_State_inactiveQ__O)
                  20013044    00000004     app_pem4.oem4 (.const:ti_sysbios_knl_Task_Module__diagsEnabled__C)
                  20013048    00000004     app_pem4.oem4 (.const:ti_sysbios_knl_Task_Module__diagsIncluded__C)
                  2001304c    00000004     app_pem4.oem4 (.const:ti_sysbios_knl_Task_Module__diagsMask__C)
                  20013050    00000004     app_pem4.oem4 (.const:ti_sysbios_knl_Task_Module__loggerFxn2__C)
                  20013054    00000004     app_pem4.oem4 (.const:ti_sysbios_knl_Task_Module__loggerFxn4__C)
                  20013058    00000004     app_pem4.oem4 (.const:ti_sysbios_knl_Task_Module__loggerObj__C)
                  2001305c    00000004     app_pem4.oem4 (.const:ti_sysbios_knl_Task_Object__count__C)
                  20013060    00000004     app_pem4.oem4 (.const:ti_sysbios_knl_Task_allBlockedFunc__C)
                  20013064    00000004     app_pem4.oem4 (.const:ti_sysbios_knl_Task_defaultStackHeap__C)
                  20013068    00000004     app_pem4.oem4 (.const:ti_sysbios_knl_Task_defaultStackSize__C)
                  2001306c    00000004     app_pem4.oem4 (.const:ti_sysbios_knl_Task_numConstructedTasks__C)
                  20013070    00000004     app_pem4.oem4 (.const:xdc_runtime_Assert_E_assertFailed__C)
                  20013074    00000004     app_pem4.oem4 (.const:xdc_runtime_Core_A_initializedParams__C)
                  20013078    00000004     app_pem4.oem4 (.const:xdc_runtime_Core_Module__diagsEnabled__C)
                  2001307c    00000004     app_pem4.oem4 (.const:xdc_runtime_Core_Module__diagsIncluded__C)
                  20013080    00000004     app_pem4.oem4 (.const:xdc_runtime_Core_Module__diagsMask__C)
                  20013084    00000004     app_pem4.oem4 (.const:xdc_runtime_Error_E_memory__C)
                  20013088    00000004     app_pem4.oem4 (.const:xdc_runtime_Error_Module__diagsEnabled__C)
                  2001308c    00000004     app_pem4.oem4 (.const:xdc_runtime_Error_Module__diagsIncluded__C)
                  20013090    00000004     app_pem4.oem4 (.const:xdc_runtime_Error_Module__diagsMask__C)
                  20013094    00000004     app_pem4.oem4 (.const:xdc_runtime_Error_Module__loggerFxn8__C)
                  20013098    00000004     app_pem4.oem4 (.const:xdc_runtime_Error_Module__loggerObj__C)
                  2001309c    00000004     app_pem4.oem4 (.const:xdc_runtime_Error_policyFxn__C)
                  200130a0    00000004     app_pem4.oem4 (.const:xdc_runtime_Error_raiseHook__C)
                  200130a4    00000004     app_pem4.oem4 (.const:xdc_runtime_IFilterLogger_Interface__BASE__C)
                  200130a8    00000004     app_pem4.oem4 (.const:xdc_runtime_IGateProvider_Interface__BASE__C)
                  200130ac    00000004     app_pem4.oem4 (.const:xdc_runtime_IHeap_Interface__BASE__C)
                  200130b0    00000004     app_pem4.oem4 (.const:xdc_runtime_ILogger_Interface__BASE__C)
                  200130b4    00000004     app_pem4.oem4 (.const:xdc_runtime_IModule_Interface__BASE__C)
                  200130b8    00000004     app_pem4.oem4 (.const:xdc_runtime_Log_L_error__C)
                  200130bc    00000004     app_pem4.oem4 (.const:xdc_runtime_LoggerBuf_E_badLevel__C)
                  200130c0    00000004     app_pem4.oem4 (.const:xdc_runtime_LoggerBuf_Module__gateObj__C)
                  200130c4    00000004     app_pem4.oem4 (.const:xdc_runtime_LoggerBuf_Object__count__C)
                  200130c8    00000004     app_pem4.oem4 (.const:xdc_runtime_LoggerBuf_statusLogger__C)
                  200130cc    00000004     app_pem4.oem4 (.const:xdc_runtime_Memory_defaultHeapInstance__C)
                  200130d0    00000004     app_pem4.oem4 (.const:xdc_runtime_Startup_execImpl__C)
                  200130d4    00000004     app_pem4.oem4 (.const:xdc_runtime_Startup_maxPasses__C)
                  200130d8    00000004     app_pem4.oem4 (.const:xdc_runtime_Startup_sfxnRts__C)
                  200130dc    00000004     app_pem4.oem4 (.const:xdc_runtime_Startup_sfxnTab__C)
                  200130e0    00000004     app_pem4.oem4 (.const:xdc_runtime_SysMin_bufSize__C)
                  200130e4    00000004     app_pem4.oem4 (.const:xdc_runtime_SysMin_outputFunc__C)
                  200130e8    00000004     app_pem4.oem4 (.const:xdc_runtime_System_Module__gateObj__C)
                  200130ec    00000004     app_pem4.oem4 (.const:xdc_runtime_System_abortFxn__C)
                  200130f0    00000004     app_pem4.oem4 (.const:xdc_runtime_System_exitFxn__C)
                  200130f4    00000004     app_pem4.oem4 (.const:xdc_runtime_System_extendFxn__C)
                  200130f8    00000004     app_pem4.oem4 (.const:xdc_runtime_System_maxAtexitHandlers__C)
                  200130fc    00000004     app_pem4.oem4 (.const:xdc_runtime_Text_charTab__C)
                  20013100    00000004     app_pem4.oem4 (.const:xdc_runtime_Text_nameEmpty__C)
                  20013104    00000004     app_pem4.oem4 (.const:xdc_runtime_Text_nameStatic__C)
                  20013108    00000004     app_pem4.oem4 (.const:xdc_runtime_Text_nameUnknown__C)
                  2001310c    00000004     app_pem4.oem4 (.const:xdc_runtime_Text_nodeTab__C)
                  20013110    00000004     app_pem4.oem4 (.const:xdc_runtime_Text_visitRopeFxn__C)
                  20013114    00000002     app_pem4.oem4 (.const:ti_sysbios_gates_GateMutex_Module__id__C)
                  20013116    00000002     app_pem4.oem4 (.const:ti_sysbios_hal_Hwi_Module__id__C)
                  20013118    00000002     app_pem4.oem4 (.const:ti_sysbios_heaps_HeapMem_Module__id__C)
                  2001311a    00000002     app_pem4.oem4 (.const:ti_sysbios_knl_Clock_Module__id__C)
                  2001311c    00000002     app_pem4.oem4 (.const:ti_sysbios_knl_Clock_Module__loggerDefined__C)
                  2001311e    00000002     app_pem4.oem4 (.const:ti_sysbios_knl_Mailbox_Module__id__C)
                  20013120    00000002     app_pem4.oem4 (.const:ti_sysbios_knl_Semaphore_Module__id__C)
                  20013122    00000002     app_pem4.oem4 (.const:ti_sysbios_knl_Semaphore_Module__loggerDefined__C)
                  20013124    00000002     app_pem4.oem4 (.const:ti_sysbios_knl_Swi_Module__id__C)
                  20013126    00000002     app_pem4.oem4 (.const:ti_sysbios_knl_Swi_Module__loggerDefined__C)
                  20013128    00000002     app_pem4.oem4 (.const:ti_sysbios_knl_Task_Module__id__C)
                  2001312a    00000002     app_pem4.oem4 (.const:ti_sysbios_knl_Task_Module__loggerDefined__C)
                  2001312c    00000002     app_pem4.oem4 (.const:ti_sysbios_knl_Task_initStackFlag__C)
                  2001312e    00000002     app_pem4.oem4 (.const:xdc_runtime_Core_Module__id__C)
                  20013130    00000002     app_pem4.oem4 (.const:xdc_runtime_Error_Module__loggerDefined__C)
                  20013132    00000002     app_pem4.oem4 (.const:xdc_runtime_Error_maxDepth__C)
                  20013134    00000002     app_pem4.oem4 (.const:xdc_runtime_LoggerBuf_Module__id__C)
                  20013136    00000002     app_pem4.oem4 (.const:xdc_runtime_LoggerBuf_filterByLevel__C)
                  20013138    00000002     app_pem4.oem4 (.const:xdc_runtime_Memory_Module__id__C)
                  2001313a    00000002     app_pem4.oem4 (.const:xdc_runtime_SysMin_flushAtExit__C)
                  2001313c    00000002     app_pem4.oem4 (.const:xdc_runtime_Text_charCnt__C)
                  2001313e    00000002     app_pem4.oem4 (.const:xdc_runtime_Text_isLoaded__C)
                  20013140    00000002     app_pem4.oem4 (.const:xdc_runtime_Text_registryModsLastId__C)
                  20013142    00000002     app_pem4.oem4 (.const:xdc_runtime_Text_unnamedModsLastId__C)

.cinit     0    20013148    0000030c     
                  20013148    000002e5     (.cinit..data.load) [load image, compression = rle]
                  2001342d    00000003     --HOLE-- [fill = 0]
                  20013430    0000000b     (.cinit..bss.load) [load image, compression = rle]
                  2001343b    00000001     --HOLE-- [fill = 0]
                  2001343c    00000008     (__TI_handler_table)
                  20013444    00000010     (__TI_cinit_table)

.bss       0    20017000    00009612     UNINITIALIZED
                  20017000    00008000     (.common:ti_sysbios_heaps_HeapMem_Instance_State_0_buf__A)
                  2001f000    00000800     app_pem4.oem4 (.bss:taskStackSection)
                  2001f800    00000400     (.common:xdc_runtime_LoggerBuf_Instance_State_0_entryArr__A)
                  2001fc00    00000400     (.common:xdc_runtime_SysMin_Module_State_0_outbuf__A)
                  20020000    0000030c     (.common:ti_sysbios_family_arm_m3_Hwi_dispatchTable)
                  2002030c    00000178     simplelink.a : driver.obj (.bss:g_StatMem)
                  20020484    00000120     rtsv7M4_T_le_eabi.lib : trgmsg.obj (.bss:_CIOBUF_)
                  200205a4    00000050     simplelink.a : cc_pal.obj (.bss:g_ucDinDout)
                  200205f4    00000008     rtsv7M4_T_le_eabi.lib : trgdrv.obj (.bss:parmbuf)
                  200205fc    00000004     uart_if.obj (.bss)
                  20020600    00000004     (.common:DMAMsgQ)
                  20020604    00000004     (.common:SimpleLinkSpawnTaskHndl)
                  20020608    00000004     (.common:g_cDummy)
                  2002060c    00000004     (.common:simpleLink_mailbox)
                  20020610    00000001     (.common:RxIrqCnt)
                  20020611    00000001     (.common:g_bDeviceRestartIsRequired)

.data      0    20020614    0000040c     UNINITIALIZED
                  20020614    00000080     app_pem4.oem4 (.data:ti_sysbios_knl_Swi_Module_State_0_readyQ__A)
                  20020694    00000080     app_pem4.oem4 (.data:ti_sysbios_knl_Task_Module_State_0_readyQ__A)
                  20020714    0000004c     app_pem4.oem4 (.data:ti_sysbios_knl_Task_Object__table__V)
                  20020760    00000044     app_pem4.oem4 (.data:ti_sysbios_knl_Task_Module__state__V)
                  200207a4    00000038     app_pem4.oem4 (.data:ti_sysbios_gates_GateMutex_Object__table__V)
                  200207dc    00000034     app_pem4.oem4 (.data:ti_sysbios_family_arm_m3_Hwi_Module__state__V)
                  20020810    00000030     app_pem4.oem4 (.data:ti_sysbios_family_arm_m3_Timer_Object__table__V)
                  20020840    00000030     app_pem4.oem4 (.data:ti_sysbios_knl_Swi_Object__table__V)
                  20020870    0000002c     app_pem4.oem4 (.data:ti_sysbios_knl_Clock_Module__state__V)
                  2002089c    00000024     app_pem4.oem4 (.data:ti_sysbios_BIOS_Module__state__V)
                  200208c0    00000024     app_pem4.oem4 (.data:xdc_runtime_LoggerBuf_Object__table__V)
                  200208e4    0000001c     app_pem4.oem4 (.data:ti_sysbios_knl_Swi_Module__state__V)
                  20020900    00000018     app_pem4.oem4 (.data:ti_sysbios_family_arm_m3_Hwi_Object__table__V)
                  20020918    00000018     app_pem4.oem4 (.data:ti_sysbios_heaps_HeapMem_Object__table__V)
                  20020930    00000010     main.obj (.data)
                  20020940    00000010     app_pem4.oem4 (.data:xdc_runtime_System_Module_State_0_atexitHandlers__A)
                  20020950    0000000d     simplelink.a : driver.obj (.data)
                  2002095d    00000001     --HOLE--
                  2002095e    00000002     app_pem4.oem4 (.data:ti_sysbios_family_arm_m3_Hwi_Module_State_0_excActive__A)
                  20020960    0000000c     rtsv7M4_T_le_eabi.lib : exit.obj (.data:$O1$$)
                  2002096c    0000000c     app_pem4.oem4 (.data:ti_sysbios_family_arm_m3_Timer_Module__state__V)
                  20020978    0000000c     app_pem4.oem4 (.data:xdc_runtime_SysMin_Module__state__V)
                  20020984    00000009     simplelink.a : cc_pal.obj (.data)
                  2002098d    00000001     --HOLE--
                  2002098e    00000002     app_pem4.oem4 (.data:xdc_runtime_Error_Module__state__V)
                  20020990    00000008     rtsv7M4_T_le_eabi.lib : _lock.obj (.data:$O1$$)
                  20020998    00000008     app_pem4.oem4 (.data:ti_sysbios_family_arm_m3_Hwi_Module__root__V)
                  200209a0    00000008     app_pem4.oem4 (.data:ti_sysbios_gates_GateHwi_Module__root__V)
                  200209a8    00000008     app_pem4.oem4 (.data:ti_sysbios_gates_GateMutex_Module__root__V)
                  200209b0    00000008     app_pem4.oem4 (.data:ti_sysbios_heaps_HeapMem_Module__root__V)
                  200209b8    00000008     app_pem4.oem4 (.data:ti_sysbios_knl_Mailbox_Module__root__V)
                  200209c0    00000008     app_pem4.oem4 (.data:ti_sysbios_knl_Queue_Module__root__V)
                  200209c8    00000008     app_pem4.oem4 (.data:ti_sysbios_knl_Semaphore_Module__root__V)
                  200209d0    00000008     app_pem4.oem4 (.data:ti_sysbios_knl_Task_Module__root__V)
                  200209d8    00000008     app_pem4.oem4 (.data:xdc_runtime_LoggerBuf_Module__root__V)
                  200209e0    00000008     app_pem4.oem4 (.data:xdc_runtime_Registry_Module__state__V)
                  200209e8    00000008     app_pem4.oem4 (.data:xdc_runtime_Startup_Module__state__V)
                  200209f0    00000008     app_pem4.oem4 (.data:xdc_runtime_System_Module__state__V)
                  200209f8    00000006     app_pem4.oem4 (.data:xdc_runtime_LoggerBuf_Module__state__V)
                  200209fe    00000002     --HOLE--
                  20020a00    00000004     rtsv7M4_T_le_eabi.lib : errno.obj (.data)
                  20020a04    00000004                           : stkdepth_vars.obj (.data)
[...]
20012cf4  ti_sysbios_knl_Queue_Object__DESC__C                        
20012d14  ti_sysbios_knl_Semaphore_Object__DESC__C                    
20012d34  ti_sysbios_knl_Task_Object__DESC__C                         
20012d54  xdc_runtime_LoggerBuf_Object__DESC__C                       
20012da8  ti_sysbios_gates_GateHwi_Object__PARAMS__C                  
20012dc0  ti_sysbios_gates_GateMutex_Object__PARAMS__C                
20012dd8  ti_sysbios_knl_Queue_Object__PARAMS__C                      
20012df0  xdc_runtime_Startup_sfxnRts__A                              
20012e2e  ti_sysbios_family_arm_m3_Hwi_Module__loggerDefined__C       
20012e4e  ti_sysbios_family_arm_m3_Timer_Module__id__C                
20012e50  xdc_runtime_Startup_firstFxns__A                            
20012e78  ti_sysbios_family_arm_m3_Hwi_excHookFuncs__A                
20012e80  ti_sysbios_knl_Idle_funcList__C                             
20012e88  xdc_runtime_Startup_firstFxns__C                            
20012e90  xdc_runtime_Startup_lastFxns__C                             
20012e9e  ti_sysbios_family_arm_m3_TimestampProvider_configTimer__C   
20012ea0  ti_sysbios_family_arm_m3_Hwi_E_NMI__C                       
20012ea4  ti_sysbios_family_arm_m3_Hwi_E_alreadyDefined__C            
20012ea8  ti_sysbios_family_arm_m3_Hwi_E_busFault__C                  
20012eac  ti_sysbios_family_arm_m3_Hwi_E_debugMon__C                  
20012eb0  ti_sysbios_family_arm_m3_Hwi_E_hardFault__C                 
20012eb4  ti_sysbios_family_arm_m3_Hwi_E_memFault__C                  
20012eb8  ti_sysbios_family_arm_m3_Hwi_E_noIsr__C                     
20012ebc  ti_sysbios_family_arm_m3_Hwi_E_reserved__C                  
20012ec0  ti_sysbios_family_arm_m3_Hwi_E_svCall__C                    
20012ec4  ti_sysbios_family_arm_m3_Hwi_E_usageFault__C                
20012ec8  ti_sysbios_family_arm_m3_Hwi_LD_end__C                      
20012ecc  ti_sysbios_family_arm_m3_Hwi_LM_begin__C                    
20012ed0  ti_sysbios_family_arm_m3_Hwi_Module__diagsEnabled__C        
20012ed4  ti_sysbios_family_arm_m3_Hwi_Module__diagsIncluded__C       
20012ed8  ti_sysbios_family_arm_m3_Hwi_Module__diagsMask__C           
20012edc  ti_sysbios_family_arm_m3_Hwi_Module__loggerFxn1__C          
20012ee0  ti_sysbios_family_arm_m3_Hwi_Module__loggerFxn8__C          
20012ee4  ti_sysbios_family_arm_m3_Hwi_Module__loggerObj__C           
20012ee8  ti_sysbios_family_arm_m3_Hwi_NUM_INTERRUPTS__C              
20012eec  ti_sysbios_family_arm_m3_Hwi_Object__count__C               
20012ef0  ti_sysbios_family_arm_m3_Hwi_ccr__C                         
20012ef4  ti_sysbios_family_arm_m3_Hwi_excHandlerFunc__C              
20012ef8  ti_sysbios_family_arm_m3_Hwi_excHookFuncs__C                
20012efc  ti_sysbios_family_arm_m3_Hwi_nullIsrFunc__C                 
20012f00  ti_sysbios_family_arm_m3_Hwi_priGroup__C                    
20012f04  ti_sysbios_family_arm_m3_TaskSupport_stackAlignment__C      
20012f08  ti_sysbios_family_arm_m3_Timer_E_cannotSupport__C           
20012f0c  ti_sysbios_family_arm_m3_Timer_startupNeeded__C             
20012f10  ti_sysbios_gates_GateMutex_A_badContext__C                  
20012f14  ti_sysbios_gates_GateMutex_Instance_State_sem__O            
20012f18  ti_sysbios_gates_GateMutex_Module__diagsEnabled__C          
20012f1c  ti_sysbios_gates_GateMutex_Module__diagsIncluded__C         
20012f20  ti_sysbios_gates_GateMutex_Module__diagsMask__C             
20012f24  ti_sysbios_hal_Hwi_E_stackOverflow__C                       
20012f28  ti_sysbios_heaps_HeapMem_A_align__C                         
20012f2c  ti_sysbios_heaps_HeapMem_A_heapSize__C                      
20012f30  ti_sysbios_heaps_HeapMem_A_invalidFree__C                   
20012f34  ti_sysbios_heaps_HeapMem_A_zeroBlock__C                     
20012f38  ti_sysbios_heaps_HeapMem_E_memory__C                        
20012f3c  ti_sysbios_heaps_HeapMem_Module__diagsEnabled__C            
20012f40  ti_sysbios_heaps_HeapMem_Module__diagsIncluded__C           
20012f44  ti_sysbios_heaps_HeapMem_Module__diagsMask__C               
20012f48  ti_sysbios_heaps_HeapMem_Module__gateObj__C                 
20012f4c  ti_sysbios_heaps_HeapMem_Object__count__C                   
20012f50  ti_sysbios_heaps_HeapMem_reqAlign__C                        
20012f54  ti_sysbios_knl_Clock_LM_begin__C                            
20012f58  ti_sysbios_knl_Clock_LM_tick__C                             
20012f5c  ti_sysbios_knl_Clock_LW_delayed__C                          
20012f60  ti_sysbios_knl_Clock_Module_State_clockQ__O                 
20012f64  ti_sysbios_knl_Clock_Module__diagsEnabled__C                
20012f68  ti_sysbios_knl_Clock_Module__diagsIncluded__C               
20012f6c  ti_sysbios_knl_Clock_Module__diagsMask__C                   
20012f70  ti_sysbios_knl_Clock_Module__loggerFxn1__C                  
20012f74  ti_sysbios_knl_Clock_Module__loggerFxn2__C                  
20012f78  ti_sysbios_knl_Clock_Module__loggerObj__C                   
20012f7c  ti_sysbios_knl_Clock_tickPeriod__C                          
20012f80  ti_sysbios_knl_Idle_funcList__A                             
20012f84  ti_sysbios_knl_Mailbox_A_invalidBufSize__C                  
20012f88  ti_sysbios_knl_Mailbox_Instance_State_dataQue__O            
20012f8c  ti_sysbios_knl_Mailbox_Instance_State_dataSem__O            
20012f90  ti_sysbios_knl_Mailbox_Instance_State_freeQue__O            
20012f94  ti_sysbios_knl_Mailbox_Instance_State_freeSem__O            
20012f98  ti_sysbios_knl_Mailbox_Module__diagsEnabled__C              
20012f9c  ti_sysbios_knl_Mailbox_Module__diagsIncluded__C             
20012fa0  ti_sysbios_knl_Mailbox_Module__diagsMask__C                 
20012fa4  ti_sysbios_knl_Mailbox_Object__count__C                     
20012fa8  ti_sysbios_knl_Mailbox_maxTypeAlign__C                      
20012fac  ti_sysbios_knl_Semaphore_A_badContext__C                    
20012fb0  ti_sysbios_knl_Semaphore_A_noEvents__C                      
20012fb4  ti_sysbios_knl_Semaphore_A_overflow__C                      
20012fb8  ti_sysbios_knl_Semaphore_A_pendTaskDisabled__C              
20012fbc  ti_sysbios_knl_Semaphore_Instance_State_pendQ__O            
20012fc0  ti_sysbios_knl_Semaphore_LM_pend__C                         
20012fc4  ti_sysbios_knl_Semaphore_LM_post__C                         
20012fc8  ti_sysbios_knl_Semaphore_Module__diagsEnabled__C            
20012fcc  ti_sysbios_knl_Semaphore_Module__diagsIncluded__C           
20012fd0  ti_sysbios_knl_Semaphore_Module__diagsMask__C               
20012fd4  ti_sysbios_knl_Semaphore_Module__loggerFxn2__C              
20012fd8  ti_sysbios_knl_Semaphore_Module__loggerFxn4__C              
20012fdc  ti_sysbios_knl_Semaphore_Module__loggerObj__C               
20012fe0  ti_sysbios_knl_Swi_LD_end__C                                
20012fe4  ti_sysbios_knl_Swi_LM_begin__C                              
20012fe8  ti_sysbios_knl_Swi_LM_post__C                               
20012fec  ti_sysbios_knl_Swi_Module__diagsEnabled__C                  
20012ff0  ti_sysbios_knl_Swi_Module__diagsIncluded__C                 
20012ff4  ti_sysbios_knl_Swi_Module__diagsMask__C                     
20012ff8  ti_sysbios_knl_Swi_Module__loggerFxn1__C                    
20012ffc  ti_sysbios_knl_Swi_Module__loggerFxn4__C                    
20013000  ti_sysbios_knl_Swi_Module__loggerObj__C                     
20013004  ti_sysbios_knl_Swi_Object__count__C                         
20013008  ti_sysbios_knl_Task_A_badPriority__C                        
2001300c  ti_sysbios_knl_Task_A_badTaskState__C                       
20013010  ti_sysbios_knl_Task_A_badThreadType__C                      
20013014  ti_sysbios_knl_Task_A_badTimeout__C                         
20013018  ti_sysbios_knl_Task_A_noPendElem__C                         
2001301c  ti_sysbios_knl_Task_A_sleepTaskDisabled__C                  
20013020  ti_sysbios_knl_Task_E_spOutOfBounds__C                      
20013024  ti_sysbios_knl_Task_E_stackOverflow__C                      
20013028  ti_sysbios_knl_Task_LD_block__C                             
2001302c  ti_sysbios_knl_Task_LD_exit__C                              
20013030  ti_sysbios_knl_Task_LD_ready__C                             
20013034  ti_sysbios_knl_Task_LM_sleep__C                             
20013038  ti_sysbios_knl_Task_LM_switch__C                            
2001303c  ti_sysbios_knl_Task_LM_yield__C                             
20013040  ti_sysbios_knl_Task_Module_State_inactiveQ__O               
20013044  ti_sysbios_knl_Task_Module__diagsEnabled__C                 
20013048  ti_sysbios_knl_Task_Module__diagsIncluded__C                
2001304c  ti_sysbios_knl_Task_Module__diagsMask__C                    
20013050  ti_sysbios_knl_Task_Module__loggerFxn2__C                   
20013054  ti_sysbios_knl_Task_Module__loggerFxn4__C                   
20013058  ti_sysbios_knl_Task_Module__loggerObj__C                    
2001305c  ti_sysbios_knl_Task_Object__count__C                        
20013060  ti_sysbios_knl_Task_allBlockedFunc__C                       
20013064  ti_sysbios_knl_Task_defaultStackHeap__C                     
20013068  ti_sysbios_knl_Task_defaultStackSize__C                     
2001306c  ti_sysbios_knl_Task_numConstructedTasks__C                  
20013070  xdc_runtime_Assert_E_assertFailed__C                        
20013074  xdc_runtime_Core_A_initializedParams__C                     
20013078  xdc_runtime_Core_Module__diagsEnabled__C                    
2001307c  xdc_runtime_Core_Module__diagsIncluded__C                   
20013080  xdc_runtime_Core_Module__diagsMask__C                       
20013084  xdc_runtime_Error_E_memory__C                               
20013088  xdc_runtime_Error_Module__diagsEnabled__C                   
2001308c  xdc_runtime_Error_Module__diagsIncluded__C                  
20013090  xdc_runtime_Error_Module__diagsMask__C                      
20013094  xdc_runtime_Error_Module__loggerFxn8__C                     
20013098  xdc_runtime_Error_Module__loggerObj__C                      
2001309c  xdc_runtime_Error_policyFxn__C                              
200130a0  xdc_runtime_Error_raiseHook__C                              
200130a4  xdc_runtime_IFilterLogger_Interface__BASE__C                
200130a8  xdc_runtime_IGateProvider_Interface__BASE__C                
200130ac  xdc_runtime_IHeap_Interface__BASE__C                        
200130b0  xdc_runtime_ILogger_Interface__BASE__C                      
200130b4  xdc_runtime_IModule_Interface__BASE__C                      
200130b8  xdc_runtime_Log_L_error__C                                  
200130bc  xdc_runtime_LoggerBuf_E_badLevel__C                         
200130c0  xdc_runtime_LoggerBuf_Module__gateObj__C                    
200130c4  xdc_runtime_LoggerBuf_Object__count__C                      
200130c8  xdc_runtime_LoggerBuf_statusLogger__C                       
200130cc  xdc_runtime_Memory_defaultHeapInstance__C                   
200130d0  xdc_runtime_Startup_execImpl__C                             
200130d4  xdc_runtime_Startup_maxPasses__C                            
200130d8  xdc_runtime_Startup_sfxnRts__C                              
200130dc  xdc_runtime_Startup_sfxnTab__C                              
200130e0  xdc_runtime_SysMin_bufSize__C                               
200130e4  xdc_runtime_SysMin_outputFunc__C                            
200130e8  xdc_runtime_System_Module__gateObj__C                       
200130ec  xdc_runtime_System_abortFxn__C                              
200130f0  xdc_runtime_System_exitFxn__C                               
200130f4  xdc_runtime_System_extendFxn__C                             
200130f8  xdc_runtime_System_maxAtexitHandlers__C                     
200130fc  xdc_runtime_Text_charTab__C                                 
20013100  xdc_runtime_Text_nameEmpty__C                               
20013104  xdc_runtime_Text_nameStatic__C                              
20013108  xdc_runtime_Text_nameUnknown__C                             
2001310c  xdc_runtime_Text_nodeTab__C                                 
20013110  xdc_runtime_Text_visitRopeFxn__C                            
20013114  ti_sysbios_gates_GateMutex_Module__id__C                    
20013116  ti_sysbios_hal_Hwi_Module__id__C                            
20013118  ti_sysbios_heaps_HeapMem_Module__id__C                      
2001311a  ti_sysbios_knl_Clock_Module__id__C                          
2001311c  ti_sysbios_knl_Clock_Module__loggerDefined__C               
2001311e  ti_sysbios_knl_Mailbox_Module__id__C                        
20013120  ti_sysbios_knl_Semaphore_Module__id__C                      
20013122  ti_sysbios_knl_Semaphore_Module__loggerDefined__C           
20013124  ti_sysbios_knl_Swi_Module__id__C                            
20013126  ti_sysbios_knl_Swi_Module__loggerDefined__C                 
20013128  ti_sysbios_knl_Task_Module__id__C                           
2001312a  ti_sysbios_knl_Task_Module__loggerDefined__C                
2001312c  ti_sysbios_knl_Task_initStackFlag__C                        
2001312e  xdc_runtime_Core_Module__id__C                              
20013130  xdc_runtime_Error_Module__loggerDefined__C                  
20013132  xdc_runtime_Error_maxDepth__C                               
20013134  xdc_runtime_LoggerBuf_Module__id__C                         
20013136  xdc_runtime_LoggerBuf_filterByLevel__C                      
20013138  xdc_runtime_Memory_Module__id__C                            
2001313a  xdc_runtime_SysMin_flushAtExit__C                           
2001313c  xdc_runtime_Text_charCnt__C                                 
2001313e  xdc_runtime_Text_isLoaded__C                                
20013140  xdc_runtime_Text_registryModsLastId__C                      
20013142  xdc_runtime_Text_unnamedModsLastId__C                       
20013148  __TI_static_base__                                          
2001343c  __TI_Handler_Table_Base                                     
20013444  __TI_CINIT_Base                                             
20013444  __TI_Handler_Table_Limit                                    
20013454  __TI_CINIT_Limit                                            
20017000  ti_sysbios_heaps_HeapMem_Instance_State_0_buf__A            
2001f000  ti_sysbios_knl_Task_Instance_State_0_stack__A               
2001f800  xdc_runtime_LoggerBuf_Instance_State_0_entryArr__A          
2001fc00  xdc_runtime_SysMin_Module_State_0_outbuf__A                 
20020000  ti_sysbios_family_arm_m3_Hwi_dispatchTable                  
20020484  __CIOBUF_                                                   
200205a4  g_ucDinDout                                                 
20020600  DMAMsgQ                                                     
20020604  SimpleLinkSpawnTaskHndl                                     
20020608  g_cDummy                                                    
2002060c  simpleLink_mailbox                                          
20020610  RxIrqCnt                                                    
20020611  g_bDeviceRestartIsRequired                                  
20020614  ti_sysbios_knl_Swi_Module_State_0_readyQ__A                 
20020694  ti_sysbios_knl_Task_Module_State_0_readyQ__A                
20020714  TSK_idle                                                    
20020714  ti_sysbios_knl_Task_Object__table__V                        
20020760  ti_sysbios_knl_Task_Module__state__V                        
200207a4  ti_sysbios_gates_GateMutex_Object__table__V                 
200207dc  ti_sysbios_family_arm_m3_Hwi_Module__state__V               
20020810  ti_sysbios_family_arm_m3_Timer_Object__table__V             
20020840  ti_sysbios_knl_Swi_Object__table__V                         
20020870  ti_sysbios_knl_Clock_Module__state__V                       
2002089c  ti_sysbios_BIOS_Module__state__V                            
200208c0  xdc_runtime_LoggerBuf_Object__table__V                      
200208e4  ti_sysbios_knl_Swi_Module__state__V                         
20020900  ti_sysbios_family_arm_m3_Hwi_Object__table__V               
20020918  ti_sysbios_heaps_HeapMem_Object__table__V                   
20020930  g_ulStatus                                                  
20020934  g_ulStaIp                                                   
20020938  g_ulPingPacketsRecv                                         
2002093c  g_uiGatewayIP                                               
20020940  xdc_runtime_System_Module_State_0_atexitHandlers__A         
20020954  g_pCB                                                       
20020958  pPingCallBackFunc                                           
2002095e  ti_sysbios_family_arm_m3_Hwi_Module_State_0_excActive__A    
20020960  __TI_cleanup_ptr                                            
20020964  __TI_dtors_ptr                                              
20020968  __TI_enable_exit_profile_output                             
2002096c  ti_sysbios_family_arm_m3_Timer_Module__state__V             
20020978  xdc_runtime_SysMin_Module__state__V                         
20020984  g_SpiFd                                                     
20020988  g_pHostIntHdl                                               
2002098c  g_ucDMAEnabled                                              
2002098e  xdc_runtime_Error_Module__state__V                          
20020990  _lock                                                       
20020994  _unlock                                                     
20020998  ti_sysbios_family_arm_m3_Hwi_Module__root__V                
200209a0  ti_sysbios_gates_GateHwi_Module__root__V                    
200209a8  ti_sysbios_gates_GateMutex_Module__root__V                  
200209b0  ti_sysbios_heaps_HeapMem_Module__root__V                    
200209b8  ti_sysbios_knl_Mailbox_Module__root__V                      
200209c0  ti_sysbios_knl_Queue_Module__root__V                        
200209c8  ti_sysbios_knl_Semaphore_Module__root__V                    
200209d0  ti_sysbios_knl_Task_Module__root__V                         
200209d8  xdc_runtime_LoggerBuf_Module__root__V                       
200209e0  xdc_runtime_Registry_Module__state__V                       
200209e8  xdc_runtime_Startup_Module__state__V                        
200209f0  xdc_runtime_System_Module__state__V                         
200209f8  xdc_runtime_LoggerBuf_Module__state__V                      
20020a00  errno                                                       
20020a04  main_func_sp                                                
20020a08  ti_sysbios_family_arm_m3_Hwi_Module_State_0_excContext__A   
20020a0c  ti_sysbios_family_arm_m3_Hwi_Module_State_0_excStack__A     
20020a10  ti_sysbios_family_arm_m3_TimestampProvider_Module__state__V 
20020a14  ti_sysbios_gates_GateHwi_Object__table__V                   
20020a18  ti_sysbios_knl_Task_Module_State_0_idleTask__A              
20020a1c  xdc_runtime_Memory_Module__state__V                         
2002e000  __stack                                                     
20030000  __STACK_END                                                 
e000e000  ti_sysbios_family_arm_m3_Hwi_nvic                           
ffffffff  __TI_pprof_out_hndl                                         
ffffffff  __TI_prof_data_size                                         
ffffffff  __TI_prof_data_start                                        
ffffffff  __binit__                                                   
ffffffff  __c_args__                                                  
ffffffff  binit                                                       
UNDEFED   SHT$$INIT_ARRAY$$Base                                       
UNDEFED   SHT$$INIT_ARRAY$$Limit                                      

[842 symbols]
