<?xml version="1.0"?>
<link_info>
   <banner>TI ARM Linker PC v15.12.1.LTS</banner>
   <copyright>Copyright (c) 1996-2015 Texas Instruments Incorporated</copyright>
   <link_time>0x5f051a01</link_time>
   <link_errors>0x0</link_errors>
   <output_file>oob.out</output_file>
   <entry_point>
      <name>_c_int00</name>
      <address>0x2000ec4d</address>
   </entry_point>
   <input_file_list>
      <input_file id="fl-2">
         <path>.\</path>
         <kind>object</kind>
         <file>bma222drv.obj</file>
         <name>bma222drv.obj</name>
      </input_file>
      <input_file id="fl-3">
         <path>.\</path>
         <kind>object</kind>
         <file>device_status.obj</file>
         <name>device_status.obj</name>
      </input_file>
      <input_file id="fl-4">
         <path>.\</path>
         <kind>object</kind>
         <file>gpio_if.obj</file>
         <name>gpio_if.obj</name>
      </input_file>
      <input_file id="fl-5">
         <path>.\</path>
         <kind>object</kind>
         <file>i2c_if.obj</file>
         <name>i2c_if.obj</name>
      </input_file>
      <input_file id="fl-6">
         <path>.\</path>
         <kind>object</kind>
         <file>main.obj</file>
         <name>main.obj</name>
      </input_file>
      <input_file id="fl-7">
         <path>.\</path>
         <kind>object</kind>
         <file>network_common.obj</file>
         <name>network_common.obj</name>
      </input_file>
      <input_file id="fl-8">
         <path>.\</path>
         <kind>object</kind>
         <file>pinmux.obj</file>
         <name>pinmux.obj</name>
      </input_file>
      <input_file id="fl-9">
         <path>.\</path>
         <kind>object</kind>
         <file>smartconfig.obj</file>
         <name>smartconfig.obj</name>
      </input_file>
      <input_file id="fl-a">
         <path>.\</path>
         <kind>object</kind>
         <file>startup_ccs.obj</file>
         <name>startup_ccs.obj</name>
      </input_file>
      <input_file id="fl-b">
         <path>.\</path>
         <kind>object</kind>
         <file>tmp006drv.obj</file>
         <name>tmp006drv.obj</name>
      </input_file>
      <input_file id="fl-c">
         <path>.\</path>
         <kind>object</kind>
         <file>uart_if.obj</file>
         <name>uart_if.obj</name>
      </input_file>
      <input_file id="fl-c9">
         <path>D:\ti\ccsv6\tools\compiler\ti-cgt-arm_15.12.1.LTS\lib\</path>
         <kind>archive</kind>
         <file>rtsv7M4_T_le_eabi.lib</file>
         <name>boot.obj</name>
      </input_file>
      <input_file id="fl-ca">
         <path>D:\ti\ccsv6\tools\compiler\ti-cgt-arm_15.12.1.LTS\lib\</path>
         <kind>archive</kind>
         <file>rtsv7M4_T_le_eabi.lib</file>
         <name>copy_decompress_none.obj</name>
      </input_file>
      <input_file id="fl-cb">
         <path>D:\ti\ccsv6\tools\compiler\ti-cgt-arm_15.12.1.LTS\lib\</path>
         <kind>archive</kind>
         <file>rtsv7M4_T_le_eabi.lib</file>
         <name>copy_decompress_rle.obj</name>
      </input_file>
      <input_file id="fl-cc">
         <path>D:\ti\ccsv6\tools\compiler\ti-cgt-arm_15.12.1.LTS\lib\</path>
         <kind>archive</kind>
         <file>rtsv7M4_T_le_eabi.lib</file>
         <name>copy_zero_init.obj</name>
      </input_file>
      <input_file id="fl-cd">
         <path>D:\ti\ccsv6\tools\compiler\ti-cgt-arm_15.12.1.LTS\lib\</path>
         <kind>archive</kind>
         <file>rtsv7M4_T_le_eabi.lib</file>
         <name>e_pow.obj</name>
      </input_file>
      <input_file id="fl-ce">
         <path>D:\ti\ccsv6\tools\compiler\ti-cgt-arm_15.12.1.LTS\lib\</path>
         <kind>archive</kind>
         <file>rtsv7M4_T_le_eabi.lib</file>
         <name>e_sqrt.obj</name>
      </input_file>
      <input_file id="fl-cf">
         <path>D:\ti\ccsv6\tools\compiler\ti-cgt-arm_15.12.1.LTS\lib\</path>
         <kind>archive</kind>
         <file>rtsv7M4_T_le_eabi.lib</file>
         <name>errno.obj</name>
      </input_file>
      <input_file id="fl-d0">
         <path>D:\ti\ccsv6\tools\compiler\ti-cgt-arm_15.12.1.LTS\lib\</path>
         <kind>archive</kind>
         <file>rtsv7M4_T_le_eabi.lib</file>
         <name>exit.obj</name>
      </input_file>
      <input_file id="fl-d1">
         <path>D:\ti\ccsv6\tools\compiler\ti-cgt-arm_15.12.1.LTS\lib\</path>
         <kind>archive</kind>
         <file>rtsv7M4_T_le_eabi.lib</file>
         <name>fd_add_t2.obj</name>
      </input_file>
      <input_file id="fl-d2">
         <path>D:\ti\ccsv6\tools\compiler\ti-cgt-arm_15.12.1.LTS\lib\</path>
         <kind>archive</kind>
         <file>rtsv7M4_T_le_eabi.lib</file>
         <name>fd_cmp_t2.obj</name>
      </input_file>
      <input_file id="fl-d3">
         <path>D:\ti\ccsv6\tools\compiler\ti-cgt-arm_15.12.1.LTS\lib\</path>
         <kind>archive</kind>
         <file>rtsv7M4_T_le_eabi.lib</file>
         <name>fd_div_t2.obj</name>
      </input_file>
      <input_file id="fl-d4">
         <path>D:\ti\ccsv6\tools\compiler\ti-cgt-arm_15.12.1.LTS\lib\</path>
         <kind>archive</kind>
         <file>rtsv7M4_T_le_eabi.lib</file>
         <name>fd_mul_t2.obj</name>
      </input_file>
      <input_file id="fl-d5">
         <path>D:\ti\ccsv6\tools\compiler\ti-cgt-arm_15.12.1.LTS\lib\</path>
         <kind>archive</kind>
         <file>rtsv7M4_T_le_eabi.lib</file>
         <name>fd_tos_t2.obj</name>
      </input_file>
      <input_file id="fl-d6">
         <path>D:\ti\ccsv6\tools\compiler\ti-cgt-arm_15.12.1.LTS\lib\</path>
         <kind>archive</kind>
         <file>rtsv7M4_T_le_eabi.lib</file>
         <name>fs_add_t2.obj</name>
      </input_file>
      <input_file id="fl-d7">
         <path>D:\ti\ccsv6\tools\compiler\ti-cgt-arm_15.12.1.LTS\lib\</path>
         <kind>archive</kind>
         <file>rtsv7M4_T_le_eabi.lib</file>
         <name>fs_div_t2.obj</name>
      </input_file>
      <input_file id="fl-d8">
         <path>D:\ti\ccsv6\tools\compiler\ti-cgt-arm_15.12.1.LTS\lib\</path>
         <kind>archive</kind>
         <file>rtsv7M4_T_le_eabi.lib</file>
         <name>fs_mul_t2.obj</name>
      </input_file>
      <input_file id="fl-d9">
         <path>D:\ti\ccsv6\tools\compiler\ti-cgt-arm_15.12.1.LTS\lib\</path>
         <kind>archive</kind>
         <file>rtsv7M4_T_le_eabi.lib</file>
         <name>fs_tou_t2.obj</name>
      </input_file>
      <input_file id="fl-da">
         <path>D:\ti\ccsv6\tools\compiler\ti-cgt-arm_15.12.1.LTS\lib\</path>
         <kind>archive</kind>
         <file>rtsv7M4_T_le_eabi.lib</file>
         <name>i_tofd_t2.obj</name>
      </input_file>
      <input_file id="fl-db">
         <path>D:\ti\ccsv6\tools\compiler\ti-cgt-arm_15.12.1.LTS\lib\</path>
         <kind>archive</kind>
         <file>rtsv7M4_T_le_eabi.lib</file>
         <name>memcmp.obj</name>
      </input_file>
      <input_file id="fl-dc">
         <path>D:\ti\ccsv6\tools\compiler\ti-cgt-arm_15.12.1.LTS\lib\</path>
         <kind>archive</kind>
         <file>rtsv7M4_T_le_eabi.lib</file>
         <name>memcpy_t2.obj</name>
      </input_file>
      <input_file id="fl-dd">
         <path>D:\ti\ccsv6\tools\compiler\ti-cgt-arm_15.12.1.LTS\lib\</path>
         <kind>archive</kind>
         <file>rtsv7M4_T_le_eabi.lib</file>
         <name>memmov.obj</name>
      </input_file>
      <input_file id="fl-de">
         <path>D:\ti\ccsv6\tools\compiler\ti-cgt-arm_15.12.1.LTS\lib\</path>
         <kind>archive</kind>
         <file>rtsv7M4_T_le_eabi.lib</file>
         <name>memory.obj</name>
      </input_file>
      <input_file id="fl-df">
         <path>D:\ti\ccsv6\tools\compiler\ti-cgt-arm_15.12.1.LTS\lib\</path>
         <kind>archive</kind>
         <file>rtsv7M4_T_le_eabi.lib</file>
         <name>memset_t2.obj</name>
      </input_file>
      <input_file id="fl-e0">
         <path>D:\ti\ccsv6\tools\compiler\ti-cgt-arm_15.12.1.LTS\lib\</path>
         <kind>archive</kind>
         <file>rtsv7M4_T_le_eabi.lib</file>
         <name>mpu_init.obj</name>
      </input_file>
      <input_file id="fl-e1">
         <path>D:\ti\ccsv6\tools\compiler\ti-cgt-arm_15.12.1.LTS\lib\</path>
         <kind>archive</kind>
         <file>rtsv7M4_T_le_eabi.lib</file>
         <name>pre_init.obj</name>
      </input_file>
      <input_file id="fl-e2">
         <path>D:\ti\ccsv6\tools\compiler\ti-cgt-arm_15.12.1.LTS\lib\</path>
         <kind>archive</kind>
         <file>rtsv7M4_T_le_eabi.lib</file>
         <name>s_scalbn.obj</name>
      </input_file>
      <input_file id="fl-e3">
         <path>D:\ti\ccsv6\tools\compiler\ti-cgt-arm_15.12.1.LTS\lib\</path>
         <kind>archive</kind>
         <file>rtsv7M4_T_le_eabi.lib</file>
         <name>stkdepth_vars.obj</name>
      </input_file>
      <input_file id="fl-e4">
         <path>D:\ti\ccsv6\tools\compiler\ti-cgt-arm_15.12.1.LTS\lib\</path>
         <kind>archive</kind>
         <file>rtsv7M4_T_le_eabi.lib</file>
         <name>strcpy.obj</name>
      </input_file>
      <input_file id="fl-e5">
         <path>D:\ti\ccsv6\tools\compiler\ti-cgt-arm_15.12.1.LTS\lib\</path>
         <kind>archive</kind>
         <file>rtsv7M4_T_le_eabi.lib</file>
         <name>strlen.obj</name>
      </input_file>
      <input_file id="fl-e6">
         <path>D:\ti\ccsv6\tools\compiler\ti-cgt-arm_15.12.1.LTS\lib\</path>
         <kind>archive</kind>
         <file>rtsv7M4_T_le_eabi.lib</file>
         <name>vsnprintf.obj</name>
      </input_file>
      <input_file id="fl-e7">
         <path>D:\ti\ccsv6\tools\compiler\ti-cgt-arm_15.12.1.LTS\lib\</path>
         <kind>archive</kind>
         <file>rtsv7M4_T_le_eabi.lib</file>
         <name>_lock.obj</name>
      </input_file>
      <input_file id="fl-e8">
         <path>D:\ti\ccsv6\tools\compiler\ti-cgt-arm_15.12.1.LTS\lib\</path>
         <kind>archive</kind>
         <file>rtsv7M4_T_le_eabi.lib</file>
         <name>_printfi.obj</name>
      </input_file>
      <input_file id="fl-e9">
         <path>D:\ti\ccsv6\tools\compiler\ti-cgt-arm_15.12.1.LTS\lib\</path>
         <kind>archive</kind>
         <file>rtsv7M4_T_le_eabi.lib</file>
         <name>args_main.obj</name>
      </input_file>
      <input_file id="fl-ea">
         <path>D:\ti\ccsv6\tools\compiler\ti-cgt-arm_15.12.1.LTS\lib\</path>
         <kind>archive</kind>
         <file>rtsv7M4_T_le_eabi.lib</file>
         <name>atoi.obj</name>
      </input_file>
      <input_file id="fl-eb">
         <path>D:\ti\ccsv6\tools\compiler\ti-cgt-arm_15.12.1.LTS\lib\</path>
         <kind>archive</kind>
         <file>rtsv7M4_T_le_eabi.lib</file>
         <name>autoinit.obj</name>
      </input_file>
      <input_file id="fl-ec">
         <path>D:\ti\ccsv6\tools\compiler\ti-cgt-arm_15.12.1.LTS\lib\</path>
         <kind>archive</kind>
         <file>rtsv7M4_T_le_eabi.lib</file>
         <name>cpy_tbl.obj</name>
      </input_file>
      <input_file id="fl-ed">
         <path>D:\ti\ccsv6\tools\compiler\ti-cgt-arm_15.12.1.LTS\lib\</path>
         <kind>archive</kind>
         <file>rtsv7M4_T_le_eabi.lib</file>
         <name>ctype.obj</name>
      </input_file>
      <input_file id="fl-ee">
         <path>D:\ti\ccsv6\tools\compiler\ti-cgt-arm_15.12.1.LTS\lib\</path>
         <kind>archive</kind>
         <file>rtsv7M4_T_le_eabi.lib</file>
         <name>fd_toi_t2.obj</name>
      </input_file>
      <input_file id="fl-ef">
         <path>D:\ti\ccsv6\tools\compiler\ti-cgt-arm_15.12.1.LTS\lib\</path>
         <kind>archive</kind>
         <file>rtsv7M4_T_le_eabi.lib</file>
         <name>fs_toi_t2.obj</name>
      </input_file>
      <input_file id="fl-f0">
         <path>D:\ti\ccsv6\tools\compiler\ti-cgt-arm_15.12.1.LTS\lib\</path>
         <kind>archive</kind>
         <file>rtsv7M4_T_le_eabi.lib</file>
         <name>ltoa.obj</name>
      </input_file>
      <input_file id="fl-f1">
         <path>D:\ti\ccsv6\tools\compiler\ti-cgt-arm_15.12.1.LTS\lib\</path>
         <kind>archive</kind>
         <file>rtsv7M4_T_le_eabi.lib</file>
         <name>memccpy.obj</name>
      </input_file>
      <input_file id="fl-f2">
         <path>D:\ti\ccsv6\tools\compiler\ti-cgt-arm_15.12.1.LTS\lib\</path>
         <kind>archive</kind>
         <file>rtsv7M4_T_le_eabi.lib</file>
         <name>s_copysign.obj</name>
      </input_file>
      <input_file id="fl-f3">
         <path>D:\ti\ccsv6\tools\compiler\ti-cgt-arm_15.12.1.LTS\lib\</path>
         <kind>archive</kind>
         <file>rtsv7M4_T_le_eabi.lib</file>
         <name>s_frexp.obj</name>
      </input_file>
      <input_file id="fl-f4">
         <path>D:\ti\ccsv6\tools\compiler\ti-cgt-arm_15.12.1.LTS\lib\</path>
         <kind>archive</kind>
         <file>rtsv7M4_T_le_eabi.lib</file>
         <name>startup.obj</name>
      </input_file>
      <input_file id="fl-f5">
         <path>D:\ti\ccsv6\tools\compiler\ti-cgt-arm_15.12.1.LTS\lib\</path>
         <kind>archive</kind>
         <file>rtsv7M4_T_le_eabi.lib</file>
         <name>strchr.obj</name>
      </input_file>
      <input_file id="fl-f6">
         <path>D:\ti\ccsv6\tools\compiler\ti-cgt-arm_15.12.1.LTS\lib\</path>
         <kind>archive</kind>
         <file>rtsv7M4_T_le_eabi.lib</file>
         <name>ull_div_t2.obj</name>
      </input_file>
      <input_file id="fl-f7">
         <path>C:\ti\CC3200SDK_1.2.0\cc3200-sdk\driverlib\ccs\Release\</path>
         <kind>archive</kind>
         <file>driverlib.a</file>
         <name>gpio.obj</name>
      </input_file>
      <input_file id="fl-f8">
         <path>C:\ti\CC3200SDK_1.2.0\cc3200-sdk\driverlib\ccs\Release\</path>
         <kind>archive</kind>
         <file>driverlib.a</file>
         <name>i2c.obj</name>
      </input_file>
      <input_file id="fl-f9">
         <path>C:\ti\CC3200SDK_1.2.0\cc3200-sdk\driverlib\ccs\Release\</path>
         <kind>archive</kind>
         <file>driverlib.a</file>
         <name>interrupt.obj</name>
      </input_file>
      <input_file id="fl-fa">
         <path>C:\ti\CC3200SDK_1.2.0\cc3200-sdk\driverlib\ccs\Release\</path>
         <kind>archive</kind>
         <file>driverlib.a</file>
         <name>pin.obj</name>
      </input_file>
      <input_file id="fl-fb">
         <path>C:\ti\CC3200SDK_1.2.0\cc3200-sdk\driverlib\ccs\Release\</path>
         <kind>archive</kind>
         <file>driverlib.a</file>
         <name>prcm.obj</name>
      </input_file>
      <input_file id="fl-fc">
         <path>C:\ti\CC3200SDK_1.2.0\cc3200-sdk\driverlib\ccs\Release\</path>
         <kind>archive</kind>
         <file>driverlib.a</file>
         <name>uart.obj</name>
      </input_file>
      <input_file id="fl-fd">
         <path>C:\ti\CC3200SDK_1.2.0\cc3200-sdk\driverlib\ccs\Release\</path>
         <kind>archive</kind>
         <file>driverlib.a</file>
         <name>utils.obj</name>
      </input_file>
      <input_file id="fl-fe">
         <path>C:\ti\CC3200SDK_1.2.0\cc3200-sdk\driverlib\ccs\Release\</path>
         <kind>archive</kind>
         <file>driverlib.a</file>
         <name>cpu.obj</name>
      </input_file>
      <input_file id="fl-ff">
         <path>C:\ti\CC3200SDK_1.2.0\cc3200-sdk\driverlib\ccs\Release\</path>
         <kind>archive</kind>
         <file>driverlib.a</file>
         <name>flash.obj</name>
      </input_file>
      <input_file id="fl-100">
         <path>C:\ti\CC3200SDK_1.2.0\cc3200-sdk\simplelink\ccs\OS\</path>
         <kind>archive</kind>
         <file>simplelink.a</file>
         <name>device.obj</name>
      </input_file>
      <input_file id="fl-101">
         <path>C:\ti\CC3200SDK_1.2.0\cc3200-sdk\simplelink\ccs\OS\</path>
         <kind>archive</kind>
         <file>simplelink.a</file>
         <name>driver.obj</name>
      </input_file>
      <input_file id="fl-102">
         <path>C:\ti\CC3200SDK_1.2.0\cc3200-sdk\simplelink\ccs\OS\</path>
         <kind>archive</kind>
         <file>simplelink.a</file>
         <name>netapp.obj</name>
      </input_file>
      <input_file id="fl-103">
         <path>C:\ti\CC3200SDK_1.2.0\cc3200-sdk\simplelink\ccs\OS\</path>
         <kind>archive</kind>
         <file>simplelink.a</file>
         <name>socket.obj</name>
      </input_file>
      <input_file id="fl-104">
         <path>C:\ti\CC3200SDK_1.2.0\cc3200-sdk\simplelink\ccs\OS\</path>
         <kind>archive</kind>
         <file>simplelink.a</file>
         <name>wlan.obj</name>
      </input_file>
      <input_file id="fl-105">
         <path>C:\ti\CC3200SDK_1.2.0\cc3200-sdk\simplelink\ccs\OS\</path>
         <kind>archive</kind>
         <file>simplelink.a</file>
         <name>cc_pal.obj</name>
      </input_file>
      <input_file id="fl-106">
         <path>C:\ti\CC3200SDK_1.2.0\cc3200-sdk\oslib\ccs\free_rtos\</path>
         <kind>archive</kind>
         <file>free_rtos.a</file>
         <name>osi_freertos.obj</name>
      </input_file>
      <input_file id="fl-107">
         <path>C:\ti\CC3200SDK_1.2.0\cc3200-sdk\oslib\ccs\free_rtos\</path>
         <kind>archive</kind>
         <file>free_rtos.a</file>
         <name>port.obj</name>
      </input_file>
      <input_file id="fl-108">
         <path>C:\ti\CC3200SDK_1.2.0\cc3200-sdk\oslib\ccs\free_rtos\</path>
         <kind>archive</kind>
         <file>free_rtos.a</file>
         <name>portasm.obj</name>
      </input_file>
      <input_file id="fl-109">
         <path>C:\ti\CC3200SDK_1.2.0\cc3200-sdk\oslib\ccs\free_rtos\</path>
         <kind>archive</kind>
         <file>free_rtos.a</file>
         <name>queue.obj</name>
      </input_file>
      <input_file id="fl-10a">
         <path>C:\ti\CC3200SDK_1.2.0\cc3200-sdk\oslib\ccs\free_rtos\</path>
         <kind>archive</kind>
         <file>free_rtos.a</file>
         <name>tasks.obj</name>
      </input_file>
      <input_file id="fl-10b">
         <path>C:\ti\CC3200SDK_1.2.0\cc3200-sdk\oslib\ccs\free_rtos\</path>
         <kind>archive</kind>
         <file>free_rtos.a</file>
         <name>heap_3.obj</name>
      </input_file>
      <input_file id="fl-10c">
         <path>C:\ti\CC3200SDK_1.2.0\cc3200-sdk\oslib\ccs\free_rtos\</path>
         <kind>archive</kind>
         <file>free_rtos.a</file>
         <name>list.obj</name>
      </input_file>
      <input_file id="fl-10d">
         <path>C:\ti\CC3200SDK_1.2.0\cc3200-sdk\driverlib\ccs\Release\</path>
         <kind>archive</kind>
         <file>driverlib.a</file>
         <name>spi.obj</name>
      </input_file>
      <input_file id="fl-10e">
         <path>C:\ti\CC3200SDK_1.2.0\cc3200-sdk\driverlib\ccs\Release\</path>
         <kind>archive</kind>
         <file>driverlib.a</file>
         <name>udma.obj</name>
      </input_file>
   </input_file_list>
   <object_component_list>
      <object_component id="oc-f">
         <name>.intvecs</name>
         <load_address>0x20004000</load_address>
         <run_address>0x20004000</run_address>
         <size>0x400</size>
         <input_file_ref idref="fl-a"/>
      </object_component>
      <object_component id="oc-8d">
         <name>.text</name>
         <load_address>0x20004400</load_address>
         <run_address>0x20004400</run_address>
         <size>0x125c</size>
         <input_file_ref idref="fl-10a"/>
      </object_component>
      <object_component id="oc-47c">
         <name>.text</name>
         <load_address>0x2000565c</load_address>
         <run_address>0x2000565c</run_address>
         <size>0x10fc</size>
         <input_file_ref idref="fl-e8"/>
      </object_component>
      <object_component id="oc-d0">
         <name>.text</name>
         <load_address>0x20006758</load_address>
         <run_address>0x20006758</run_address>
         <size>0xeac</size>
         <input_file_ref idref="fl-6"/>
      </object_component>
      <object_component id="oc-376">
         <name>.text</name>
         <load_address>0x20007604</load_address>
         <run_address>0x20007604</run_address>
         <size>0xb24</size>
         <input_file_ref idref="fl-109"/>
      </object_component>
      <object_component id="oc-280">
         <name>.text</name>
         <load_address>0x20008128</load_address>
         <run_address>0x20008128</run_address>
         <size>0x9a4</size>
         <input_file_ref idref="fl-cd"/>
      </object_component>
      <object_component id="oc-68c">
         <name>.text:_SlDrvMsgRead</name>
         <load_address>0x20008acc</load_address>
         <run_address>0x20008acc</run_address>
         <size>0x590</size>
         <input_file_ref idref="fl-101"/>
      </object_component>
      <object_component id="oc-194">
         <name>.text</name>
         <load_address>0x2000905c</load_address>
         <run_address>0x2000905c</run_address>
         <size>0x45c</size>
         <input_file_ref idref="fl-106"/>
      </object_component>
      <object_component id="oc-152">
         <name>.text</name>
         <load_address>0x200094b8</load_address>
         <run_address>0x200094b8</run_address>
         <size>0x434</size>
         <input_file_ref idref="fl-b"/>
      </object_component>
      <object_component id="oc-205">
         <name>.text</name>
         <load_address>0x200098ec</load_address>
         <run_address>0x200098ec</run_address>
         <size>0x3dc</size>
         <input_file_ref idref="fl-de"/>
      </object_component>
      <object_component id="oc-163">
         <name>.text</name>
         <load_address>0x20009cc8</load_address>
         <run_address>0x20009cc8</run_address>
         <size>0x394</size>
         <input_file_ref idref="fl-4"/>
      </object_component>
      <object_component id="oc-1d1">
         <name>.text</name>
         <load_address>0x2000a05c</load_address>
         <run_address>0x2000a05c</run_address>
         <size>0x290</size>
         <input_file_ref idref="fl-5"/>
      </object_component>
      <object_component id="oc-137">
         <name>.text</name>
         <load_address>0x2000a2ec</load_address>
         <run_address>0x2000a2ec</run_address>
         <size>0x290</size>
         <input_file_ref idref="fl-c"/>
      </object_component>
      <object_component id="oc-739">
         <name>.text:_SlDrvRxHdrRead</name>
         <load_address>0x2000a57c</load_address>
         <run_address>0x2000a57c</run_address>
         <size>0x1fc</size>
         <input_file_ref idref="fl-101"/>
      </object_component>
      <object_component id="oc-631">
         <name>.text</name>
         <load_address>0x2000a778</load_address>
         <run_address>0x2000a778</run_address>
         <size>0x1f4</size>
         <input_file_ref idref="fl-f6"/>
      </object_component>
      <object_component id="oc-12d">
         <name>.text</name>
         <load_address>0x2000a96c</load_address>
         <run_address>0x2000a96c</run_address>
         <size>0x1ec</size>
         <input_file_ref idref="fl-2"/>
      </object_component>
      <object_component id="oc-304">
         <name>.text:_SlDrvReleasePoolObj</name>
         <load_address>0x2000ab58</load_address>
         <run_address>0x2000ab58</run_address>
         <size>0x1d0</size>
         <input_file_ref idref="fl-101"/>
      </object_component>
      <object_component id="oc-276">
         <name>.text</name>
         <load_address>0x2000ad28</load_address>
         <run_address>0x2000ad28</run_address>
         <size>0x1b6</size>
         <input_file_ref idref="fl-d1"/>
      </object_component>
      <object_component id="oc-5cf">
         <name>.text:IntDefaultHandler</name>
         <load_address>0x2000aede</load_address>
         <run_address>0x2000aede</run_address>
         <size>0x2</size>
         <input_file_ref idref="fl-f9"/>
      </object_component>
      <object_component id="oc-4e2">
         <name>.text:_SlDrvMsgWrite</name>
         <load_address>0x2000aee0</load_address>
         <run_address>0x2000aee0</run_address>
         <size>0x19c</size>
         <input_file_ref idref="fl-101"/>
      </object_component>
      <object_component id="oc-3ae">
         <name>.text:sl_NetAppPingStart</name>
         <load_address>0x2000b07c</load_address>
         <run_address>0x2000b07c</run_address>
         <size>0x198</size>
         <input_file_ref idref="fl-102"/>
      </object_component>
      <object_component id="oc-334">
         <name>.text:_SlDrvDriverCBInit</name>
         <load_address>0x2000b214</load_address>
         <run_address>0x2000b214</run_address>
         <size>0x190</size>
         <input_file_ref idref="fl-101"/>
      </object_component>
      <object_component id="oc-509">
         <name>.text:_SlDrvWaitForPoolObj</name>
         <load_address>0x2000b3a4</load_address>
         <run_address>0x2000b3a4</run_address>
         <size>0x190</size>
         <input_file_ref idref="fl-101"/>
      </object_component>
      <object_component id="oc-1bf">
         <name>.text:PRCMCC3200MCUInit</name>
         <load_address>0x2000b534</load_address>
         <run_address>0x2000b534</run_address>
         <size>0x178</size>
         <input_file_ref idref="fl-fb"/>
      </object_component>
      <object_component id="oc-74b">
         <name>.text:_SlFindAndSetActiveObj</name>
         <load_address>0x2000b6ac</load_address>
         <run_address>0x2000b6ac</run_address>
         <size>0x170</size>
         <input_file_ref idref="fl-101"/>
      </object_component>
      <object_component id="oc-49c">
         <name>.text</name>
         <load_address>0x2000b81c</load_address>
         <run_address>0x2000b81c</run_address>
         <size>0x170</size>
         <input_file_ref idref="fl-ce"/>
      </object_component>
      <object_component id="oc-33a">
         <name>.text:spi_Open</name>
         <load_address>0x2000b98c</load_address>
         <run_address>0x2000b98c</run_address>
         <size>0x150</size>
         <input_file_ref idref="fl-105"/>
      </object_component>
      <object_component id="oc-286">
         <name>.text</name>
         <load_address>0x2000badc</load_address>
         <run_address>0x2000badc</run_address>
         <size>0x136</size>
         <input_file_ref idref="fl-d3"/>
      </object_component>
      <object_component id="oc-66">
         <name>.text</name>
         <load_address>0x2000bc12</load_address>
         <run_address>0x2000bc12</run_address>
         <size>0x2</size>
         <input_file_ref idref="fl-e0"/>
      </object_component>
      <object_component id="oc-3a8">
         <name>.text:sl_NetAppDnsGetHostByName</name>
         <load_address>0x2000bc14</load_address>
         <run_address>0x2000bc14</run_address>
         <size>0x12c</size>
         <input_file_ref idref="fl-102"/>
      </object_component>
      <object_component id="oc-ef">
         <name>.text</name>
         <load_address>0x2000bd40</load_address>
         <run_address>0x2000bd40</run_address>
         <size>0x12a</size>
         <input_file_ref idref="fl-10c"/>
      </object_component>
      <object_component id="oc-c8">
         <name>.text</name>
         <load_address>0x2000be6a</load_address>
         <run_address>0x2000be6a</run_address>
         <size>0x2</size>
         <input_file_ref idref="fl-f4"/>
      </object_component>
      <object_component id="oc-4e8">
         <name>.text:_SlDrvMsgReadCmdCtx</name>
         <load_address>0x2000be6c</load_address>
         <run_address>0x2000be6c</run_address>
         <size>0x120</size>
         <input_file_ref idref="fl-101"/>
      </object_component>
      <object_component id="oc-31c">
         <name>.text:_SlDrvDriverCBDeinit</name>
         <load_address>0x2000bf8c</load_address>
         <run_address>0x2000bf8c</run_address>
         <size>0x118</size>
         <input_file_ref idref="fl-101"/>
      </object_component>
      <object_component id="oc-38">
         <name>.text</name>
         <load_address>0x2000c0a4</load_address>
         <run_address>0x2000c0a4</run_address>
         <size>0x110</size>
         <input_file_ref idref="fl-107"/>
      </object_component>
      <object_component id="oc-786">
         <name>.text:_SlDrvNetAppEventHandler</name>
         <load_address>0x2000c1b4</load_address>
         <run_address>0x2000c1b4</run_address>
         <size>0x104</size>
         <input_file_ref idref="fl-102"/>
      </object_component>
      <object_component id="oc-27b">
         <name>.text</name>
         <load_address>0x2000c2b8</load_address>
         <run_address>0x2000c2b8</run_address>
         <size>0xfc</size>
         <input_file_ref idref="fl-d4"/>
      </object_component>
      <object_component id="oc-29f">
         <name>.text</name>
         <load_address>0x2000c3b4</load_address>
         <run_address>0x2000c3b4</run_address>
         <size>0xfa</size>
         <input_file_ref idref="fl-d6"/>
      </object_component>
      <object_component id="oc-7b7">
         <name>.text:uDMAChannelTransferSet</name>
         <load_address>0x2000c4b0</load_address>
         <run_address>0x2000c4b0</run_address>
         <size>0xf0</size>
         <input_file_ref idref="fl-10e"/>
      </object_component>
      <object_component id="oc-692">
         <name>.text:_SlAsyncEventGenericHandler</name>
         <load_address>0x2000c5a0</load_address>
         <run_address>0x2000c5a0</run_address>
         <size>0xe8</size>
         <input_file_ref idref="fl-101"/>
      </object_component>
      <object_component id="oc-1a0">
         <name>.text</name>
         <load_address>0x2000c688</load_address>
         <run_address>0x2000c688</run_address>
         <size>0xe8</size>
         <input_file_ref idref="fl-9"/>
      </object_component>
      <object_component id="oc-17b">
         <name>.text:sl_Stop</name>
         <load_address>0x2000c770</load_address>
         <run_address>0x2000c770</run_address>
         <size>0xe4</size>
         <input_file_ref idref="fl-100"/>
      </object_component>
      <object_component id="oc-181">
         <name>.text:sl_Start</name>
         <load_address>0x2000c854</load_address>
         <run_address>0x2000c854</run_address>
         <size>0xe0</size>
         <input_file_ref idref="fl-100"/>
      </object_component>
      <object_component id="oc-73f">
         <name>.text:_SlDrvClassifyRxMsg</name>
         <load_address>0x2000c934</load_address>
         <run_address>0x2000c934</run_address>
         <size>0xdc</size>
         <input_file_ref idref="fl-101"/>
      </object_component>
      <object_component id="oc-745">
         <name>.text:spi_Read</name>
         <load_address>0x2000ca10</load_address>
         <run_address>0x2000ca10</run_address>
         <size>0xdc</size>
         <input_file_ref idref="fl-105"/>
      </object_component>
      <object_component id="oc-5bd">
         <name>.text:_SlDrvMsgReadSpawnCtx</name>
         <load_address>0x2000caec</load_address>
         <run_address>0x2000caec</run_address>
         <size>0xd4</size>
         <input_file_ref idref="fl-101"/>
      </object_component>
      <object_component id="oc-4b2">
         <name>.text</name>
         <load_address>0x2000cbc0</load_address>
         <run_address>0x2000cbc0</run_address>
         <size>0xd0</size>
         <input_file_ref idref="fl-e2"/>
      </object_component>
      <object_component id="oc-7cc">
         <name>.text:_sl_HandleAsync_DnsGetHostByService</name>
         <load_address>0x2000cc90</load_address>
         <run_address>0x2000cc90</run_address>
         <size>0xcc</size>
         <input_file_ref idref="fl-102"/>
      </object_component>
      <object_component id="oc-523">
         <name>.text:_SlRemoveFromList</name>
         <load_address>0x2000cd5c</load_address>
         <run_address>0x2000cd5c</run_address>
         <size>0xc4</size>
         <input_file_ref idref="fl-101"/>
      </object_component>
      <object_component id="oc-2e0">
         <name>.text:_SlDrvCmdOp</name>
         <load_address>0x2000ce20</load_address>
         <run_address>0x2000ce20</run_address>
         <size>0xc0</size>
         <input_file_ref idref="fl-101"/>
      </object_component>
      <object_component id="oc-33">
         <name>.text</name>
         <load_address>0x2000cee0</load_address>
         <run_address>0x2000cee0</run_address>
         <size>0xba</size>
         <input_file_ref idref="fl-108"/>
      </object_component>
      <object_component id="oc-1a6">
         <name>.text</name>
         <load_address>0x2000cf9c</load_address>
         <run_address>0x2000cf9c</run_address>
         <size>0xb4</size>
         <input_file_ref idref="fl-3"/>
      </object_component>
      <object_component id="oc-19a">
         <name>.text:sl_WlanGet</name>
         <load_address>0x2000d050</load_address>
         <run_address>0x2000d050</run_address>
         <size>0xb4</size>
         <input_file_ref idref="fl-104"/>
      </object_component>
      <object_component id="oc-36a">
         <name>.text:IntDisable</name>
         <load_address>0x2000d104</load_address>
         <run_address>0x2000d104</run_address>
         <size>0xa8</size>
         <input_file_ref idref="fl-f9"/>
      </object_component>
      <object_component id="oc-1b9">
         <name>.text:IntEnable</name>
         <load_address>0x2000d1ac</load_address>
         <run_address>0x2000d1ac</run_address>
         <size>0xa8</size>
         <input_file_ref idref="fl-f9"/>
      </object_component>
      <object_component id="oc-398">
         <name>.text:sl_WlanSmartConfigStart</name>
         <load_address>0x2000d254</load_address>
         <run_address>0x2000d254</run_address>
         <size>0xa8</size>
         <input_file_ref idref="fl-104"/>
      </object_component>
      <object_component id="oc-57b">
         <name>.text:SPIConfigSetExpClk</name>
         <load_address>0x2000d2fc</load_address>
         <run_address>0x2000d2fc</run_address>
         <size>0xa0</size>
         <input_file_ref idref="fl-10d"/>
      </object_component>
      <object_component id="oc-51c">
         <name>.text:_SlDriverHandleError</name>
         <load_address>0x2000d39c</load_address>
         <run_address>0x2000d39c</run_address>
         <size>0xa0</size>
         <input_file_ref idref="fl-101"/>
      </object_component>
      <object_component id="oc-41">
         <name>.text</name>
         <load_address>0x2000d43c</load_address>
         <run_address>0x2000d43c</run_address>
         <size>0x9c</size>
         <input_file_ref idref="fl-dc"/>
      </object_component>
      <object_component id="oc-725">
         <name>.text:_SlDrvDeviceEventHandler</name>
         <load_address>0x2000d4d8</load_address>
         <run_address>0x2000d4d8</run_address>
         <size>0x9a</size>
         <input_file_ref idref="fl-100"/>
      </object_component>
      <object_component id="oc-233">
         <name>.text:PRCMPeripheralClockGet</name>
         <load_address>0x2000d574</load_address>
         <run_address>0x2000d574</run_address>
         <size>0x94</size>
         <input_file_ref idref="fl-fb"/>
      </object_component>
      <object_component id="oc-29a">
         <name>.text</name>
         <load_address>0x2000d608</load_address>
         <run_address>0x2000d608</run_address>
         <size>0x92</size>
         <input_file_ref idref="fl-d7"/>
      </object_component>
      <object_component id="oc-7c6">
         <name>.text:_sl_HandleAsync_DnsGetHostByName</name>
         <load_address>0x2000d69c</load_address>
         <run_address>0x2000d69c</run_address>
         <size>0x90</size>
         <input_file_ref idref="fl-102"/>
      </object_component>
      <object_component id="oc-78c">
         <name>.text:_sl_HandleAsync_PingResponse</name>
         <load_address>0x2000d72c</load_address>
         <run_address>0x2000d72c</run_address>
         <size>0x90</size>
         <input_file_ref idref="fl-102"/>
      </object_component>
      <object_component id="oc-793">
         <name>.text:SetupDMAReceive</name>
         <load_address>0x2000d7bc</load_address>
         <run_address>0x2000d7bc</run_address>
         <size>0x8c</size>
         <input_file_ref idref="fl-105"/>
      </object_component>
      <object_component id="oc-70c">
         <name>.text:SetupDMASend</name>
         <load_address>0x2000d848</load_address>
         <run_address>0x2000d848</run_address>
         <size>0x8c</size>
         <input_file_ref idref="fl-105"/>
      </object_component>
      <object_component id="oc-682">
         <name>.text:spi_Write</name>
         <load_address>0x2000d8d4</load_address>
         <run_address>0x2000d8d4</run_address>
         <size>0x8c</size>
         <input_file_ref idref="fl-105"/>
      </object_component>
      <object_component id="oc-1cb">
         <name>.text:PinConfigSet</name>
         <load_address>0x2000d960</load_address>
         <run_address>0x2000d960</run_address>
         <size>0x88</size>
         <input_file_ref idref="fl-fa"/>
      </object_component>
      <object_component id="oc-245">
         <name>.text</name>
         <load_address>0x2000d9e8</load_address>
         <run_address>0x2000d9e8</run_address>
         <size>0x88</size>
         <input_file_ref idref="fl-e6"/>
      </object_component>
      <object_component id="oc-4a8">
         <name>.text:__aeabi_cdcmple</name>
         <load_address>0x2000da70</load_address>
         <run_address>0x2000da70</run_address>
         <size>0x86</size>
         <input_file_ref idref="fl-d2"/>
      </object_component>
      <object_component id="oc-4ad">
         <name>.text:__aeabi_cdrcmple</name>
         <load_address>0x2000daf6</load_address>
         <run_address>0x2000daf6</run_address>
         <size>0x86</size>
         <input_file_ref idref="fl-d2"/>
      </object_component>
      <object_component id="oc-441">
         <name>.text:I2CMasterInitExpClk</name>
         <load_address>0x2000db7c</load_address>
         <run_address>0x2000db7c</run_address>
         <size>0x84</size>
         <input_file_ref idref="fl-f8"/>
      </object_component>
      <object_component id="oc-2ae">
         <name>.text:GPIOIntTypeSet</name>
         <load_address>0x2000dc00</load_address>
         <run_address>0x2000dc00</run_address>
         <size>0x82</size>
         <input_file_ref idref="fl-f7"/>
      </object_component>
      <object_component id="oc-7e8">
         <name>.text:_sl_HandleAsync_Connect</name>
         <load_address>0x2000dc84</load_address>
         <run_address>0x2000dc84</run_address>
         <size>0x80</size>
         <input_file_ref idref="fl-103"/>
      </object_component>
      <object_component id="oc-776">
         <name>.text:_sl_HandleAsync_InitComplete</name>
         <load_address>0x2000dd04</load_address>
         <run_address>0x2000dd04</run_address>
         <size>0x80</size>
         <input_file_ref idref="fl-100"/>
      </object_component>
      <object_component id="oc-799">
         <name>.text:spi_Read_CPU</name>
         <load_address>0x2000dd84</load_address>
         <run_address>0x2000dd84</run_address>
         <size>0x80</size>
         <input_file_ref idref="fl-105"/>
      </object_component>
      <object_component id="oc-71e">
         <name>.text:spi_Write_CPU</name>
         <load_address>0x2000de04</load_address>
         <run_address>0x2000de04</run_address>
         <size>0x80</size>
         <input_file_ref idref="fl-105"/>
      </object_component>
      <object_component id="oc-295">
         <name>.text</name>
         <load_address>0x2000de84</load_address>
         <run_address>0x2000de84</run_address>
         <size>0x7a</size>
         <input_file_ref idref="fl-d8"/>
      </object_component>
      <object_component id="oc-5a">
         <name>.text</name>
         <load_address>0x2000defe</load_address>
         <run_address>0x2000defe</run_address>
         <size>0x7a</size>
         <input_file_ref idref="fl-df"/>
      </object_component>
      <object_component id="oc-392">
         <name>.text:sl_WlanPolicySet</name>
         <load_address>0x2000df78</load_address>
         <run_address>0x2000df78</run_address>
         <size>0x78</size>
         <input_file_ref idref="fl-104"/>
      </object_component>
      <object_component id="oc-316">
         <name>.text:spi_Close</name>
         <load_address>0x2000dff0</load_address>
         <run_address>0x2000dff0</run_address>
         <size>0x78</size>
         <input_file_ref idref="fl-105"/>
      </object_component>
      <object_component id="oc-239">
         <name>.text:UARTConfigSetExpClk</name>
         <load_address>0x2000e068</load_address>
         <run_address>0x2000e068</run_address>
         <size>0x76</size>
         <input_file_ref idref="fl-fc"/>
      </object_component>
      <object_component id="oc-1c5">
         <name>.text</name>
         <load_address>0x2000e0e0</load_address>
         <run_address>0x2000e0e0</run_address>
         <size>0x74</size>
         <input_file_ref idref="fl-8"/>
      </object_component>
      <object_component id="oc-72">
         <name>.text</name>
         <load_address>0x2000e154</load_address>
         <run_address>0x2000e154</run_address>
         <size>0x70</size>
         <input_file_ref idref="fl-eb"/>
      </object_component>
      <object_component id="oc-290">
         <name>.text</name>
         <load_address>0x2000e1c4</load_address>
         <run_address>0x2000e1c4</run_address>
         <size>0x6e</size>
         <input_file_ref idref="fl-d5"/>
      </object_component>
      <object_component id="oc-806">
         <name>.text:_SlDrvCmdSend</name>
         <load_address>0x2000e234</load_address>
         <run_address>0x2000e234</run_address>
         <size>0x6c</size>
         <input_file_ref idref="fl-101"/>
      </object_component>
      <object_component id="oc-7d8">
         <name>.text:_sl_NetAppSendTokenValue</name>
         <load_address>0x2000e2a0</load_address>
         <run_address>0x2000e2a0</run_address>
         <size>0x6c</size>
         <input_file_ref idref="fl-102"/>
      </object_component>
      <object_component id="oc-4d">
         <name>.text</name>
         <load_address>0x2000e30c</load_address>
         <run_address>0x2000e30c</run_address>
         <size>0x6a</size>
         <input_file_ref idref="fl-cb"/>
      </object_component>
      <object_component id="oc-7e2">
         <name>.text:_sl_HandleAsync_Accept</name>
         <load_address>0x2000e378</load_address>
         <run_address>0x2000e378</run_address>
         <size>0x64</size>
         <input_file_ref idref="fl-103"/>
      </object_component>
      <object_component id="oc-6bc">
         <name>.text:uDMAChannelAttributeDisable</name>
         <load_address>0x2000e3dc</load_address>
         <run_address>0x2000e3dc</run_address>
         <size>0x64</size>
         <input_file_ref idref="fl-10e"/>
      </object_component>
      <object_component id="oc-7b1">
         <name>.text:uDMAChannelAttributeEnable</name>
         <load_address>0x2000e440</load_address>
         <run_address>0x2000e440</run_address>
         <size>0x64</size>
         <input_file_ref idref="fl-10e"/>
      </object_component>
      <object_component id="oc-641">
         <name>.text</name>
         <load_address>0x2000e4a4</load_address>
         <run_address>0x2000e4a4</run_address>
         <size>0x5c</size>
         <input_file_ref idref="fl-f3"/>
      </object_component>
      <object_component id="oc-530">
         <name>.text:IntPendClear</name>
         <load_address>0x2000e500</load_address>
         <run_address>0x2000e500</run_address>
         <size>0x58</size>
         <input_file_ref idref="fl-f9"/>
      </object_component>
      <object_component id="oc-3e7">
         <name>.text:PRCMPeripheralReset</name>
         <load_address>0x2000e558</load_address>
         <run_address>0x2000e558</run_address>
         <size>0x58</size>
         <input_file_ref idref="fl-fb"/>
      </object_component>
      <object_component id="oc-63b">
         <name>.text</name>
         <load_address>0x2000e5b0</load_address>
         <run_address>0x2000e5b0</run_address>
         <size>0x56</size>
         <input_file_ref idref="fl-f0"/>
      </object_component>
      <object_component id="oc-364">
         <name>.text:IntPrioritySet</name>
         <load_address>0x2000e608</load_address>
         <run_address>0x2000e608</run_address>
         <size>0x54</size>
         <input_file_ref idref="fl-f9"/>
      </object_component>
      <object_component id="oc-7ee">
         <name>.text:_sl_HandleAsync_Select</name>
         <load_address>0x2000e65c</load_address>
         <run_address>0x2000e65c</run_address>
         <size>0x54</size>
         <input_file_ref idref="fl-103"/>
      </object_component>
      <object_component id="oc-7e">
         <name>.text</name>
         <load_address>0x2000e6b0</load_address>
         <run_address>0x2000e6b0</run_address>
         <size>0x54</size>
         <input_file_ref idref="fl-d0"/>
      </object_component>
      <object_component id="oc-34c">
         <name>.text:_SlDrvRxIrqHandler</name>
         <load_address>0x2000e704</load_address>
         <run_address>0x2000e704</run_address>
         <size>0x50</size>
         <input_file_ref idref="fl-101"/>
      </object_component>
      <object_component id="oc-77c">
         <name>.text:_sl_HandleAsync_Stop</name>
         <load_address>0x2000e754</load_address>
         <run_address>0x2000e754</run_address>
         <size>0x50</size>
         <input_file_ref idref="fl-100"/>
      </object_component>
      <object_component id="oc-59f">
         <name>.text:SPIIntEnable</name>
         <load_address>0x2000e7a4</load_address>
         <run_address>0x2000e7a4</run_address>
         <size>0x4c</size>
         <input_file_ref idref="fl-10d"/>
      </object_component>
      <object_component id="oc-2f8">
         <name>.text:_SlDrvProtectAsyncRespSetting</name>
         <load_address>0x2000e7f0</load_address>
         <run_address>0x2000e7f0</run_address>
         <size>0x4c</size>
         <input_file_ref idref="fl-101"/>
      </object_component>
      <object_component id="oc-653">
         <name>.text</name>
         <load_address>0x2000e83c</load_address>
         <run_address>0x2000e83c</run_address>
         <size>0x4c</size>
         <input_file_ref idref="fl-ea"/>
      </object_component>
      <object_component id="oc-c2">
         <name>.text</name>
         <load_address>0x2000e888</load_address>
         <run_address>0x2000e888</run_address>
         <size>0x4c</size>
         <input_file_ref idref="fl-ec"/>
      </object_component>
      <object_component id="oc-6b6">
         <name>.text:uDMAChannelAssign</name>
         <load_address>0x2000e8d4</load_address>
         <run_address>0x2000e8d4</run_address>
         <size>0x4c</size>
         <input_file_ref idref="fl-10e"/>
      </object_component>
      <object_component id="oc-6d0">
         <name>.text:SPIIntClear</name>
         <load_address>0x2000e920</load_address>
         <run_address>0x2000e920</run_address>
         <size>0x48</size>
         <input_file_ref idref="fl-10d"/>
      </object_component>
      <object_component id="oc-5e0">
         <name>.text:_SlDrvBasicCmd</name>
         <load_address>0x2000e968</load_address>
         <run_address>0x2000e968</run_address>
         <size>0x48</size>
         <input_file_ref idref="fl-101"/>
      </object_component>
      <object_component id="oc-636">
         <name>.text</name>
         <load_address>0x2000e9b0</load_address>
         <run_address>0x2000e9b0</run_address>
         <size>0x48</size>
         <input_file_ref idref="fl-ee"/>
      </object_component>
      <object_component id="oc-6c6">
         <name>.text:SPIDmaMaskGet</name>
         <load_address>0x2000e9f8</load_address>
         <run_address>0x2000e9f8</run_address>
         <size>0x44</size>
         <input_file_ref idref="fl-10d"/>
      </object_component>
      <object_component id="oc-7ff">
         <name>.text:_SlDrvHandleHttpServerEvents</name>
         <load_address>0x2000ea3c</load_address>
         <run_address>0x2000ea3c</run_address>
         <size>0x44</size>
         <input_file_ref idref="fl-101"/>
      </object_component>
      <object_component id="oc-76c">
         <name>.text:cc_SetupTransfer</name>
         <load_address>0x2000ea80</load_address>
         <run_address>0x2000ea80</run_address>
         <size>0x44</size>
         <input_file_ref idref="fl-105"/>
      </object_component>
      <object_component id="oc-38c">
         <name>.text:sl_WlanProfileDel</name>
         <load_address>0x2000eac4</load_address>
         <run_address>0x2000eac4</run_address>
         <size>0x44</size>
         <input_file_ref idref="fl-104"/>
      </object_component>
      <object_component id="oc-175">
         <name>.text:sl_WlanSetMode</name>
         <load_address>0x2000eb08</load_address>
         <run_address>0x2000eb08</run_address>
         <size>0x44</size>
         <input_file_ref idref="fl-104"/>
      </object_component>
      <object_component id="oc-608">
         <name>.text:PinModeSet</name>
         <load_address>0x2000eb4c</load_address>
         <run_address>0x2000eb4c</run_address>
         <size>0x40</size>
         <input_file_ref idref="fl-fa"/>
      </object_component>
      <object_component id="oc-731">
         <name>.text:_SlDrvHandleNetAppEvents</name>
         <load_address>0x2000eb8c</load_address>
         <run_address>0x2000eb8c</run_address>
         <size>0x40</size>
         <input_file_ref idref="fl-101"/>
      </object_component>
      <object_component id="oc-72b">
         <name>.text:_SlDrvHandleWlanEvents</name>
         <load_address>0x2000ebcc</load_address>
         <run_address>0x2000ebcc</run_address>
         <size>0x40</size>
         <input_file_ref idref="fl-101"/>
      </object_component>
      <object_component id="oc-2fe">
         <name>.text:_SlDrvSyncObjWaitTimeout</name>
         <load_address>0x2000ec0c</load_address>
         <run_address>0x2000ec0c</run_address>
         <size>0x40</size>
         <input_file_ref idref="fl-101"/>
      </object_component>
      <object_component id="oc-24">
         <name>.text</name>
         <load_address>0x2000ec4c</load_address>
         <run_address>0x2000ec4c</run_address>
         <size>0x40</size>
         <input_file_ref idref="fl-c9"/>
      </object_component>
      <object_component id="oc-18e">
         <name>.text:sl_NetAppStart</name>
         <load_address>0x2000ec8c</load_address>
         <run_address>0x2000ec8c</run_address>
         <size>0x40</size>
         <input_file_ref idref="fl-102"/>
      </object_component>
      <object_component id="oc-188">
         <name>.text:sl_NetAppStop</name>
         <load_address>0x2000eccc</load_address>
         <run_address>0x2000eccc</run_address>
         <size>0x40</size>
         <input_file_ref idref="fl-102"/>
      </object_component>
      <object_component id="oc-5f0">
         <name>.text:CopyPingResultsToReport</name>
         <load_address>0x2000ed0c</load_address>
         <run_address>0x2000ed0c</run_address>
         <size>0x3c</size>
         <input_file_ref idref="fl-102"/>
      </object_component>
      <object_component id="oc-3e1">
         <name>.text:PRCMPeripheralClkEnable</name>
         <load_address>0x2000ed48</load_address>
         <run_address>0x2000ed48</run_address>
         <size>0x3c</size>
         <input_file_ref idref="fl-fb"/>
      </object_component>
      <object_component id="oc-7ab">
         <name>.text:uDMAChannelControlSet</name>
         <load_address>0x2000ed84</load_address>
         <run_address>0x2000ed84</run_address>
         <size>0x3c</size>
         <input_file_ref idref="fl-10e"/>
      </object_component>
      <object_component id="oc-310">
         <name>.text:NwpPowerOff</name>
         <load_address>0x2000edc0</load_address>
         <run_address>0x2000edc0</run_address>
         <size>0x38</size>
         <input_file_ref idref="fl-105"/>
      </object_component>
      <object_component id="oc-ff">
         <name>.text</name>
         <load_address>0x2000edf8</load_address>
         <run_address>0x2000edf8</run_address>
         <size>0x38</size>
         <input_file_ref idref="fl-10b"/>
      </object_component>
      <object_component id="oc-2a6">
         <name>.text</name>
         <load_address>0x2000ee30</load_address>
         <run_address>0x2000ee30</run_address>
         <size>0x38</size>
         <input_file_ref idref="fl-ef"/>
      </object_component>
      <object_component id="oc-400">
         <name>.text:GPIODirModeSet</name>
         <load_address>0x2000ee68</load_address>
         <run_address>0x2000ee68</run_address>
         <size>0x36</size>
         <input_file_ref idref="fl-f7"/>
      </object_component>
      <object_component id="oc-581">
         <name>.text:PRCMPeripheralStatusGet</name>
         <load_address>0x2000eea0</load_address>
         <run_address>0x2000eea0</run_address>
         <size>0x34</size>
         <input_file_ref idref="fl-fb"/>
      </object_component>
      <object_component id="oc-599">
         <name>.text:SPIFIFOLevelSet</name>
         <load_address>0x2000eed4</load_address>
         <run_address>0x2000eed4</run_address>
         <size>0x34</size>
         <input_file_ref idref="fl-10d"/>
      </object_component>
      <object_component id="oc-158">
         <name>.text</name>
         <load_address>0x2000ef08</load_address>
         <run_address>0x2000ef08</run_address>
         <size>0x34</size>
         <input_file_ref idref="fl-d9"/>
      </object_component>
      <object_component id="oc-3fa">
         <name>.text:PinTypeGPIO</name>
         <load_address>0x2000ef3c</load_address>
         <run_address>0x2000ef3c</run_address>
         <size>0x30</size>
         <input_file_ref idref="fl-fa"/>
      </object_component>
      <object_component id="oc-46e">
         <name>.text:UARTDisable</name>
         <load_address>0x2000ef6c</load_address>
         <run_address>0x2000ef6c</run_address>
         <size>0x30</size>
         <input_file_ref idref="fl-fc"/>
      </object_component>
      <object_component id="oc-28b">
         <name>.text</name>
         <load_address>0x2000ef9c</load_address>
         <run_address>0x2000ef9c</run_address>
         <size>0x2e</size>
         <input_file_ref idref="fl-da"/>
      </object_component>
      <object_component id="oc-5ae">
         <name>.text:DmaSpiSwIntHandler</name>
         <load_address>0x2000efcc</load_address>
         <run_address>0x2000efcc</run_address>
         <size>0x2c</size>
         <input_file_ref idref="fl-105"/>
      </object_component>
      <object_component id="oc-429">
         <name>.text:I2CMasterErr</name>
         <load_address>0x2000eff8</load_address>
         <run_address>0x2000eff8</run_address>
         <size>0x2c</size>
         <input_file_ref idref="fl-f8"/>
      </object_component>
      <object_component id="oc-3cf">
         <name>.text:PRCMSysResetCauseGet</name>
         <load_address>0x2000f024</load_address>
         <run_address>0x2000f024</run_address>
         <size>0x2c</size>
         <input_file_ref idref="fl-fb"/>
      </object_component>
      <object_component id="oc-3ed">
         <name>.text:PRCMPeripheralClkDisable</name>
         <load_address>0x2000f050</load_address>
         <run_address>0x2000f050</run_address>
         <size>0x28</size>
         <input_file_ref idref="fl-fb"/>
      </object_component>
      <object_component id="oc-4d6">
         <name>.text:_SlDrvObjGlobalLockWaitForever</name>
         <load_address>0x2000f078</load_address>
         <run_address>0x2000f078</run_address>
         <size>0x28</size>
         <input_file_ref idref="fl-101"/>
      </object_component>
      <object_component id="oc-50f">
         <name>.text:_SlDrvProtectionObjLockWaitForever</name>
         <load_address>0x2000f0a0</load_address>
         <run_address>0x2000f0a0</run_address>
         <size>0x28</size>
         <input_file_ref idref="fl-101"/>
      </object_component>
      <object_component id="oc-30a">
         <name>.text:NwpRegisterInterruptHandler</name>
         <load_address>0x2000f0c8</load_address>
         <run_address>0x2000f0c8</run_address>
         <size>0x26</size>
         <input_file_ref idref="fl-105"/>
      </object_component>
      <object_component id="oc-566">
         <name>.text</name>
         <load_address>0x2000f0ee</load_address>
         <run_address>0x2000f0ee</run_address>
         <size>0x26</size>
         <input_file_ref idref="fl-7"/>
      </object_component>
      <object_component id="oc-370">
         <name>.text:IntUnregister</name>
         <load_address>0x2000f114</load_address>
         <run_address>0x2000f114</run_address>
         <size>0x24</size>
         <input_file_ref idref="fl-f9"/>
      </object_component>
      <object_component id="oc-474">
         <name>.text:UARTEnable</name>
         <load_address>0x2000f138</load_address>
         <run_address>0x2000f138</run_address>
         <size>0x24</size>
         <input_file_ref idref="fl-fc"/>
      </object_component>
      <object_component id="oc-4dc">
         <name>.text:_SlDrvGlobalObjUnLock</name>
         <load_address>0x2000f15c</load_address>
         <run_address>0x2000f15c</run_address>
         <size>0x24</size>
         <input_file_ref idref="fl-101"/>
      </object_component>
      <object_component id="oc-515">
         <name>.text:_SlDrvProtectionObjUnLock</name>
         <load_address>0x2000f180</load_address>
         <run_address>0x2000f180</run_address>
         <size>0x24</size>
         <input_file_ref idref="fl-101"/>
      </object_component>
      <object_component id="oc-5e9">
         <name>.text:_SlDrvSyncObjWaitForever</name>
         <load_address>0x2000f1a4</load_address>
         <run_address>0x2000f1a4</run_address>
         <size>0x24</size>
         <input_file_ref idref="fl-101"/>
      </object_component>
      <object_component id="oc-257">
         <name>.text</name>
         <load_address>0x2000f1c8</load_address>
         <run_address>0x2000f1c8</run_address>
         <size>0x24</size>
         <input_file_ref idref="fl-dd"/>
      </object_component>
      <object_component id="oc-42f">
         <name>.text:I2CMasterSlaveAddrSet</name>
         <load_address>0x2000f1ec</load_address>
         <run_address>0x2000f1ec</run_address>
         <size>0x22</size>
         <input_file_ref idref="fl-f8"/>
      </object_component>
      <object_component id="oc-558">
         <name>.text:SPIReset</name>
         <load_address>0x2000f20e</load_address>
         <run_address>0x2000f20e</run_address>
         <size>0x22</size>
         <input_file_ref idref="fl-10d"/>
      </object_component>
      <object_component id="oc-718">
         <name>.text:SPIWordCountSet</name>
         <load_address>0x2000f230</load_address>
         <run_address>0x2000f230</run_address>
         <size>0x22</size>
         <input_file_ref idref="fl-10d"/>
      </object_component>
      <object_component id="oc-14c">
         <name>.text</name>
         <load_address>0x2000f252</load_address>
         <run_address>0x2000f252</run_address>
         <size>0x22</size>
         <input_file_ref idref="fl-db"/>
      </object_component>
      <object_component id="oc-2c0">
         <name>.text:GPIOPinWrite</name>
         <load_address>0x2000f274</load_address>
         <run_address>0x2000f274</run_address>
         <size>0x20</size>
         <input_file_ref idref="fl-f7"/>
      </object_component>
      <object_component id="oc-35e">
         <name>.text:IntRegister</name>
         <load_address>0x2000f294</load_address>
         <run_address>0x2000f294</run_address>
         <size>0x20</size>
         <input_file_ref idref="fl-f9"/>
      </object_component>
      <object_component id="oc-340">
         <name>.text:NwpPowerOn</name>
         <load_address>0x2000f2b4</load_address>
         <run_address>0x2000f2b4</run_address>
         <size>0x20</size>
         <input_file_ref idref="fl-105"/>
      </object_component>
      <object_component id="oc-39e">
         <name>.text:sl_WlanSmartConfigStop</name>
         <load_address>0x2000f2d4</load_address>
         <run_address>0x2000f2d4</run_address>
         <size>0x20</size>
         <input_file_ref idref="fl-104"/>
      </object_component>
      <object_component id="oc-411">
         <name>.text:I2CMasterIntStatusEx</name>
         <load_address>0x2000f2f4</load_address>
         <run_address>0x2000f2f4</run_address>
         <size>0x1e</size>
         <input_file_ref idref="fl-f8"/>
      </object_component>
      <object_component id="oc-23f">
         <name>.text:UARTCharPut</name>
         <load_address>0x2000f312</load_address>
         <run_address>0x2000f312</run_address>
         <size>0x1e</size>
         <input_file_ref idref="fl-fc"/>
      </object_component>
      <object_component id="oc-529">
         <name>.text:_SlDrvSyncObjSignal</name>
         <load_address>0x2000f330</load_address>
         <run_address>0x2000f330</run_address>
         <size>0x1e</size>
         <input_file_ref idref="fl-101"/>
      </object_component>
      <object_component id="oc-587">
         <name>.text:cc_UDMAChannelSelect</name>
         <load_address>0x2000f34e</load_address>
         <run_address>0x2000f34e</run_address>
         <size>0x1e</size>
         <input_file_ref idref="fl-105"/>
      </object_component>
      <object_component id="oc-406">
         <name>.text:PinTypeI2C</name>
         <load_address>0x2000f36c</load_address>
         <run_address>0x2000f36c</run_address>
         <size>0x1c</size>
         <input_file_ref idref="fl-fa"/>
      </object_component>
      <object_component id="oc-251">
         <name>.text:UARTCharGetNonBlocking</name>
         <load_address>0x2000f388</load_address>
         <run_address>0x2000f388</run_address>
         <size>0x1c</size>
         <input_file_ref idref="fl-fc"/>
      </object_component>
      <object_component id="oc-64d">
         <name>.text</name>
         <load_address>0x2000f3a4</load_address>
         <run_address>0x2000f3a4</run_address>
         <size>0x1c</size>
         <input_file_ref idref="fl-f1"/>
      </object_component>
      <object_component id="oc-7bd">
         <name>.text:uDMAChannelEnable</name>
         <load_address>0x2000f3c0</load_address>
         <run_address>0x2000f3c0</run_address>
         <size>0x1c</size>
         <input_file_ref idref="fl-10e"/>
      </object_component>
      <object_component id="oc-2ba">
         <name>.text:GPIOIntEnable</name>
         <load_address>0x2000f3dc</load_address>
         <run_address>0x2000f3dc</run_address>
         <size>0x1a</size>
         <input_file_ref idref="fl-f7"/>
      </object_component>
      <object_component id="oc-3f4">
         <name>.text:PinTypeUART</name>
         <load_address>0x2000f3f6</load_address>
         <run_address>0x2000f3f6</run_address>
         <size>0x1a</size>
         <input_file_ref idref="fl-fa"/>
      </object_component>
      <object_component id="oc-546">
         <name>.text:SPIDmaDisable</name>
         <load_address>0x2000f410</load_address>
         <run_address>0x2000f410</run_address>
         <size>0x1a</size>
         <input_file_ref idref="fl-10d"/>
      </object_component>
      <object_component id="oc-593">
         <name>.text:SPIDmaEnable</name>
         <load_address>0x2000f42a</load_address>
         <run_address>0x2000f42a</run_address>
         <size>0x1a</size>
         <input_file_ref idref="fl-10d"/>
      </object_component>
      <object_component id="oc-540">
         <name>.text:SPIFIFODisable</name>
         <load_address>0x2000f444</load_address>
         <run_address>0x2000f444</run_address>
         <size>0x1a</size>
         <input_file_ref idref="fl-10d"/>
      </object_component>
      <object_component id="oc-58d">
         <name>.text:SPIFIFOEnable</name>
         <load_address>0x2000f45e</load_address>
         <run_address>0x2000f45e</run_address>
         <size>0x1a</size>
         <input_file_ref idref="fl-10d"/>
      </object_component>
      <object_component id="oc-2c6">
         <name>.text:GPIOPinRead</name>
         <load_address>0x2000f478</load_address>
         <run_address>0x2000f478</run_address>
         <size>0x18</size>
         <input_file_ref idref="fl-f7"/>
      </object_component>
      <object_component id="oc-54c">
         <name>.text:SPICSDisable</name>
         <load_address>0x2000f490</load_address>
         <run_address>0x2000f490</run_address>
         <size>0x18</size>
         <input_file_ref idref="fl-10d"/>
      </object_component>
      <object_component id="oc-712">
         <name>.text:SPICSEnable</name>
         <load_address>0x2000f4a8</load_address>
         <run_address>0x2000f4a8</run_address>
         <size>0x18</size>
         <input_file_ref idref="fl-10d"/>
      </object_component>
      <object_component id="oc-552">
         <name>.text:SPIDisable</name>
         <load_address>0x2000f4c0</load_address>
         <run_address>0x2000f4c0</run_address>
         <size>0x18</size>
         <input_file_ref idref="fl-10d"/>
      </object_component>
      <object_component id="oc-5a5">
         <name>.text:SPIEnable</name>
         <load_address>0x2000f4d8</load_address>
         <run_address>0x2000f4d8</run_address>
         <size>0x18</size>
         <input_file_ref idref="fl-10d"/>
      </object_component>
      <object_component id="oc-24b">
         <name>.text:UARTCharsAvail</name>
         <load_address>0x2000f4f0</load_address>
         <run_address>0x2000f4f0</run_address>
         <size>0x18</size>
         <input_file_ref idref="fl-fc"/>
      </object_component>
      <object_component id="oc-346">
         <name>.text:_sl_GetStartResponseConvert</name>
         <load_address>0x2000f508</load_address>
         <run_address>0x2000f508</run_address>
         <size>0x18</size>
         <input_file_ref idref="fl-100"/>
      </object_component>
      <object_component id="oc-78">
         <name>.text</name>
         <load_address>0x2000f520</load_address>
         <run_address>0x2000f520</run_address>
         <size>0x18</size>
         <input_file_ref idref="fl-e9"/>
      </object_component>
      <object_component id="oc-435">
         <name>.text:I2CMasterDataPut</name>
         <load_address>0x2000f538</load_address>
         <run_address>0x2000f538</run_address>
         <size>0x16</size>
         <input_file_ref idref="fl-f8"/>
      </object_component>
      <object_component id="oc-61d">
         <name>.text:I2CMasterEnable</name>
         <load_address>0x2000f54e</load_address>
         <run_address>0x2000f54e</run_address>
         <size>0x16</size>
         <input_file_ref idref="fl-f8"/>
      </object_component>
      <object_component id="oc-3d5">
         <name>.text:PRCMHIBRegRead</name>
         <load_address>0x2000f564</load_address>
         <run_address>0x2000f564</run_address>
         <size>0x16</size>
         <input_file_ref idref="fl-fb"/>
      </object_component>
      <object_component id="oc-3db">
         <name>.text:PRCMHIBRegWrite</name>
         <load_address>0x2000f57a</load_address>
         <run_address>0x2000f57a</run_address>
         <size>0x16</size>
         <input_file_ref idref="fl-fb"/>
      </object_component>
      <object_component id="oc-570">
         <name>.text:_SlDrvMemZero</name>
         <load_address>0x2000f590</load_address>
         <run_address>0x2000f590</run_address>
         <size>0x16</size>
         <input_file_ref idref="fl-101"/>
      </object_component>
      <object_component id="oc-647">
         <name>.text</name>
         <load_address>0x2000f5a6</load_address>
         <run_address>0x2000f5a6</run_address>
         <size>0x16</size>
         <input_file_ref idref="fl-f5"/>
      </object_component>
      <object_component id="oc-3bf">
         <name>.text:CPUcpsie</name>
         <load_address>0x2000f5bc</load_address>
         <run_address>0x2000f5bc</run_address>
         <size>0x14</size>
         <input_file_ref idref="fl-fe"/>
      </object_component>
      <object_component id="oc-2b4">
         <name>.text:GPIOIntClear</name>
         <load_address>0x2000f5d0</load_address>
         <run_address>0x2000f5d0</run_address>
         <size>0x14</size>
         <input_file_ref idref="fl-f7"/>
      </object_component>
      <object_component id="oc-1ad">
         <name>.text:IntVTableBaseSet</name>
         <load_address>0x2000f5e4</load_address>
         <run_address>0x2000f5e4</run_address>
         <size>0x14</size>
         <input_file_ref idref="fl-f9"/>
      </object_component>
      <object_component id="oc-1e4">
         <name>.text</name>
         <load_address>0x2000f5f8</load_address>
         <run_address>0x2000f5f8</run_address>
         <size>0x14</size>
         <input_file_ref idref="fl-e7"/>
      </object_component>
      <object_component id="oc-15d">
         <name>.text</name>
         <load_address>0x2000f60c</load_address>
         <run_address>0x2000f60c</run_address>
         <size>0x14</size>
         <input_file_ref idref="fl-e4"/>
      </object_component>
      <object_component id="oc-146">
         <name>.text</name>
         <load_address>0x2000f620</load_address>
         <run_address>0x2000f620</run_address>
         <size>0x14</size>
         <input_file_ref idref="fl-e5"/>
      </object_component>
      <object_component id="oc-423">
         <name>.text:I2CMasterControl</name>
         <load_address>0x2000f634</load_address>
         <run_address>0x2000f634</run_address>
         <size>0x12</size>
         <input_file_ref idref="fl-f8"/>
      </object_component>
      <object_component id="oc-417">
         <name>.text:I2CMasterIntClearEx</name>
         <load_address>0x2000f646</load_address>
         <run_address>0x2000f646</run_address>
         <size>0x12</size>
         <input_file_ref idref="fl-f8"/>
      </object_component>
      <object_component id="oc-41d">
         <name>.text:I2CMasterTimeoutSet</name>
         <load_address>0x2000f658</load_address>
         <run_address>0x2000f658</run_address>
         <size>0x12</size>
         <input_file_ref idref="fl-f8"/>
      </object_component>
      <object_component id="oc-7d2">
         <name>.text:_SlDrvDispatchHttpServerEvents</name>
         <load_address>0x2000f66a</load_address>
         <run_address>0x2000f66a</run_address>
         <size>0x10</size>
         <input_file_ref idref="fl-101"/>
      </object_component>
      <object_component id="oc-43b">
         <name>.text:I2CMasterDataGet</name>
         <load_address>0x2000f67a</load_address>
         <run_address>0x2000f67a</run_address>
         <size>0xe</size>
         <input_file_ref idref="fl-f8"/>
      </object_component>
      <object_component id="oc-380">
         <name>.text:_SlDrvResetCmdExt</name>
         <load_address>0x2000f688</load_address>
         <run_address>0x2000f688</run_address>
         <size>0xe</size>
         <input_file_ref idref="fl-101"/>
      </object_component>
      <object_component id="oc-12">
         <name>.text:decompress:none</name>
         <load_address>0x2000f696</load_address>
         <run_address>0x2000f696</run_address>
         <size>0xe</size>
         <input_file_ref idref="fl-ca"/>
      </object_component>
      <object_component id="oc-2d">
         <name>.text</name>
         <load_address>0x2000f6a4</load_address>
         <run_address>0x2000f6a4</run_address>
         <size>0xe</size>
         <input_file_ref idref="fl-a"/>
      </object_component>
      <object_component id="oc-539">
         <name>.text:NwpMaskInterrupt</name>
         <load_address>0x2000f6b4</load_address>
         <run_address>0x2000f6b4</run_address>
         <size>0xc</size>
         <input_file_ref idref="fl-105"/>
      </object_component>
      <object_component id="oc-5b5">
         <name>.text:NwpUnMaskInterrupt</name>
         <load_address>0x2000f6c0</load_address>
         <run_address>0x2000f6c0</run_address>
         <size>0xc</size>
         <input_file_ref idref="fl-105"/>
      </object_component>
      <object_component id="oc-1b3">
         <name>.text:IntMasterEnable</name>
         <load_address>0x2000f6cc</load_address>
         <run_address>0x2000f6cc</run_address>
         <size>0xa</size>
         <input_file_ref idref="fl-f9"/>
      </object_component>
      <object_component id="oc-671">
         <name>.text</name>
         <load_address>0x2000f6d6</load_address>
         <run_address>0x2000f6d6</run_address>
         <size>0x8</size>
         <input_file_ref idref="fl-f2"/>
      </object_component>
      <object_component id="oc-133">
         <name>.text:UtilsDelay</name>
         <load_address>0x2000f6de</load_address>
         <run_address>0x2000f6de</run_address>
         <size>0x6</size>
         <input_file_ref idref="fl-fd"/>
      </object_component>
      <object_component id="oc-18">
         <name>.text:decompress:rle24</name>
         <load_address>0x2000f6e4</load_address>
         <run_address>0x2000f6e4</run_address>
         <size>0x6</size>
         <input_file_ref idref="fl-cb"/>
      </object_component>
      <object_component id="oc-6c">
         <name>.text</name>
         <load_address>0x2000f6ea</load_address>
         <run_address>0x2000f6ea</run_address>
         <size>0x4</size>
         <input_file_ref idref="fl-e1"/>
      </object_component>
      <object_component id="oc-6fb">
         <name>.const:.string:_ctypes_</name>
         <load_address>0x2000f6f0</load_address>
         <run_address>0x2000f6f0</run_address>
         <size>0x101</size>
         <input_file_ref idref="fl-ed"/>
      </object_component>
      <object_component id="oc-40d">
         <name>.const:g_ulPinToPadMap</name>
         <load_address>0x2000f7f4</load_address>
         <run_address>0x2000f7f4</run_address>
         <size>0x100</size>
         <input_file_ref idref="fl-fa"/>
      </object_component>
      <object_component id="oc-5ca">
         <name>.const:g_pulRegs</name>
         <load_address>0x2000f8f4</load_address>
         <run_address>0x2000f8f4</run_address>
         <size>0xd4</size>
         <input_file_ref idref="fl-f9"/>
      </object_component>
      <object_component id="oc-601">
         <name>.const:PRCM_PeriphRegsList</name>
         <load_address>0x2000f9c8</load_address>
         <run_address>0x2000f9c8</run_address>
         <size>0xa8</size>
         <input_file_ref idref="fl-fb"/>
      </object_component>
      <object_component id="oc-3cb">
         <name>.const</name>
         <load_address>0x2000fa70</load_address>
         <run_address>0x2000fa70</run_address>
         <size>0x80</size>
         <input_file_ref idref="fl-f9"/>
      </object_component>
      <object_component id="oc-752">
         <name>.const:OpcodeTranslateTable</name>
         <load_address>0x2000faf0</load_address>
         <run_address>0x2000faf0</run_address>
         <size>0x3c</size>
         <input_file_ref idref="fl-101"/>
      </object_component>
      <object_component id="oc-2e9">
         <name>.const</name>
         <load_address>0x2000fb2c</load_address>
         <run_address>0x2000fb2c</run_address>
         <size>0x3c</size>
         <input_file_ref idref="fl-104"/>
      </object_component>
      <object_component id="oc-7a0">
         <name>.const:_SlActionLookupTable</name>
         <load_address>0x2000fb68</load_address>
         <run_address>0x2000fb68</run_address>
         <size>0x38</size>
         <input_file_ref idref="fl-101"/>
      </object_component>
      <object_component id="oc-688">
         <name>.const</name>
         <load_address>0x2000fba0</load_address>
         <run_address>0x2000fba0</run_address>
         <size>0x38</size>
         <input_file_ref idref="fl-101"/>
      </object_component>
      <object_component id="oc-4a5">
         <name>.const:$O1$$</name>
         <load_address>0x2000fbd8</load_address>
         <run_address>0x2000fbd8</run_address>
         <size>0x30</size>
         <input_file_ref idref="fl-cd"/>
      </object_component>
      <object_component id="oc-353">
         <name>.const</name>
         <load_address>0x2000fc08</load_address>
         <run_address>0x2000fc08</run_address>
         <size>0x28</size>
         <input_file_ref idref="fl-102"/>
      </object_component>
      <object_component id="oc-322">
         <name>.const</name>
         <load_address>0x2000fc30</load_address>
         <run_address>0x2000fc30</run_address>
         <size>0x1c</size>
         <input_file_ref idref="fl-100"/>
      </object_component>
      <object_component id="oc-75a">
         <name>.const</name>
         <load_address>0x2000fc4c</load_address>
         <run_address>0x2000fc4c</run_address>
         <size>0x18</size>
         <input_file_ref idref="fl-10d"/>
      </object_component>
      <object_component id="oc-3a4">
         <name>.const:.string:$P$T0$1</name>
         <load_address>0x2000fc64</load_address>
         <run_address>0x2000fc64</run_address>
         <size>0x13</size>
         <input_file_ref idref="fl-9"/>
      </object_component>
      <object_component id="oc-1ac">
         <name>.const:.string:$P$T1$2</name>
         <load_address>0x2000fc77</load_address>
         <run_address>0x2000fc77</run_address>
         <size>0x11</size>
         <input_file_ref idref="fl-6"/>
      </object_component>
      <object_component id="oc-3a5">
         <name>.const:.string:$P$T1$2</name>
         <load_address>0x2000fc88</load_address>
         <run_address>0x2000fc88</run_address>
         <size>0x10</size>
         <input_file_ref idref="fl-9"/>
      </object_component>
      <object_component id="oc-187">
         <name>.const:.string:$P$T0$1</name>
         <load_address>0x2000fc98</load_address>
         <run_address>0x2000fc98</run_address>
         <size>0xe</size>
         <input_file_ref idref="fl-6"/>
      </object_component>
      <object_component id="oc-134">
         <name>.const:.string:pcDigits</name>
         <load_address>0x2000fca6</load_address>
         <run_address>0x2000fca6</run_address>
         <size>0xb</size>
         <input_file_ref idref="fl-6"/>
      </object_component>
      <object_component id="oc-1d7">
         <name>.const:.string:$P$T2$3</name>
         <load_address>0x2000fcb1</load_address>
         <run_address>0x2000fcb1</run_address>
         <size>0x8</size>
         <input_file_ref idref="fl-6"/>
      </object_component>
      <object_component id="oc-1d8">
         <name>.const:.string:$P$T3$4</name>
         <load_address>0x2000fcb9</load_address>
         <run_address>0x2000fcb9</run_address>
         <size>0x5</size>
         <input_file_ref idref="fl-6"/>
      </object_component>
      <object_component id="oc-83d">
         <name>.cinit..data.load</name>
         <load_address>0x2000fcc0</load_address>
         <run_address>0x2000fcc0</run_address>
         <size>0x87</size>
      </object_component>
      <object_component id="oc-83e">
         <name>.cinit..bss.load</name>
         <load_address>0x2000fd48</load_address>
         <run_address>0x2000fd48</run_address>
         <size>0xb</size>
      </object_component>
      <object_component id="oc-83b">
         <name>__TI_handler_table</name>
         <load_address>0x2000fd54</load_address>
         <run_address>0x2000fd54</run_address>
         <size>0x8</size>
      </object_component>
      <object_component id="oc-83c">
         <name>__TI_cinit_table</name>
         <load_address>0x2000fd5c</load_address>
         <run_address>0x2000fd5c</run_address>
         <size>0x10</size>
      </object_component>
      <object_component id="oc-3b4">
         <name>.data</name>
         <load_address>0x20019468</load_address>
         <run_address>0x20019468</run_address>
         <size>0x8</size>
         <input_file_ref idref="fl-3"/>
      </object_component>
      <object_component id="oc-2d4">
         <name>.data:ulReg</name>
         <load_address>0x200193d4</load_address>
         <run_address>0x200193d4</run_address>
[...]
      <symbol id="sm-1156">
         <name>osi_SyncObjClear</name>
         <value>0x2000916b</value>
         <object_component_ref idref="oc-194"/>
      </symbol>
      <symbol id="sm-1157">
         <name>VStartSimpleLinkSpawnTask</name>
         <value>0x200092d5</value>
         <object_component_ref idref="oc-194"/>
      </symbol>
      <symbol id="sm-1158">
         <name>osi_MsgQWrite</name>
         <value>0x200093af</value>
         <object_component_ref idref="oc-194"/>
      </symbol>
      <symbol id="sm-1159">
         <name>osi_Sleep</name>
         <value>0x20009479</value>
         <object_component_ref idref="oc-194"/>
      </symbol>
      <symbol id="sm-115a">
         <name>osi_SyncObjDelete</name>
         <value>0x200090c5</value>
         <object_component_ref idref="oc-194"/>
      </symbol>
      <symbol id="sm-115b">
         <name>osi_TaskDisable</name>
         <value>0x20009489</value>
         <object_component_ref idref="oc-194"/>
      </symbol>
      <symbol id="sm-115c">
         <name>osi_Spawn</name>
         <value>0x20009267</value>
         <object_component_ref idref="oc-194"/>
      </symbol>
      <symbol id="sm-115d">
         <name>mem_Free</name>
         <value>0x20009429</value>
         <object_component_ref idref="oc-194"/>
      </symbol>
      <symbol id="sm-115e">
         <name>osi_ContextSave</name>
         <value>0x2000949d</value>
         <object_component_ref idref="oc-194"/>
      </symbol>
      <symbol id="sm-115f">
         <name>xSimpleLinkSpawnQueue</name>
         <value>0x20019414</value>
         <object_component_ref idref="oc-37c"/>
      </symbol>
      <symbol id="sm-1160">
         <name>xSimpleLinkSpawnTaskHndl</name>
         <value>0x20019418</value>
         <object_component_ref idref="oc-37c"/>
      </symbol>
      <symbol id="sm-1188">
         <name>vPortSetupTimerInterrupt</name>
         <value>0x2000c181</value>
         <object_component_ref idref="oc-38"/>
      </symbol>
      <symbol id="sm-1189">
         <name>vPortEndScheduler</name>
         <value>0x2000c121</value>
         <object_component_ref idref="oc-38"/>
      </symbol>
      <symbol id="sm-118a">
         <name>vPortYield</name>
         <value>0x2000c123</value>
         <object_component_ref idref="oc-38"/>
      </symbol>
      <symbol id="sm-118b">
         <name>xPortSysTickHandler</name>
         <value>0x2000c165</value>
         <object_component_ref idref="oc-38"/>
      </symbol>
      <symbol id="sm-118c">
         <name>pxPortInitialiseStack</name>
         <value>0x2000c0a5</value>
         <object_component_ref idref="oc-38"/>
      </symbol>
      <symbol id="sm-118d">
         <name>vPortExitCritical</name>
         <value>0x2000c14d</value>
         <object_component_ref idref="oc-38"/>
      </symbol>
      <symbol id="sm-118e">
         <name>xPortStartScheduler</name>
         <value>0x2000c0f5</value>
         <object_component_ref idref="oc-38"/>
      </symbol>
      <symbol id="sm-118f">
         <name>vPortEnterCritical</name>
         <value>0x2000c135</value>
         <object_component_ref idref="oc-38"/>
      </symbol>
      <symbol id="sm-11a0">
         <name>portCLZ</name>
         <value>0x2000cf95</value>
         <object_component_ref idref="oc-33"/>
      </symbol>
      <symbol id="sm-11a1">
         <name>xPortPendSVHandler</name>
         <value>0x2000cf09</value>
         <object_component_ref idref="oc-33"/>
      </symbol>
      <symbol id="sm-11a2">
         <name>vPortClearInterruptMask</name>
         <value>0x2000cefb</value>
         <object_component_ref idref="oc-33"/>
      </symbol>
      <symbol id="sm-11a3">
         <name>ulPortSetInterruptMask</name>
         <value>0x2000cee5</value>
         <object_component_ref idref="oc-33"/>
      </symbol>
      <symbol id="sm-11a4">
         <name>prvPortStartFirstTask</name>
         <value>0x2000cf7d</value>
         <object_component_ref idref="oc-33"/>
      </symbol>
      <symbol id="sm-11a5">
         <name>vPortSVCHandler</name>
         <value>0x2000cf55</value>
         <object_component_ref idref="oc-33"/>
      </symbol>
      <symbol id="sm-1259">
         <name>xQueuePeekFromISR</name>
         <value>0x20007cb5</value>
         <object_component_ref idref="oc-376"/>
      </symbol>
      <symbol id="sm-125a">
         <name>xQueueIsQueueEmptyFromISR</name>
         <value>0x20007f3b</value>
         <object_component_ref idref="oc-376"/>
      </symbol>
      <symbol id="sm-125b">
         <name>xQueueGenericSendFromISR</name>
         <value>0x20007a5f</value>
         <object_component_ref idref="oc-376"/>
      </symbol>
      <symbol id="sm-125c">
         <name>uxQueueMessagesWaiting</name>
         <value>0x20007cf9</value>
         <object_component_ref idref="oc-376"/>
      </symbol>
      <symbol id="sm-125d">
         <name>vQueueAddToRegistry</name>
         <value>0x20007f9f</value>
         <object_component_ref idref="oc-376"/>
      </symbol>
      <symbol id="sm-125e">
         <name>xQueueIsQueueFullFromISR</name>
         <value>0x20007f7d</value>
         <object_component_ref idref="oc-376"/>
      </symbol>
      <symbol id="sm-125f">
         <name>xQueueSelectFromSet</name>
         <value>0x200080a5</value>
         <object_component_ref idref="oc-376"/>
      </symbol>
      <symbol id="sm-1260">
         <name>xQueueGenericCreate</name>
         <value>0x20007695</value>
         <object_component_ref idref="oc-376"/>
      </symbol>
      <symbol id="sm-1261">
         <name>xQueueSelectFromSetFromISR</name>
         <value>0x200080bf</value>
         <object_component_ref idref="oc-376"/>
      </symbol>
      <symbol id="sm-1262">
         <name>xQueueCreateMutex</name>
         <value>0x2000770b</value>
         <object_component_ref idref="oc-376"/>
      </symbol>
      <symbol id="sm-1263">
         <name>vQueueSetQueueNumber</name>
         <value>0x20007d73</value>
         <object_component_ref idref="oc-376"/>
      </symbol>
      <symbol id="sm-1264">
         <name>xQueueGenericSend</name>
         <value>0x200077a9</value>
         <object_component_ref idref="oc-376"/>
      </symbol>
      <symbol id="sm-1265">
         <name>xQueueGenericReset</name>
         <value>0x20007605</value>
         <object_component_ref idref="oc-376"/>
      </symbol>
      <symbol id="sm-1266">
         <name>xQueueReceiveFromISR</name>
         <value>0x20007c3d</value>
         <object_component_ref idref="oc-376"/>
      </symbol>
      <symbol id="sm-1267">
         <name>uxQueueSpacesAvailable</name>
         <value>0x20007d0f</value>
         <object_component_ref idref="oc-376"/>
      </symbol>
      <symbol id="sm-1268">
         <name>xQueueRegistry</name>
         <value>0x20019290</value>
         <object_component_ref idref="oc-5d6"/>
      </symbol>
      <symbol id="sm-1269">
         <name>vQueueUnregisterQueue</name>
         <value>0x20007fe1</value>
         <object_component_ref idref="oc-376"/>
      </symbol>
      <symbol id="sm-126a">
         <name>xQueueAltGenericReceive</name>
         <value>0x20007961</value>
         <object_component_ref idref="oc-376"/>
      </symbol>
      <symbol id="sm-126b">
         <name>uxQueueMessagesWaitingFromISR</name>
         <value>0x20007d2f</value>
         <object_component_ref idref="oc-376"/>
      </symbol>
      <symbol id="sm-126c">
         <name>uxQueueGetQueueNumber</name>
         <value>0x20007d65</value>
         <object_component_ref idref="oc-376"/>
      </symbol>
      <symbol id="sm-126d">
         <name>xQueueGenericReceive</name>
         <value>0x20007afb</value>
         <object_component_ref idref="oc-376"/>
      </symbol>
      <symbol id="sm-126e">
         <name>xQueueCreateCountingSemaphore</name>
         <value>0x20007789</value>
         <object_component_ref idref="oc-376"/>
      </symbol>
      <symbol id="sm-126f">
         <name>vQueueDelete</name>
         <value>0x20007d41</value>
         <object_component_ref idref="oc-376"/>
      </symbol>
      <symbol id="sm-1270">
         <name>xQueueAddToSet</name>
         <value>0x2000802f</value>
         <object_component_ref idref="oc-376"/>
      </symbol>
      <symbol id="sm-1271">
         <name>xQueueAltGenericSend</name>
         <value>0x200078b5</value>
         <object_component_ref idref="oc-376"/>
      </symbol>
      <symbol id="sm-1272">
         <name>xQueueCreateSet</name>
         <value>0x2000801b</value>
         <object_component_ref idref="oc-376"/>
      </symbol>
      <symbol id="sm-1273">
         <name>xQueueRemoveFromSet</name>
         <value>0x20008063</value>
         <object_component_ref idref="oc-376"/>
      </symbol>
      <symbol id="sm-1274">
         <name>ucQueueGetQueueType</name>
         <value>0x20007d85</value>
         <object_component_ref idref="oc-376"/>
      </symbol>
      <symbol id="sm-13e7">
         <name>vTaskDelay</name>
         <value>0x2000463b</value>
         <object_component_ref idref="oc-8d"/>
      </symbol>
      <symbol id="sm-13e8">
         <name>vTaskSuspendAll</name>
         <value>0x20004a9f</value>
         <object_component_ref idref="oc-8d"/>
      </symbol>
      <symbol id="sm-13e9">
         <name>vTaskPriorityInherit</name>
         <value>0x200054e1</value>
         <object_component_ref idref="oc-8d"/>
      </symbol>
      <symbol id="sm-13ea">
         <name>vTaskPlaceOnEventList</name>
         <value>0x20004e55</value>
         <object_component_ref idref="oc-8d"/>
      </symbol>
      <symbol id="sm-13eb">
         <name>vTaskSetTaskNumber</name>
         <value>0x200050ed</value>
         <object_component_ref idref="oc-8d"/>
      </symbol>
      <symbol id="sm-13ec">
         <name>xTaskCheckForTimeOut</name>
         <value>0x20005045</value>
         <object_component_ref idref="oc-8d"/>
      </symbol>
      <symbol id="sm-13ed">
         <name>xTaskRemoveFromUnorderedEventList</name>
         <value>0x20004fb1</value>
         <object_component_ref idref="oc-8d"/>
      </symbol>
      <symbol id="sm-13ee">
         <name>vTaskPrioritySet</name>
         <value>0x2000475d</value>
         <object_component_ref idref="oc-8d"/>
      </symbol>
      <symbol id="sm-13ef">
         <name>vTaskStartScheduler</name>
         <value>0x20004a43</value>
         <object_component_ref idref="oc-8d"/>
      </symbol>
      <symbol id="sm-13f0">
         <name>pcTaskGetTaskName</name>
         <value>0x20004bb5</value>
         <object_component_ref idref="oc-8d"/>
      </symbol>
      <symbol id="sm-13f1">
         <name>vTaskPriorityDisinherit</name>
         <value>0x2000559b</value>
         <object_component_ref idref="oc-8d"/>
      </symbol>
      <symbol id="sm-13f2">
         <name>vTaskDelayUntil</name>
         <value>0x2000459f</value>
         <object_component_ref idref="oc-8d"/>
      </symbol>
      <symbol id="sm-13f3">
         <name>uxTaskGetTaskNumber</name>
         <value>0x200050cd</value>
         <object_component_ref idref="oc-8d"/>
      </symbol>
      <symbol id="sm-13f4">
         <name>vTaskEndScheduler</name>
         <value>0x20004a8d</value>
         <object_component_ref idref="oc-8d"/>
      </symbol>
      <symbol id="sm-13f5">
         <name>vTaskMissedYield</name>
         <value>0x200050bf</value>
         <object_component_ref idref="oc-8d"/>
      </symbol>
      <symbol id="sm-13f6">
         <name>uxTaskGetNumberOfTasks</name>
         <value>0x20004ba9</value>
         <object_component_ref idref="oc-8d"/>
      </symbol>
      <symbol id="sm-13f7">
         <name>uxTaskPriorityGet</name>
         <value>0x20004725</value>
         <object_component_ref idref="oc-8d"/>
      </symbol>
      <symbol id="sm-13f8">
         <name>xTaskResumeAll</name>
         <value>0x20004ab1</value>
         <object_component_ref idref="oc-8d"/>
      </symbol>
      <symbol id="sm-13f9">
         <name>xTaskGetTickCount</name>
         <value>0x20004b7d</value>
         <object_component_ref idref="oc-8d"/>
      </symbol>
      <symbol id="sm-13fa">
         <name>xTaskGenericCreate</name>
         <value>0x20004401</value>
         <object_component_ref idref="oc-8d"/>
      </symbol>
      <symbol id="sm-13fb">
         <name>uxTaskGetSystemState</name>
         <value>0x20004bd9</value>
         <object_component_ref idref="oc-8d"/>
      </symbol>
      <symbol id="sm-13fc">
         <name>vTaskDelete</name>
         <value>0x2000450f</value>
         <object_component_ref idref="oc-8d"/>
      </symbol>
      <symbol id="sm-13fd">
         <name>pxCurrentTCB</name>
         <value>0x2001938c</value>
         <object_component_ref idref="oc-93"/>
      </symbol>
      <symbol id="sm-13fe">
         <name>eTaskGetState</name>
         <value>0x20004691</value>
         <object_component_ref idref="oc-8d"/>
      </symbol>
      <symbol id="sm-13ff">
         <name>vTaskSuspend</name>
         <value>0x20004861</value>
         <object_component_ref idref="oc-8d"/>
      </symbol>
      <symbol id="sm-1400">
         <name>xTaskGetIdleTaskHandle</name>
         <value>0x20004c97</value>
         <object_component_ref idref="oc-8d"/>
      </symbol>
      <symbol id="sm-1401">
         <name>xTaskGetTickCountFromISR</name>
         <value>0x20004b91</value>
         <object_component_ref idref="oc-8d"/>
      </symbol>
      <symbol id="sm-1402">
         <name>vTaskResume</name>
         <value>0x20004955</value>
         <object_component_ref idref="oc-8d"/>
      </symbol>
      <symbol id="sm-1403">
         <name>vTaskSetTimeOutState</name>
         <value>0x2000501f</value>
         <object_component_ref idref="oc-8d"/>
      </symbol>
      <symbol id="sm-1404">
         <name>xTaskIncrementTick</name>
         <value>0x20004cb1</value>
         <object_component_ref idref="oc-8d"/>
      </symbol>
      <symbol id="sm-1405">
         <name>vTaskSwitchContext</name>
         <value>0x20004dd5</value>
         <object_component_ref idref="oc-8d"/>
      </symbol>
      <symbol id="sm-1406">
         <name>uxTaskResetEventItemValue</name>
         <value>0x20005625</value>
         <object_component_ref idref="oc-8d"/>
      </symbol>
      <symbol id="sm-1407">
         <name>xTaskGetSchedulerState</name>
         <value>0x200054a9</value>
         <object_component_ref idref="oc-8d"/>
      </symbol>
      <symbol id="sm-1408">
         <name>xTaskResumeFromISR</name>
         <value>0x200049c9</value>
         <object_component_ref idref="oc-8d"/>
      </symbol>
      <symbol id="sm-1409">
         <name>xTaskGetCurrentTaskHandle</name>
         <value>0x20005495</value>
         <object_component_ref idref="oc-8d"/>
      </symbol>
      <symbol id="sm-140a">
         <name>vTaskPlaceOnUnorderedEventList</name>
         <value>0x20004eb9</value>
         <object_component_ref idref="oc-8d"/>
      </symbol>
      <symbol id="sm-140b">
         <name>xTaskRemoveFromEventList</name>
         <value>0x20004f2d</value>
         <object_component_ref idref="oc-8d"/>
      </symbol>
      <symbol id="sm-141b">
         <name>pvPortMalloc</name>
         <value>0x2000edf9</value>
         <object_component_ref idref="oc-ff"/>
      </symbol>
      <symbol id="sm-141c">
         <name>vPortFree</name>
         <value>0x2000ee19</value>
         <object_component_ref idref="oc-ff"/>
      </symbol>
      <symbol id="sm-1432">
         <name>uxListRemove</name>
         <value>0x2000be23</value>
         <object_component_ref idref="oc-ef"/>
      </symbol>
      <symbol id="sm-1433">
         <name>vListInsert</name>
         <value>0x2000bdbd</value>
         <object_component_ref idref="oc-ef"/>
      </symbol>
      <symbol id="sm-1434">
         <name>vListInitialiseItem</name>
         <value>0x2000bd71</value>
         <object_component_ref idref="oc-ef"/>
      </symbol>
      <symbol id="sm-1435">
         <name>vListInsertEnd</name>
         <value>0x2000bd81</value>
         <object_component_ref idref="oc-ef"/>
      </symbol>
      <symbol id="sm-1436">
         <name>vListInitialise</name>
         <value>0x2000bd41</value>
         <object_component_ref idref="oc-ef"/>
      </symbol>
      <symbol id="sm-14d2">
         <name>SPIFIFODisable</name>
         <value>0x2000f445</value>
         <object_component_ref idref="oc-540"/>
      </symbol>
      <symbol id="sm-14d3">
         <name>SPICSEnable</name>
         <value>0x2000f4a9</value>
         <object_component_ref idref="oc-712"/>
      </symbol>
      <symbol id="sm-14d4">
         <name>SPIDisable</name>
         <value>0x2000f4c1</value>
         <object_component_ref idref="oc-552"/>
      </symbol>
      <symbol id="sm-14d5">
         <name>SPIFIFOEnable</name>
         <value>0x2000f45f</value>
         <object_component_ref idref="oc-58d"/>
      </symbol>
      <symbol id="sm-14d6">
         <name>SPIWordCountSet</name>
         <value>0x2000f231</value>
         <object_component_ref idref="oc-718"/>
      </symbol>
      <symbol id="sm-14d7">
         <name>SPIEnable</name>
         <value>0x2000f4d9</value>
         <object_component_ref idref="oc-5a5"/>
      </symbol>
      <symbol id="sm-14d8">
         <name>SPIDmaEnable</name>
         <value>0x2000f42b</value>
         <object_component_ref idref="oc-593"/>
      </symbol>
      <symbol id="sm-14d9">
         <name>SPIConfigSetExpClk</name>
         <value>0x2000d2fd</value>
         <object_component_ref idref="oc-57b"/>
      </symbol>
      <symbol id="sm-14da">
         <name>SPIFIFOLevelSet</name>
         <value>0x2000eed5</value>
         <object_component_ref idref="oc-599"/>
      </symbol>
      <symbol id="sm-14db">
         <name>SPIDmaDisable</name>
         <value>0x2000f411</value>
         <object_component_ref idref="oc-546"/>
      </symbol>
      <symbol id="sm-14dc">
         <name>SPIReset</name>
         <value>0x2000f20f</value>
         <object_component_ref idref="oc-558"/>
      </symbol>
      <symbol id="sm-14dd">
         <name>SPIIntEnable</name>
         <value>0x2000e7a5</value>
         <object_component_ref idref="oc-59f"/>
      </symbol>
      <symbol id="sm-14de">
         <name>SPIIntClear</name>
         <value>0x2000e921</value>
         <object_component_ref idref="oc-6d0"/>
      </symbol>
      <symbol id="sm-14df">
         <name>SPICSDisable</name>
         <value>0x2000f491</value>
         <object_component_ref idref="oc-54c"/>
      </symbol>
      <symbol id="sm-1536">
         <name>uDMAChannelControlSet</name>
         <value>0x2000ed85</value>
         <object_component_ref idref="oc-7ab"/>
      </symbol>
      <symbol id="sm-1537">
         <name>uDMAChannelAttributeEnable</name>
         <value>0x2000e441</value>
         <object_component_ref idref="oc-7b1"/>
      </symbol>
      <symbol id="sm-1538">
         <name>uDMAChannelTransferSet</name>
         <value>0x2000c4b1</value>
         <object_component_ref idref="oc-7b7"/>
      </symbol>
      <symbol id="sm-1539">
         <name>uDMAChannelAssign</name>
         <value>0x2000e8d5</value>
         <object_component_ref idref="oc-6b6"/>
      </symbol>
      <symbol id="sm-153a">
         <name>uDMAChannelAttributeDisable</name>
         <value>0x2000e3dd</value>
         <object_component_ref idref="oc-6bc"/>
      </symbol>
      <symbol id="sm-153b">
         <name>uDMAChannelEnable</name>
         <value>0x2000f3c1</value>
         <object_component_ref idref="oc-7bd"/>
      </symbol>
      <symbol id="sm-153c">
         <name>__TI_static_base__</name>
         <value>0x2000fcc0</value>
      </symbol>
      <symbol id="sm-153f">
         <name>SHT$$INIT_ARRAY$$Limit</name>
         <value>0x0</value>
      </symbol>
      <symbol id="sm-1540">
         <name>SHT$$INIT_ARRAY$$Base</name>
         <value>0x0</value>
      </symbol>
   </symbol_table>
   <title>Link successful</title>
</link_info>
