******************************************************************************
                  TI ARM Linker PC v15.12.1                    
******************************************************************************
>> Linked Sun Jun 28 00:50:43 2020

OUTPUT FILE NAME:   <blinky.out>
ENTRY POINT SYMBOL: "_c_int00"  address: 20004f81


MEMORY CONFIGURATION

         name            origin    length      used     unused   attr    fill
----------------------  --------  ---------  --------  --------  ----  --------
  SRAM_CODE             20004000   00019000  000014fa  00017b06  RW X
  SRAM_DATA             2001d000   00023000  0000083b  000227c5  RW X


SEGMENT ALLOCATION MAP

run origin  load origin   length   init length attrs members
----------  ----------- ---------- ----------- ----- -------
20004000    20004000    000014fc   000014fc    r-x
  20004000    20004000    00000400   00000400    r-- .intvecs
  20004400    20004400    00000e12   00000e12    r-x .text
  20005214    20005214    00000294   00000294    r-- .const
  200054a8    200054a8    00000054   00000054    r-- .cinit
2001d000    2001d000    0000003b   00000000    rw-
  2001d000    2001d000    00000038   00000000    rw- .data
  2001d038    2001d038    00000003   00000000    rw- .bss
2003f800    2003f800    00000800   00000000    rw-
  2003f800    2003f800    00000800   00000000    rw- .stack


SECTION ALLOCATION MAP

 output                                  attributes/
section   page    origin      length       input sections
--------  ----  ----------  ----------   ----------------
.intvecs   0    20004000    00000400     
                  20004000    00000400     startup_ccs.obj (.intvecs)

.init_array 
*          0    20004000    00000000     UNINITIALIZED

.text      0    20004400    00000e12     
                  20004400    0000039c     gpio_if.obj (.text)
                  2000479c    00000178     driverlib.a : prcm.obj (.text:PRCMCC3200MCUInit)
                  20004914    000000a8                 : interrupt.obj (.text:IntEnable)
                  200049bc    000000a8     main.obj (.text)
                  20004a64    0000009c     rtsv7M4_T_le_eabi.lib : memcpy_t2.obj (.text)
                  20004b00    00000088     driverlib.a : pin.obj (.text:PinConfigSet)
                  20004b88    00000082                 : gpio.obj (.text:GPIOIntTypeSet)
                  20004c0a    0000007a     rtsv7M4_T_le_eabi.lib : memset_t2.obj (.text)
                  20004c84    00000070                           : autoinit.obj (.text)
                  20004cf4    0000006a                           : copy_decompress_rle.obj (.text)
                  20004d5e    00000002                           : mpu_init.obj (.text)
                  20004d60    00000058     driverlib.a : prcm.obj (.text:PRCMPeripheralReset)
                  20004db8    00000054                 : interrupt.obj (.text:IntPrioritySet)
                  20004e0c    00000054     rtsv7M4_T_le_eabi.lib : exit.obj (.text)
                  20004e60    0000004c     pinmux.obj (.text)
                  20004eac    0000004c     rtsv7M4_T_le_eabi.lib : cpy_tbl.obj (.text)
                  20004ef8    00000048     driverlib.a : gpio.obj (.text:GPIOGetIntNumber)
                  20004f40    00000040                 : pin.obj (.text:PinModeSet)
                  20004f80    00000040     rtsv7M4_T_le_eabi.lib : boot.obj (.text)
                  20004fc0    0000003c     driverlib.a : prcm.obj (.text:PRCMPeripheralClkEnable)
                  20004ffc    00000036                 : gpio.obj (.text:GPIODirModeSet)
                  20005032    00000030                 : pin.obj (.text:PinTypeGPIO)
                  20005062    00000002     rtsv7M4_T_le_eabi.lib : startup.obj (.text)
                  20005064    0000002c     driverlib.a : prcm.obj (.text:PRCMSysResetCauseGet)
                  20005090    00000028                 : prcm.obj (.text:PRCMPeripheralClkDisable)
                  200050b8    00000020                 : gpio.obj (.text:GPIOPinWrite)
                  200050d8    00000020                 : interrupt.obj (.text:IntRegister)
                  200050f8    0000001e                 : gpio.obj (.text:GPIOIntRegister)
                  20005116    0000001a                 : gpio.obj (.text:GPIOIntEnable)
                  20005130    00000018                 : gpio.obj (.text:GPIOPinRead)
                  20005148    00000018     rtsv7M4_T_le_eabi.lib : args_main.obj (.text)
                  20005160    00000016     driverlib.a : prcm.obj (.text:PRCMHIBRegRead)
                  20005176    00000016                 : prcm.obj (.text:PRCMHIBRegWrite)
                  2000518c    00000014                 : cpu.obj (.text:CPUcpsie)
                  200051a0    00000014                 : gpio.obj (.text:GPIOIntClear)
                  200051b4    00000014                 : interrupt.obj (.text:IntVTableBaseSet)
                  200051c8    00000014     rtsv7M4_T_le_eabi.lib : _lock.obj (.text)
                  200051dc    0000000e                           : copy_decompress_none.obj (.text:decompress:none)
                  200051ea    0000000e     startup_ccs.obj (.text)
                  200051f8    0000000a     driverlib.a : interrupt.obj (.text:IntMasterEnable)
                  20005202    00000006                 : utils.obj (.text:UtilsDelay)
                  20005208    00000006     rtsv7M4_T_le_eabi.lib : copy_decompress_rle.obj (.text:decompress:rle24)
                  2000520e    00000004                           : pre_init.obj (.text)

.const     0    20005214    00000294     
                  20005214    00000100     driverlib.a : pin.obj (.const:g_ulPinToPadMap)
                  20005314    000000d4                 : interrupt.obj (.const:g_pulRegs)
                  200053e8    000000a8                 : prcm.obj (.const:PRCM_PeriphRegsList)
                  20005490    00000018                 : interrupt.obj (.const:g_pulEnRegs)

.cinit     0    200054a8    00000054     
                  200054a8    0000002c     (.cinit..data.load) [load image, compression = rle]
                  200054d4    00000004     --HOLE-- [fill = 0]
                  200054d8    00000009     (.cinit..bss.load) [load image, compression = rle]
                  200054e1    00000003     --HOLE-- [fill = 0]
                  200054e4    00000008     (__TI_handler_table)
                  200054ec    00000010     (__TI_cinit_table)

.data      0    2001d000    00000038     UNINITIALIZED
                  2001d000    00000014     gpio_if.obj (.data:ulReg)
                  2001d014    0000000c     rtsv7M4_T_le_eabi.lib : exit.obj (.data:$O1$$)
                  2001d020    0000000c     gpio_if.obj (.data)
                  2001d02c    00000008     rtsv7M4_T_le_eabi.lib : _lock.obj (.data:$O1$$)
                  2001d034    00000004                           : stkdepth_vars.obj (.data)

.bss       0    2001d038    00000003     UNINITIALIZED
                  2001d038    00000001     (.common:g_ucLED1Pin)
                  2001d039    00000001     (.common:g_ucLED2Pin)
                  2001d03a    00000001     (.common:g_ucLED3Pin)

.stack     0    2003f800    00000800     UNINITIALIZED
                  2003f800    00000800     --HOLE--

MODULE SUMMARY

       Module                     code   ro data   rw data
       ------                     ----   -------   -------
    .\
       startup_ccs.obj            14     1024      0      
       gpio_if.obj                924    0         35     
       main.obj                   168    0         0      
       pinmux.obj                 76     0         0      
    +--+--------------------------+------+---------+---------+
       Total:                     1182   1024      35     
                                                          
    D:/ti/CC3200SDK_1.2.0/cc3200-sdk/driverlib/ccs/Release/driverlib.a
       prcm.obj                   652    168       0      
       interrupt.obj              314    236       0      
       pin.obj                    248    256       0      
       gpio.obj                   388    0         0      
       cpu.obj                    20     0         0      
       utils.obj                  6      0         0      
    +--+--------------------------+------+---------+---------+
       Total:                     1628   660       0      
                                                          
    D:\ti\ccsv6\tools\compiler\ti-cgt-arm_15.12.1.LTS\lib\rtsv7M4_T_le_eabi.lib
       memcpy_t2.obj              156    0         0      
       memset_t2.obj              122    0         0      
       autoinit.obj               112    0         0      
       copy_decompress_rle.obj    112    0         0      
       exit.obj                   84     0         12     
       cpy_tbl.obj                76     0         0      
       boot.obj                   64     0         0      
       _lock.obj                  20     0         8      
       args_main.obj              24     0         0      
       copy_decompress_none.obj   14     0         0      
       pre_init.obj               4      0         0      
       stkdepth_vars.obj          0      0         4      
       mpu_init.obj               2      0         0      
       startup.obj                2      0         0      
    +--+--------------------------+------+---------+---------+
       Total:                     792    0         24     
                                                          
       Stack:                     0      0         2048   
       Linker Generated:          0      77        0      
    +--+--------------------------+------+---------+---------+
       Grand Total:               3602   1761      2107   


LINKER GENERATED COPY TABLES

__TI_cinit_table @ 200054ec records: 2, size/record: 8, table size: 16
	.data: load addr=200054a8, load size=0000002c bytes, run addr=2001d000, run size=00000038 bytes, compression=rle
	.bss: load addr=200054d8, load size=00000009 bytes, run addr=2001d038, run size=00000003 bytes, compression=rle


LINKER GENERATED HANDLER TABLE

__TI_handler_table @ 200054e4 records: 2, size/record: 4, table size: 8
	index: 0, handler: __TI_decompress_rle24
	index: 1, handler: __TI_decompress_none


GLOBAL SYMBOLS: SORTED ALPHABETICALLY BY Name 

address   name                           
-------   ----                           
20004e0d  C$$EXIT                        
2000518d  CPUcpsie                       
20004ffd  GPIODirModeSet                 
200051a1  GPIOIntClear                   
20005117  GPIOIntEnable                  
200050f9  GPIOIntRegister                
20004b89  GPIOIntTypeSet                 
20005131  GPIOPinRead                    
200050b9  GPIOPinWrite                   
200046c1  GPIO_IF_ConfigureNIntEnable    
2000474d  GPIO_IF_Get                    
2000467b  GPIO_IF_GetPortNPin            
2000443d  GPIO_IF_LedConfigure           
2000452f  GPIO_IF_LedOff                 
2000447b  GPIO_IF_LedOn                  
200045e3  GPIO_IF_LedStatus              
2000464d  GPIO_IF_LedToggle              
20004709  GPIO_IF_Set                    
20004915  IntEnable                      
200051f9  IntMasterEnable                
20004db9  IntPrioritySet                 
200050d9  IntRegister                    
200051b5  IntVTableBaseSet               
200049bd  LEDBlinkyRoutine               
2000479d  PRCMCC3200MCUInit              
20005161  PRCMHIBRegRead                 
20005177  PRCMHIBRegWrite                
20005091  PRCMPeripheralClkDisable       
20004fc1  PRCMPeripheralClkEnable        
20004d61  PRCMPeripheralReset            
20005065  PRCMSysResetCauseGet           
20004b01  PinConfigSet                   
20004f41  PinModeSet                     
20004e61  PinMuxConfig                   
20005033  PinTypeGPIO                    
200051eb  ResetISR                       
UNDEFED   SHT$$INIT_ARRAY$$Base          
UNDEFED   SHT$$INIT_ARRAY$$Limit         
20005203  UtilsDelay                     
20040000  __STACK_END                    
00000800  __STACK_SIZE                   
200054ec  __TI_CINIT_Base                
200054fc  __TI_CINIT_Limit               
200054e4  __TI_Handler_Table_Base        
200054ec  __TI_Handler_Table_Limit       
20004c85  __TI_auto_init                 
2001d014  __TI_cleanup_ptr               
200051dd  __TI_decompress_none           
20005209  __TI_decompress_rle24          
2001d018  __TI_dtors_ptr                 
2001d01c  __TI_enable_exit_profile_output
ffffffff  __TI_pprof_out_hndl            
ffffffff  __TI_prof_data_size            
ffffffff  __TI_prof_data_start           
200054a8  __TI_static_base__             
20004c0b  __aeabi_memclr                 
20004c0b  __aeabi_memclr4                
20004c0b  __aeabi_memclr8                
20004a65  __aeabi_memcpy                 
20004a65  __aeabi_memcpy4                
20004a65  __aeabi_memcpy8                
20004c0d  __aeabi_memset                 
20004c0d  __aeabi_memset4                
20004c0d  __aeabi_memset8                
ffffffff  __binit__                      
ffffffff  __c_args__                     
20004d5f  __mpu_init                     
2003f800  __stack                        
20005149  _args_main                     
20004f81  _c_int00                       
2001d02c  _lock                          
200051d7  _nop                           
200051cf  _register_lock                 
200051c9  _register_unlock               
20005063  _system_post_cinit             
2000520f  _system_pre_init               
2001d030  _unlock                        
20004e11  abort                          
ffffffff  binit                          
20004ead  copy_in                        
20004e19  exit                           
20004000  g_pfnVectors                   
2001d038  g_ucLED1Pin                    
2001d039  g_ucLED2Pin                    
2001d03a  g_ucLED3Pin                    
2001d020  g_uiLED1Port                   
2001d024  g_uiLED2Port                   
2001d028  g_uiLED3Port                   
20004a3f  main                           
2001d034  main_func_sp                   
20004a65  memcpy                         
20004c13  memset                         


GLOBAL SYMBOLS: SORTED BY Symbol Address 

address   name                           
-------   ----                           
00000800  __STACK_SIZE                   
20004000  g_pfnVectors                   
2000443d  GPIO_IF_LedConfigure           
2000447b  GPIO_IF_LedOn                  
2000452f  GPIO_IF_LedOff                 
200045e3  GPIO_IF_LedStatus              
2000464d  GPIO_IF_LedToggle              
2000467b  GPIO_IF_GetPortNPin            
200046c1  GPIO_IF_ConfigureNIntEnable    
20004709  GPIO_IF_Set                    
2000474d  GPIO_IF_Get                    
2000479d  PRCMCC3200MCUInit              
20004915  IntEnable                      
200049bd  LEDBlinkyRoutine               
20004a3f  main                           
20004a65  __aeabi_memcpy                 
20004a65  __aeabi_memcpy4                
20004a65  __aeabi_memcpy8                
20004a65  memcpy                         
20004b01  PinConfigSet                   
20004b89  GPIOIntTypeSet                 
20004c0b  __aeabi_memclr                 
20004c0b  __aeabi_memclr4                
20004c0b  __aeabi_memclr8                
20004c0d  __aeabi_memset                 
20004c0d  __aeabi_memset4                
20004c0d  __aeabi_memset8                
20004c13  memset                         
20004c85  __TI_auto_init                 
20004d5f  __mpu_init                     
20004d61  PRCMPeripheralReset            
20004db9  IntPrioritySet                 
20004e0d  C$$EXIT                        
20004e11  abort                          
20004e19  exit                           
20004e61  PinMuxConfig                   
20004ead  copy_in                        
20004f41  PinModeSet                     
20004f81  _c_int00                       
20004fc1  PRCMPeripheralClkEnable        
20004ffd  GPIODirModeSet                 
20005033  PinTypeGPIO                    
20005063  _system_post_cinit             
20005065  PRCMSysResetCauseGet           
20005091  PRCMPeripheralClkDisable       
200050b9  GPIOPinWrite                   
200050d9  IntRegister                    
200050f9  GPIOIntRegister                
20005117  GPIOIntEnable                  
20005131  GPIOPinRead                    
20005149  _args_main                     
20005161  PRCMHIBRegRead                 
20005177  PRCMHIBRegWrite                
2000518d  CPUcpsie                       
200051a1  GPIOIntClear                   
200051b5  IntVTableBaseSet               
200051c9  _register_unlock               
200051cf  _register_lock                 
200051d7  _nop                           
200051dd  __TI_decompress_none           
200051eb  ResetISR                       
200051f9  IntMasterEnable                
20005203  UtilsDelay                     
20005209  __TI_decompress_rle24          
2000520f  _system_pre_init               
200054a8  __TI_static_base__             
200054e4  __TI_Handler_Table_Base        
200054ec  __TI_CINIT_Base                
200054ec  __TI_Handler_Table_Limit       
200054fc  __TI_CINIT_Limit               
2001d014  __TI_cleanup_ptr               
2001d018  __TI_dtors_ptr                 
2001d01c  __TI_enable_exit_profile_output
2001d020  g_uiLED1Port                   
2001d024  g_uiLED2Port                   
2001d028  g_uiLED3Port                   
2001d02c  _lock                          
2001d030  _unlock                        
2001d034  main_func_sp                   
2001d038  g_ucLED1Pin                    
2001d039  g_ucLED2Pin                    
2001d03a  g_ucLED3Pin                    
2003f800  __stack                        
20040000  __STACK_END                    
ffffffff  __TI_pprof_out_hndl            
ffffffff  __TI_prof_data_size            
ffffffff  __TI_prof_data_start           
ffffffff  __binit__                      
ffffffff  __c_args__                     
ffffffff  binit                          
UNDEFED   SHT$$INIT_ARRAY$$Base          
UNDEFED   SHT$$INIT_ARRAY$$Limit         

[92 symbols]
